<html>
<body>
<pre>
<h1>µVision Build Log</h1>
<h2>Tool Versions:</h2>
IDE-Version: £gVision V5.28.0.0
Copyright (C) 2019 ARM Ltd and ARM Germany GmbH. All rights reserved.
License Information: Z GR, NFU, LIC=1WSBS-LGXYK-ZCUJY-IK7NR-VYYSC-DRVJ7
 
Tool Versions:
Toolchain:       MDK-ARM Professional  Version: 5.28.0.0
Toolchain Path:  C:\Keil_v5\ARM\ARMCC\Bin
C Compiler:      Armcc.exe V5.06 update 6 (build 750)
Assembler:       Armasm.exe V5.06 update 6 (build 750)
Linker/Locator:  ArmLink.exe V5.06 update 6 (build 750)
Library Manager: ArmAr.exe V5.06 update 6 (build 750)
Hex Converter:   FromElf.exe V5.06 update 6 (build 750)
CPU DLL:         SARMCM3.DLL V5.28.0.0
Dialog DLL:      DARMCM1.DLL V1.19.2.0
Target DLL:      NULink\Nu_Link.dll V3.00
Dialog DLL:      TARMCM1.DLL V1.14.1.0
 
<h2>Project:</h2>
D:\Project\ARM\Nano103\project\PT_on_RTOS-git\KEIL\PT_on_RTOS.uvprojx
Project File Date:  02/14/2020

<h2>Output:</h2>
*** Using Compiler 'V5.06 update 6 (build 750)', folder: 'C:\Keil_v5\ARM\ARMCC\Bin'
Rebuild target 'Project'
assembling startup_Nano103.s...
compiling system_Nano103.c...
compiling acmp.c...
compiling rtos_task.c...
compiling adc.c...
compiling main.c...
compiling clk.c...
compiling crc.c...
compiling gpio.c...
compiling i2c.c...
compiling fmc.c...
compiling pdma.c...
compiling retarget.c...
compiling pwm.c...
compiling rtc.c...
compiling sc.c...
compiling scuart.c...
compiling sys.c...
compiling spi.c...
compiling timer.c...
compiling wdt.c...
compiling uart.c...
compiling FIFO.c...
compiling CJ_OV528.c...
compiling wwdt.c...
compiling Flash.c...
compiling IRQ.c...
compiling nrf24l01.c...
compiling user_lib.c...
compiling W25QXX.c...
compiling croutine.c...
compiling list.c...
compiling event_groups.c...
compiling stream_buffer.c...
compiling queue.c...
compiling timers.c...
compiling port.c...
compiling tasks.c...
compiling heap_4.c...
linking...
Program Size: Code=11356 RO-data=344 RW-data=236 ZI-data=8764  
FromELF: creating hex file...
".\Objects\PT_on_RTOS.axf" - 0 Error(s), 0 Warning(s).

<h2>Software Packages used:</h2>

Package Vendor: Nuvoton
                http://www.nuvoton.com/hq/enu/Documents/KEILSoftwarePack/Nuvoton.NuMicro_DFP.1.3.4.pack
                Nuvoton.NuMicro_DFP.1.3.4
                Nuvoton ARM Cortex-M NuMicro Family Device Support

<h2>Collection of Component include folders:</h2>
  .\RTE\_Project
  C:\Users\ZGR\AppData\Local\Arm\Packs\Nuvoton\NuMicro_DFP\1.3.4\Device\NANO103\Include

<h2>Collection of Component Files used:</h2>
Build Time Elapsed:  00:00:04
</pre>
</body>
</html>
