Component: ARM Compiler 5.06 update 6 (build 750) Tool: armlink [4d35ed]

==============================================================================

Section Cross References

    cj_ov528.o(i.OV528_GetPacket) refers to fifo.o(i.FIFO_Rst) for FIFO_Rst
    cj_ov528.o(i.OV528_GetPacket) refers to fifo.o(i.FIFO_WaitData) for FIFO_WaitData
    cj_ov528.o(i.OV528_GetPacket) refers to fifo.o(i.FIFO_ReadData) for FIFO_ReadData
    cj_ov528.o(i.OV528_GetPictue) refers to fifo.o(i.FIFO_Rst) for FIFO_Rst
    cj_ov528.o(i.OV528_GetPictue) refers to fifo.o(i.FIFO_CmdCheck) for FIFO_CmdCheck
    cj_ov528.o(i.OV528_GetPictue) refers to fifo.o(i.FIFO_ReadData) for FIFO_ReadData
    cj_ov528.o(i.OV528_GetPictue) refers to aeabi_sdiv.o(.text) for __aeabi_uidivmod
    cj_ov528.o(i.OV528_Init) refers to fifo.o(i.FIFO_Rst) for FIFO_Rst
    cj_ov528.o(i.OV528_Init) refers to fifo.o(i.FIFO_CmdCheck) for FIFO_CmdCheck
    cj_ov528.o(i.OV528_New) refers to vmemalloc.o(i.vMemAlloc) for vMemAlloc
    cj_ov528.o(i.OV528_New) refers to fifo.o(i.FIFO_New) for FIFO_New
    cj_ov528.o(i.OV528_PowerDown) refers to fifo.o(i.FIFO_Rst) for FIFO_Rst
    cj_ov528.o(i.OV528_PowerDown) refers to fifo.o(i.FIFO_CmdCheck) for FIFO_CmdCheck
    cj_ov528.o(i.OV528_SNYC) refers to fifo.o(i.FIFO_Rst) for FIFO_Rst
    cj_ov528.o(i.OV528_SNYC) refers to fifo.o(i.FIFO_CmdCheck) for FIFO_CmdCheck
    cj_ov528.o(i.OV528_SetBaudRate) refers to aeabi_sdiv.o(.text) for __aeabi_uidivmod
    cj_ov528.o(i.OV528_SetBaudRate) refers to fifo.o(i.FIFO_Rst) for FIFO_Rst
    cj_ov528.o(i.OV528_SetBaudRate) refers to fifo.o(i.FIFO_CmdCheck) for FIFO_CmdCheck
    cj_ov528.o(i.OV528_SetPacketSize) refers to fifo.o(i.FIFO_Rst) for FIFO_Rst
    cj_ov528.o(i.OV528_SetPacketSize) refers to fifo.o(i.FIFO_CmdCheck) for FIFO_CmdCheck
    cj_ov528.o(i.OV528_Snapshout) refers to fifo.o(i.FIFO_Rst) for FIFO_Rst
    cj_ov528.o(i.OV528_Snapshout) refers to fifo.o(i.FIFO_CmdCheck) for FIFO_CmdCheck
    fifo.o(i.FIFO_CmdCheck) refers to fifo.o(i.FIFO_ReadData) for FIFO_ReadData
    fifo.o(i.FIFO_CmdCheck) refers to fifo.o(.data) for .data
    fifo.o(i.FIFO_CntTImeTrigger) refers to fifo.o(.data) for .data
    fifo.o(i.FIFO_New) refers to vmemalloc.o(i.vMemAlloc) for vMemAlloc
    fifo.o(i.FIFO_New) refers to noretval__2printf.o(.text) for __2printf
    fifo.o(i.FIFO_ReadData) refers to aeabi_sdiv.o(.text) for __aeabi_uidivmod
    fifo.o(i.FIFO_WaitData) refers to fifo.o(.data) for .data
    nrf_p2p.o(i.nrfP2p_InitNrf) refers to nrf24l01.o(i.NRF_Nop) for NRF_Nop
    nrf_p2p.o(i.nrfP2p_InitNrf) refers to nrf24l01.o(i.NRF_WriteRegByte) for NRF_WriteRegByte
    nrf_p2p.o(i.nrfP2p_NewChannel) refers to vmemalloc.o(i.vMemAlloc) for vMemAlloc
    nrf_p2p.o(i.nrfP2p_NewChannel) refers to nrf24l01.o(i.NRF_ReadRegByte) for NRF_ReadRegByte
    nrf_p2p.o(i.nrfP2p_NewChannel) refers to nrf24l01.o(i.NRF_WriteRegByte) for NRF_WriteRegByte
    nrf_p2p.o(i.nrfP2p_NewChannel) refers to rt_memcpy.o(.text) for __aeabi_memcpy
    nrf_p2p.o(i.nrfP2p_NewChannel) refers to nrf24l01.o(i.NRF_WriteRegArray) for NRF_WriteRegArray
    nrf_p2p.o(i.nrfP2p_ReceivePacket) refers to nrf24l01.o(i.NRF_Rx) for NRF_Rx
    nrf_p2p.o(i.nrfP2p_ReceivePacket) refers to nrf24l01.o(i.NRF_WriteRegByte) for NRF_WriteRegByte
    nrf_p2p.o(i.nrfP2p_SendPacket) refers to nrf24l01.o(i.NRF_WriteRegArray) for NRF_WriteRegArray
    nrf_p2p.o(i.nrfP2p_SendPacket) refers to nrf24l01.o(i.NRF_Tx) for NRF_Tx
    nrf_p2p.o(i.nrfP2p_SendPacket) refers to project.o(i.DelayUs) for DelayUs
    nrf_p2p.o(i.nrfP2p_SendPacket) refers to nrf24l01.o(i.NRF_WriteRegByte) for NRF_WriteRegByte
    nrf_p2p.o(i.nrfP2p_SendPacket) refers to nrf24l01.o(i.NRF_FlushTx) for NRF_FlushTx
    nrf24l01.o(i.NRF_New) refers to vmemalloc.o(i.vMemAlloc) for vMemAlloc
    nrf24l01.o(i.NRF_PowerDown) refers to nrf24l01.o(i.NRF_ReadRegByte) for NRF_ReadRegByte
    nrf24l01.o(i.NRF_PowerDown) refers to nrf24l01.o(i.NRF_WriteRegByte) for NRF_WriteRegByte
    nrf24l01.o(i.NRF_PowerOn) refers to nrf24l01.o(i.NRF_ReadRegByte) for NRF_ReadRegByte
    nrf24l01.o(i.NRF_PowerOn) refers to nrf24l01.o(i.NRF_WriteRegByte) for NRF_WriteRegByte
    nrf24l01.o(i.NRF_RstIrq) refers to nrf24l01.o(i.NRF_ReadRegByte) for NRF_ReadRegByte
    nrf24l01.o(i.NRF_RstIrq) refers to nrf24l01.o(i.NRF_WriteRegByte) for NRF_WriteRegByte
    nrf24l01.o(i.NRF_RxMode) refers to nrf24l01.o(i.NRF_ReadRegByte) for NRF_ReadRegByte
    nrf24l01.o(i.NRF_RxMode) refers to nrf24l01.o(i.NRF_WriteRegByte) for NRF_WriteRegByte
    nrf24l01.o(i.NRF_TxMode) refers to nrf24l01.o(i.NRF_ReadRegByte) for NRF_ReadRegByte
    nrf24l01.o(i.NRF_TxMode) refers to nrf24l01.o(i.NRF_WriteRegByte) for NRF_WriteRegByte
    vmemalloc.o(i.vMemAlloc) refers to vmemalloc.o(i.vMemInit) for vMemInit
    vmemalloc.o(i.vMemAlloc) refers to vmemalloc.o(.data) for .data
    vmemalloc.o(i.vMemFree) refers to vmemalloc.o(.data) for .data
[...]
    defsig_abrt_inner.o(.text) refers to defsig_general.o(.text) for __default_signal_display
    defsig_rtred_inner.o(.text) refers to defsig_general.o(.text) for __default_signal_display
    defsig_rtmem_inner.o(.text) refers to defsig_general.o(.text) for __default_signal_display
    defsig_stak_inner.o(.text) refers to defsig_general.o(.text) for __default_signal_display
    defsig_pvfn_inner.o(.text) refers to defsig_general.o(.text) for __default_signal_display
    defsig_cppl_inner.o(.text) refers to defsig_general.o(.text) for __default_signal_display
    defsig_segv_inner.o(.text) refers to defsig_general.o(.text) for __default_signal_display
    defsig_other.o(.text) refers to defsig_general.o(.text) for __default_signal_display


==============================================================================

Removing Unused input sections from the image.

    Removing cj_ov528.o(i.OV528_GetPacket), (244 bytes).
    Removing cj_ov528.o(i.OV528_GetPictue), (208 bytes).
    Removing cj_ov528.o(i.OV528_Init), (128 bytes).
    Removing cj_ov528.o(i.OV528_New), (42 bytes).
    Removing cj_ov528.o(i.OV528_PowerDown), (108 bytes).
    Removing cj_ov528.o(i.OV528_SNYC), (112 bytes).
    Removing cj_ov528.o(i.OV528_SetBaudRate), (160 bytes).
    Removing cj_ov528.o(i.OV528_SetPacketSize), (120 bytes).
    Removing cj_ov528.o(i.OV528_Snapshout), (128 bytes).
    Removing fifo.o(i.FIFO_ByteIn), (48 bytes).
    Removing fifo.o(i.FIFO_ByteOut), (46 bytes).
    Removing fifo.o(i.FIFO_CmdCheck), (164 bytes).
    Removing fifo.o(i.FIFO_CntTImeTrigger), (32 bytes).
    Removing fifo.o(i.FIFO_IsEmpty), (14 bytes).
    Removing fifo.o(i.FIFO_New), (84 bytes).
    Removing fifo.o(i.FIFO_ReadData), (22 bytes).
    Removing fifo.o(i.FIFO_Rst), (10 bytes).
    Removing fifo.o(i.FIFO_WaitData), (48 bytes).
    Removing fifo.o(.data), (4 bytes).
    Removing nrf_p2p.o(.rev16_text), (4 bytes).
    Removing nrf_p2p.o(.revsh_text), (4 bytes).
    Removing nrf_p2p.o(i.nrfP2p_ReceivePacket), (62 bytes).
    Removing nrf24l01.o(i.NRF_PowerDown), (26 bytes).
    Removing nrf24l01.o(i.NRF_PowerOn), (26 bytes).
    Removing nrf24l01.o(i.NRF_ReuseTx), (26 bytes).
    Removing nrf24l01.o(i.NRF_RstIrq), (26 bytes).
    Removing nrf24l01.o(i.NRF_Rx), (48 bytes).
    Removing nrf24l01.o(i.NRF_RxMode), (36 bytes).
    Removing vmemalloc.o(i.vMemFree), (108 bytes).
    Removing vmemalloc.o(i.vMemInfoPrint), (800 bytes).
    Removing vmemalloc.o(i.vMemSizeOf), (6 bytes).
    Removing w25qxx.o(i.W25QXX_EraseBlock), (54 bytes).
    Removing w25qxx.o(i.W25QXX_EraseFullChip), (30 bytes).
    Removing w25qxx.o(i.W25QXX_EraseHalfBlock), (54 bytes).
    Removing w25qxx.o(i.W25QXX_EraseSector), (54 bytes).
    Removing w25qxx.o(i.W25QXX_EraseSecurityRegisters), (54 bytes).
    Removing w25qxx.o(i.W25QXX_FastReadByte), (76 bytes).
    Removing w25qxx.o(i.W25QXX_New), (34 bytes).
    Removing w25qxx.o(i.W25QXX_PowerDown), (20 bytes).
    Removing w25qxx.o(i.W25QXX_ProgramPage), (78 bytes).
    Removing w25qxx.o(i.W25QXX_ReadByte), (72 bytes).
    Removing w25qxx.o(i.W25QXX_ReadJedecId), (38 bytes).
    Removing w25qxx.o(i.W25QXX_ReadSecurityRegisters), (76 bytes).
    Removing w25qxx.o(i.W25QXX_ReadSfdp), (62 bytes).
    Removing w25qxx.o(i.W25QXX_ReadStatusRegister1), (28 bytes).
    Removing w25qxx.o(i.W25QXX_ReadStatusRegister2), (28 bytes).
    Removing w25qxx.o(i.W25QXX_ReadStatusRegister3), (28 bytes).
    Removing w25qxx.o(i.W25QXX_ReadUniqID), (52 bytes).
    Removing w25qxx.o(i.W25QXX_Resume), (20 bytes).
    Removing w25qxx.o(i.W25QXX_SorftWareReset), (34 bytes).
    Removing w25qxx.o(i.W25QXX_StructInit), (48 bytes).
    Removing w25qxx.o(i.W25QXX_Suspend), (20 bytes).
    Removing w25qxx.o(i.W25QXX_VolatileSRWriteEnable), (20 bytes).
    Removing w25qxx.o(i.W25QXX_WaitBusy), (34 bytes).
    Removing w25qxx.o(i.W25QXX_WakeUp), (44 bytes).
    Removing w25qxx.o(i.W25QXX_WpsGlobalBlockLock), (24 bytes).
    Removing w25qxx.o(i.W25QXX_WpsGlobalBlockUnLock), (24 bytes).
    Removing w25qxx.o(i.W25QXX_WpsIndividualLock), (48 bytes).
    Removing w25qxx.o(i.W25QXX_WpsIndividualUnLock), (48 bytes).
    Removing w25qxx.o(i.W25QXX_WpsReadLock), (56 bytes).
    Removing w25qxx.o(i.W25QXX_WriteAlignmentSectors), (2 bytes).
    Removing w25qxx.o(i.W25QXX_WriteDisable), (20 bytes).
    Removing w25qxx.o(i.W25QXX_WriteEnable), (20 bytes).
    Removing w25qxx.o(i.W25QXX_WriteSecurityRegisters), (78 bytes).
    Removing w25qxx.o(i.W25QXX_WriteStatusRegister1), (40 bytes).
    Removing w25qxx.o(i.W25QXX_WriteStatusRegister2), (40 bytes).
    Removing w25qxx.o(i.W25QXX_WriteStatusRegister3), (40 bytes).
    Removing irq.o(.rev16_text), (4 bytes).
    Removing irq.o(.revsh_text), (4 bytes).
    Removing main.o(.rev16_text), (4 bytes).
    Removing main.o(.revsh_text), (4 bytes).
    Removing portable.o(.rev16_text), (4 bytes).
    Removing portable.o(.revsh_text), (4 bytes).
    Removing portable.o(i.CameraDelay), (14 bytes).
    Removing portable.o(i.SPI3_DSS), (16 bytes).
    Removing portable.o(i.SPI3_Dummy), (24 bytes).
    Removing portable.o(i.SPI3_ReadByte), (28 bytes).
    Removing portable.o(i.SPI3_SS), (20 bytes).
    Removing portable.o(i.SPI3_WriteByte), (32 bytes).
    Removing portable.o(i.UART1_Read), (40 bytes).
    Removing portable.o(i.UART1_Write), (20 bytes).
    Removing portable.o(.data), (20 bytes).
    Removing portable.o(.data), (8 bytes).
    Removing project.o(.rev16_text), (4 bytes).
    Removing project.o(.revsh_text), (4 bytes).
    Removing project.o(i.CameraSetup), (152 bytes).
    Removing project.o(.data), (4 bytes).
    Removing system_nano103.o(.rev16_text), (4 bytes).
    Removing system_nano103.o(.revsh_text), (4 bytes).
    Removing clk.o(.rev16_text), (4 bytes).
    Removing clk.o(.revsh_text), (4 bytes).
    Removing clk.o(i.CLK_DisableCKO), (16 bytes).
    Removing clk.o(i.CLK_DisableModuleClock), (28 bytes).
    Removing clk.o(i.CLK_DisablePLL), (16 bytes).
    Removing clk.o(i.CLK_DisableSysTick), (12 bytes).
    Removing clk.o(i.CLK_DisableXtalRC), (16 bytes).
    Removing clk.o(i.CLK_EnableCKO), (40 bytes).
    Removing clk.o(i.CLK_EnablePLL), (228 bytes).
    Removing clk.o(i.CLK_EnableSysTick), (44 bytes).
    Removing clk.o(i.CLK_Idle), (20 bytes).
    Removing clk.o(i.CLK_PowerDown), (28 bytes).
    Removing clk.o(i.CLK_SetCoreClock), (72 bytes).
    Removing clk.o(i.CLK_SetPCLK0), (20 bytes).
    Removing clk.o(i.CLK_SetPCLK1), (20 bytes).
    Removing gpio.o(.rev16_text), (4 bytes).
    Removing gpio.o(.revsh_text), (4 bytes).
    Removing gpio.o(i.GPIO_DisableInt), (28 bytes).
    Removing retarget.o(.rev16_text), (4 bytes).
    Removing retarget.o(.revsh_text), (4 bytes).
    Removing retarget.o(i.GetChar), (20 bytes).
    Removing retarget.o(i.IsDebugFifoEmpty), (16 bytes).
    Removing retarget.o(i.SendChar), (8 bytes).
    Removing retarget.o(i._ttywrch), (8 bytes).
    Removing retarget.o(i.fgetc), (8 bytes).
    Removing retarget.o(i.kbhit), (16 bytes).
    Removing retarget.o(.data), (4 bytes).
    Removing rtc.o(.rev16_text), (4 bytes).
    Removing rtc.o(.revsh_text), (4 bytes).
    Removing rtc.o(i.RTC_32KCalibration), (48 bytes).
    Removing rtc.o(i.RTC_Close), (16 bytes).
    Removing rtc.o(i.RTC_DisableInt), (68 bytes).
    Removing rtc.o(i.RTC_DisableTamperDetection), (24 bytes).
    Removing rtc.o(i.RTC_EnableInt), (24 bytes).
    Removing rtc.o(i.RTC_EnableTamperDetection), (44 bytes).
    Removing rtc.o(i.RTC_GetAlarmDateAndTime), (240 bytes).
    Removing rtc.o(i.RTC_GetDateAndTime), (240 bytes).
    Removing rtc.o(i.RTC_GetDayOfWeek), (16 bytes).
    Removing rtc.o(i.RTC_SetAlarmDate), (96 bytes).
    Removing rtc.o(i.RTC_SetAlarmDateAndTime), (184 bytes).
    Removing rtc.o(i.RTC_SetAlarmTime), (136 bytes).
    Removing rtc.o(i.RTC_SetDate), (108 bytes).
    Removing rtc.o(i.RTC_SetDateAndTime), (184 bytes).
    Removing rtc.o(i.RTC_SetTime), (136 bytes).
    Removing sys.o(.rev16_text), (4 bytes).
    Removing sys.o(.revsh_text), (4 bytes).
    Removing sys.o(i.SYS_ClearResetSrc), (12 bytes).
    Removing sys.o(i.SYS_DisableBOD), (16 bytes).
    Removing sys.o(i.SYS_DisableHIRC0Trim), (12 bytes).
    Removing sys.o(i.SYS_DisableHIRC1Trim), (12 bytes).
    Removing sys.o(i.SYS_DisableLPBOD), (20 bytes).
    Removing sys.o(i.SYS_DisableMIRCTrim), (12 bytes).
    Removing sys.o(i.SYS_EnableBOD), (24 bytes).
    Removing sys.o(i.SYS_EnableHIRC0Trim), (32 bytes).
    Removing sys.o(i.SYS_EnableHIRC1Trim), (32 bytes).
    Removing sys.o(i.SYS_EnableLPBOD), (28 bytes).
    Removing sys.o(i.SYS_EnableMIRCTrim), (32 bytes).
    Removing sys.o(i.SYS_GetBODStatus), (16 bytes).
    Removing sys.o(i.SYS_GetResetSrc), (8 bytes).
    Removing sys.o(i.SYS_IsRegLocked), (16 bytes).
    Removing sys.o(i.SYS_ReadPDID), (8 bytes).
    Removing sys.o(i.SYS_ResetCPU), (14 bytes).
    Removing sys.o(i.SYS_ResetChip), (14 bytes).
    Removing sys.o(i.SYS_ResetModule), (26 bytes).
    Removing spi.o(.rev16_text), (4 bytes).
    Removing spi.o(.revsh_text), (4 bytes).
    Removing spi.o(i.SPI_ClearRxFIFO), (10 bytes).
    Removing spi.o(i.SPI_ClearTxFIFO), (10 bytes).
    Removing spi.o(i.SPI_Close), (128 bytes).
    Removing spi.o(i.SPI_DisableAutoSS), (10 bytes).
    Removing spi.o(i.SPI_DisableFIFO), (12 bytes).
    Removing spi.o(i.SPI_DisableInt), (78 bytes).
    Removing spi.o(i.SPI_DisableWakeup), (10 bytes).
    Removing spi.o(i.SPI_EnableAutoSS), (18 bytes).
    Removing spi.o(i.SPI_EnableFIFO), (36 bytes).
    Removing spi.o(i.SPI_EnableInt), (78 bytes).
    Removing spi.o(i.SPI_EnableWakeup), (12 bytes).
    Removing spi.o(i.SPI_GetBusClock), (108 bytes).
    Removing timer.o(.rev16_text), (4 bytes).
    Removing timer.o(.revsh_text), (4 bytes).
    Removing timer.o(i.TIMER_Close), (8 bytes).
    Removing timer.o(i.TIMER_Delay), (132 bytes).
    Removing timer.o(i.TIMER_DisableCapture), (12 bytes).
    Removing timer.o(i.TIMER_DisableEventCounter), (12 bytes).
    Removing timer.o(i.TIMER_DisableFreqCounter), (12 bytes).
    Removing timer.o(i.TIMER_EnableCapture), (24 bytes).
    Removing timer.o(i.TIMER_EnableEventCounter), (22 bytes).
    Removing timer.o(i.TIMER_EnableFreqCounter), (80 bytes).
    Removing timer.o(i.TIMER_ResetCounter), (6 bytes).
    Removing timer.o(i.TIMER_SetTriggerSource), (14 bytes).
    Removing timer.o(i.TIMER_SetTriggerTarget), (16 bytes).
    Removing uart.o(.rev16_text), (4 bytes).
    Removing uart.o(.revsh_text), (4 bytes).
    Removing uart.o(i.UART_Close), (6 bytes).
    Removing uart.o(i.UART_DisableFlowCtrl), (10 bytes).
    Removing uart.o(i.UART_DisableInt), (8 bytes).
    Removing uart.o(i.UART_EnableFlowCtrl), (24 bytes).
    Removing uart.o(i.UART_Read), (44 bytes).
    Removing uart.o(i.UART_SelectIrDAMode), (70 bytes).
    Removing uart.o(i.UART_SelectLINMode), (34 bytes).
    Removing uart.o(i.UART_SelectRS485Mode), (20 bytes).
    Removing uart.o(i.UART_SetLine_Config), (80 bytes).
    Removing uart.o(i.UART_Write), (44 bytes).
    Removing timer.o(i.__ARM_common_ll_muluu), (48 bytes).

193 unused section(s) (total 8676 bytes) removed from the image.

==============================================================================

Image Symbol Table

    Local Symbols

    Symbol Name                              Value     Ov Type        Size  Object(Section)

    RESET                                    0x00000000   Section      192  startup_nano103.o(RESET)
    ../clib/angel/boardlib.s                 0x00000000   Number         0  boardinit3.o ABSOLUTE
    ../clib/angel/boardlib.s                 0x00000000   Number         0  boardinit2.o ABSOLUTE
    ../clib/angel/boardlib.s                 0x00000000   Number         0  boardshut.o ABSOLUTE
    ../clib/angel/boardlib.s                 0x00000000   Number         0  boardinit1.o ABSOLUTE
    ../clib/angel/handlers.s                 0x00000000   Number         0  __scatter_copy.o ABSOLUTE
    ../clib/angel/handlers.s                 0x00000000   Number         0  __scatter_zi.o ABSOLUTE
    ../clib/angel/kernel.s                   0x00000000   Number         0  rtexit.o ABSOLUTE
    ../clib/angel/kernel.s                   0x00000000   Number         0  __rtentry2.o ABSOLUTE
    ../clib/angel/kernel.s                   0x00000000   Number         0  __rtentry4.o ABSOLUTE
    ../clib/angel/kernel.s                   0x00000000   Number         0  __rtentry.o ABSOLUTE
    ../clib/angel/kernel.s                   0x00000000   Number         0  rtexit2.o ABSOLUTE
    ../clib/angel/rt.s                       0x00000000   Number         0  rt_locale.o ABSOLUTE
    ../clib/angel/rt.s                       0x00000000   Number         0  rt_raise.o ABSOLUTE
    ../clib/angel/rt.s                       0x00000000   Number         0  aeabi_ldiv0.o ABSOLUTE
    ../clib/angel/rt.s                       0x00000000   Number         0  rt_div0.o ABSOLUTE
    ../clib/angel/rt.s                       0x00000000   Number         0  aeabi_idiv0.o ABSOLUTE
    ../clib/angel/rt.s                       0x00000000   Number         0  aeabi_idiv0_sigfpe.o ABSOLUTE
    ../clib/angel/rt.s                       0x00000000   Number         0  aeabi_ldiv0_sigfpe.o ABSOLUTE
    ../clib/angel/rt.s                       0x00000000   Number         0  rt_locale_intlibspace.o ABSOLUTE
    ../clib/angel/scatterp.s                 0x00000000   Number         0  __scatter.o ABSOLUTE
    ../clib/angel/startup.s                  0x00000000   Number         0  __main.o ABSOLUTE
    ../clib/angel/sys.s                      0x00000000   Number         0  indicate_semi.o ABSOLUTE
    ../clib/angel/sys.s                      0x00000000   Number         0  libspace.o ABSOLUTE
    ../clib/angel/sys.s                      0x00000000   Number         0  sys_stackheap_outer.o ABSOLUTE
    ../clib/angel/sys.s                      0x00000000   Number         0  tempstk.o ABSOLUTE
    ../clib/angel/sys.s                      0x00000000   Number         0  use_no_semi.o ABSOLUTE
    ../clib/angel/sysapp.c                   0x00000000   Number         0  sys_exit.o ABSOLUTE
    ../clib/angel/sysapp.c                   0x00000000   Number         0  sys_command.o ABSOLUTE
    ../clib/armsys.c                         0x00000000   Number         0  no_argv.o ABSOLUTE
    ../clib/armsys.c                         0x00000000   Number         0  _get_argv_nomalloc.o ABSOLUTE
    ../clib/armsys.c                         0x00000000   Number         0  argv_veneer.o ABSOLUTE
    ../clib/bigflt.c                         0x00000000   Number         0  bigflt0.o ABSOLUTE
    ../clib/btod.c                           0x00000000   Number         0  btod.o ABSOLUTE
    ../clib/division.c                       0x00000000   Number         0  llsdiv.o ABSOLUTE
    ../clib/division.c                       0x00000000   Number         0  rtudiv10.o ABSOLUTE
    ../clib/division.c                       0x00000000   Number         0  lludiv10.o ABSOLUTE
    ../clib/division.c                       0x00000000   Number         0  lludiv.o ABSOLUTE
    ../clib/division.s                       0x00000000   Number         0  aeabi_sdiv_div0.o ABSOLUTE
    ../clib/division.s                       0x00000000   Number         0  aeabi_sdiv.o ABSOLUTE
    ../clib/heapalloc.c                      0x00000000   Number         0  hrguard.o ABSOLUTE
    ../clib/heapaux.c                        0x00000000   Number         0  heapauxi.o ABSOLUTE
    ../clib/libinit.s                        0x00000000   Number         0  libshutdown2.o ABSOLUTE
    ../clib/libinit.s                        0x00000000   Number         0  libinit.o ABSOLUTE
    ../clib/libinit.s                        0x00000000   Number         0  libinit2.o ABSOLUTE
    ../clib/libinit.s                        0x00000000   Number         0  libshutdown.o ABSOLUTE
    ../clib/locale.s                         0x00000000   Number         0  lc_numeric_c.o ABSOLUTE
    ../clib/memcpset.c                       0x00000000   Number         0  rt_memcpy.o ABSOLUTE
    ../clib/memcpset.c                       0x00000000   Number         0  rt_memcpy.o ABSOLUTE
    ../clib/misc.s                           0x00000000   Number         0  printf_stubs.o ABSOLUTE
    ../clib/printf.c                         0x00000000   Number         0  __printf_flags_ss_wp.o ABSOLUTE
    ../clib/printf.c                         0x00000000   Number         0  _printf_hex_int_ll_ptr.o ABSOLUTE
    ../clib/printf.c                         0x00000000   Number         0  __2printf.o ABSOLUTE
    ../clib/printf.c                         0x00000000   Number         0  __printf.o ABSOLUTE
    ../clib/printf.c                         0x00000000   Number         0  _printf_pad.o ABSOLUTE
    ../clib/printf.c                         0x00000000   Number         0  __printf_ss_wp.o ABSOLUTE
    ../clib/printf.c                         0x00000000   Number         0  __printf_nopercent.o ABSOLUTE
    ../clib/printf.c                         0x00000000   Number         0  _printf_str.o ABSOLUTE
    ../clib/printf.c                         0x00000000   Number         0  _printf_dec.o ABSOLUTE
    ../clib/printf.c                         0x00000000   Number         0  __printf_flags_wp.o ABSOLUTE
    ../clib/printf.c                         0x00000000   Number         0  _printf_hex_ll.o ABSOLUTE
    ../clib/printf.c                         0x00000000   Number         0  _printf_hex_int.o ABSOLUTE
    ../clib/printf.c                         0x00000000   Number         0  __printf_wp.o ABSOLUTE
    ../clib/printf.c                         0x00000000   Number         0  __printf_flags_ss.o ABSOLUTE
    ../clib/printf.c                         0x00000000   Number         0  __printf_ss.o ABSOLUTE
    ../clib/printf.c                         0x00000000   Number         0  __printf_flags.o ABSOLUTE
    ../clib/printf.c                         0x00000000   Number         0  _printf_hex_int_ll.o ABSOLUTE
    ../clib/printf.c                         0x00000000   Number         0  _printf_hex_ptr.o ABSOLUTE
    ../clib/printf.c                         0x00000000   Number         0  _printf_hex_int_ptr.o ABSOLUTE
    ../clib/printf.c                         0x00000000   Number         0  _printf_hex_ll_ptr.o ABSOLUTE
    ../clib/printf.c                         0x00000000   Number         0  noretval__2printf.o ABSOLUTE
    ../clib/printf.c                         0x00000000   Number         0  _printf_fp_infnan.o ABSOLUTE
    ../clib/printf.c                         0x00000000   Number         0  _printf_char_common.o ABSOLUTE
    ../clib/printf.c                         0x00000000   Number         0  _printf_char_file.o ABSOLUTE
    ../clib/printf.c                         0x00000000   Number         0  _printf_char.o ABSOLUTE
    ../clib/printf.c                         0x00000000   Number         0  _printf_fp_dec.o ABSOLUTE
    ../clib/printf.c                         0x00000000   Number         0  _printf_intcommon.o ABSOLUTE
    ../clib/printf_percent.s                 0x00000000   Number         0  _printf_f.o ABSOLUTE
    ../clib/printf_percent.s                 0x00000000   Number         0  _printf_d.o ABSOLUTE
    ../clib/printf_percent.s                 0x00000000   Number         0  _printf_percent.o ABSOLUTE
    ../clib/printf_percent.s                 0x00000000   Number         0  _printf_percent_end.o ABSOLUTE
    ../clib/printf_percent.s                 0x00000000   Number         0  _printf_c.o ABSOLUTE
    ../clib/printf_percent.s                 0x00000000   Number         0  _printf_x.o ABSOLUTE
    ../clib/signal.c                         0x00000000   Number         0  defsig_rtmem_outer.o ABSOLUTE
    ../clib/signal.c                         0x00000000   Number         0  defsig_rtmem_inner.o ABSOLUTE
    ../clib/signal.c                         0x00000000   Number         0  defsig_general.o ABSOLUTE
    ../clib/signal.c                         0x00000000   Number         0  defsig_abrt_inner.o ABSOLUTE
    ../clib/signal.c                         0x00000000   Number         0  defsig_fpe_inner.o ABSOLUTE
    ../clib/signal.c                         0x00000000   Number         0  defsig_other.o ABSOLUTE
    ../clib/signal.c                         0x00000000   Number         0  __raise.o ABSOLUTE
    ../clib/signal.c                         0x00000000   Number         0  defsig_rtmem_formal.o ABSOLUTE
    ../clib/signal.c                         0x00000000   Number         0  defsig_segv_inner.o ABSOLUTE
    ../clib/signal.c                         0x00000000   Number         0  defsig_exit.o ABSOLUTE
    ../clib/signal.c                         0x00000000   Number         0  defsig_cppl_inner.o ABSOLUTE
    ../clib/signal.c                         0x00000000   Number         0  defsig_pvfn_inner.o ABSOLUTE
    ../clib/signal.c                         0x00000000   Number         0  defsig_stak_inner.o ABSOLUTE
    ../clib/signal.c                         0x00000000   Number         0  defsig_rtred_inner.o ABSOLUTE
    ../clib/signal.c                         0x00000000   Number         0  defsig_fpe_formal.o ABSOLUTE
    ../clib/signal.c                         0x00000000   Number         0  defsig_fpe_outer.o ABSOLUTE
    ../clib/signal.s                         0x00000000   Number         0  defsig.o ABSOLUTE
    ../clib/stdlib.c                         0x00000000   Number         0  exit.o ABSOLUTE
    ../clib/string.c                         0x00000000   Number         0  strcmp.o ABSOLUTE
    ../fplib/cfplib/f2d.c                    0x00000000   Number         0  f2d.o ABSOLUTE
    ../fplib/cfplib/fdiv.c                   0x00000000   Number         0  fdiv.o ABSOLUTE
    ../fplib/cfplib/fflt.c                   0x00000000   Number         0  fflti.o ABSOLUTE
    ../fplib/cfplib/fpinit.c                 0x00000000   Number         0  fpinit.o ABSOLUTE
    ../fplib/cfplib/ieee_status.c            0x00000000   Number         0  ieee_status.o ABSOLUTE
    ../fplib/fmul6m.s                        0x00000000   Number         0  fmul.o ABSOLUTE
    ../fplib/printf1.s                       0x00000000   Number         0  printf1.o ABSOLUTE
    ../fplib/usenofp.s                       0x00000000   Number         0  usenofp.o ABSOLUTE
    ../mathlib/fpclassify.c                  0x00000000   Number         0  fpclassify.o ABSOLUTE
    ..\Source\irq.c                          0x00000000   Number         0  irq.o ABSOLUTE
    ..\Source\main.c                         0x00000000   Number         0  main.o ABSOLUTE
    ..\Source\portable.c                     0x00000000   Number         0  portable.o ABSOLUTE
    ..\Source\project.c                      0x00000000   Number         0  project.o ABSOLUTE
    ..\\Source\\irq.c                        0x00000000   Number         0  irq.o ABSOLUTE
    ..\\Source\\main.c                       0x00000000   Number         0  main.o ABSOLUTE
    ..\\Source\\portable.c                   0x00000000   Number         0  portable.o ABSOLUTE
    ..\\Source\\project.c                    0x00000000   Number         0  project.o ABSOLUTE
    ..\\libraries\\Official\\Device\\Nuvoton\\Nano103\\Source\\system_Nano103.c 0x00000000   Number         0  system_nano103.o ABSOLUTE
    ..\\libraries\\Official\\StdDriver\\src\\clk.c 0x00000000   Number         0  clk.o ABSOLUTE
    ..\\libraries\\Official\\StdDriver\\src\\gpio.c 0x00000000   Number         0  gpio.o ABSOLUTE
    ..\\libraries\\Official\\StdDriver\\src\\retarget.c 0x00000000   Number         0  retarget.o ABSOLUTE
    ..\\libraries\\Official\\StdDriver\\src\\rtc.c 0x00000000   Number         0  rtc.o ABSOLUTE
    ..\\libraries\\Official\\StdDriver\\src\\spi.c 0x00000000   Number         0  spi.o ABSOLUTE
    ..\\libraries\\Official\\StdDriver\\src\\sys.c 0x00000000   Number         0  sys.o ABSOLUTE
    ..\\libraries\\Official\\StdDriver\\src\\timer.c 0x00000000   Number         0  timer.o ABSOLUTE
    ..\\libraries\\Official\\StdDriver\\src\\uart.c 0x00000000   Number         0  uart.o ABSOLUTE
    ..\\libraries\\User\\src\\NRF_P2P.c      0x00000000   Number         0  nrf_p2p.o ABSOLUTE
    ..\libraries\Official\Device\Nuvoton\Nano103\Source\ARM\startup_Nano103.s 0x00000000   Number         0  startup_nano103.o ABSOLUTE
    ..\libraries\Official\Device\Nuvoton\Nano103\Source\system_Nano103.c 0x00000000   Number         0  system_nano103.o ABSOLUTE
    ..\libraries\Official\StdDriver\src\clk.c 0x00000000   Number         0  clk.o ABSOLUTE
    ..\libraries\Official\StdDriver\src\gpio.c 0x00000000   Number         0  gpio.o ABSOLUTE
    ..\libraries\Official\StdDriver\src\retarget.c 0x00000000   Number         0  retarget.o ABSOLUTE
    ..\libraries\Official\StdDriver\src\rtc.c 0x00000000   Number         0  rtc.o ABSOLUTE
    ..\libraries\Official\StdDriver\src\spi.c 0x00000000   Number         0  spi.o ABSOLUTE
    ..\libraries\Official\StdDriver\src\sys.c 0x00000000   Number         0  sys.o ABSOLUTE
    ..\libraries\Official\StdDriver\src\timer.c 0x00000000   Number         0  timer.o ABSOLUTE
    ..\libraries\Official\StdDriver\src\uart.c 0x00000000   Number         0  uart.o ABSOLUTE
    ..\libraries\User\src\CJ_OV528.c         0x00000000   Number         0  cj_ov528.o ABSOLUTE
    ..\libraries\User\src\NRF24L01.c         0x00000000   Number         0  nrf24l01.o ABSOLUTE
    ..\libraries\User\src\NRF_P2P.c          0x00000000   Number         0  nrf_p2p.o ABSOLUTE
    ..\libraries\User\src\W25QXX.c           0x00000000   Number         0  w25qxx.o ABSOLUTE
    ..\libraries\User\src\fifo.c             0x00000000   Number         0  fifo.o ABSOLUTE
    ..\libraries\User\src\vMemAlloc.c        0x00000000   Number         0  vmemalloc.o ABSOLUTE
    dc.s                                     0x00000000   Number         0  dc.o ABSOLUTE
    !!!main                                  0x000000c0   Section        8  __main.o(!!!main)
    !!!scatter                               0x000000c8   Section       60  __scatter.o(!!!scatter)
    !!handler_copy                           0x00000104   Section       26  __scatter_copy.o(!!handler_copy)
    !!handler_zi                             0x00000120   Section       28  __scatter_zi.o(!!handler_zi)
    .ARM.Collect$$_printf_percent$$00000000  0x0000013c   Section        2  _printf_percent.o(.ARM.Collect$$_printf_percent$$00000000)
    .ARM.Collect$$_printf_percent$$00000009  0x0000013e   Section       10  _printf_d.o(.ARM.Collect$$_printf_percent$$00000009)
    .ARM.Collect$$_printf_percent$$0000000C  0x00000148   Section       10  _printf_x.o(.ARM.Collect$$_printf_percent$$0000000C)
    .ARM.Collect$$_printf_percent$$00000017  0x00000152   Section        4  _printf_percent_end.o(.ARM.Collect$$_printf_percent$$00000017)
    .ARM.Collect$$libinit$$00000000          0x00000156   Section        2  libinit.o(.ARM.Collect$$libinit$$00000000)
    .ARM.Collect$$libinit$$00000002          0x00000158   Section        0  libinit2.o(.ARM.Collect$$libinit$$00000002)
    .ARM.Collect$$libinit$$00000004          0x00000158   Section        0  libinit2.o(.ARM.Collect$$libinit$$00000004)
    .ARM.Collect$$libinit$$0000000A          0x00000158   Section        0  libinit2.o(.ARM.Collect$$libinit$$0000000A)
    .ARM.Collect$$libinit$$0000000C          0x00000158   Section        0  libinit2.o(.ARM.Collect$$libinit$$0000000C)
    .ARM.Collect$$libinit$$0000000E          0x00000158   Section        0  libinit2.o(.ARM.Collect$$libinit$$0000000E)
    .ARM.Collect$$libinit$$00000011          0x00000158   Section        0  libinit2.o(.ARM.Collect$$libinit$$00000011)
    .ARM.Collect$$libinit$$00000013          0x00000158   Section        0  libinit2.o(.ARM.Collect$$libinit$$00000013)
    .ARM.Collect$$libinit$$00000015          0x00000158   Section        0  libinit2.o(.ARM.Collect$$libinit$$00000015)
    .ARM.Collect$$libinit$$00000017          0x00000158   Section        0  libinit2.o(.ARM.Collect$$libinit$$00000017)
    .ARM.Collect$$libinit$$00000019          0x00000158   Section        0  libinit2.o(.ARM.Collect$$libinit$$00000019)
    .ARM.Collect$$libinit$$0000001B          0x00000158   Section        0  libinit2.o(.ARM.Collect$$libinit$$0000001B)
    .ARM.Collect$$libinit$$0000001D          0x00000158   Section        0  libinit2.o(.ARM.Collect$$libinit$$0000001D)
    .ARM.Collect$$libinit$$0000001F          0x00000158   Section        0  libinit2.o(.ARM.Collect$$libinit$$0000001F)
    .ARM.Collect$$libinit$$00000021          0x00000158   Section        0  libinit2.o(.ARM.Collect$$libinit$$00000021)
    .ARM.Collect$$libinit$$00000023          0x00000158   Section        0  libinit2.o(.ARM.Collect$$libinit$$00000023)
    .ARM.Collect$$libinit$$00000025          0x00000158   Section        0  libinit2.o(.ARM.Collect$$libinit$$00000025)
    .ARM.Collect$$libinit$$0000002C          0x00000158   Section        0  libinit2.o(.ARM.Collect$$libinit$$0000002C)
    .ARM.Collect$$libinit$$0000002E          0x00000158   Section        0  libinit2.o(.ARM.Collect$$libinit$$0000002E)
    .ARM.Collect$$libinit$$00000030          0x00000158   Section        0  libinit2.o(.ARM.Collect$$libinit$$00000030)
    .ARM.Collect$$libinit$$00000032          0x00000158   Section        0  libinit2.o(.ARM.Collect$$libinit$$00000032)
    .ARM.Collect$$libinit$$00000033          0x00000158   Section        2  libinit2.o(.ARM.Collect$$libinit$$00000033)
    .ARM.Collect$$libshutdown$$00000000      0x0000015a   Section        2  libshutdown.o(.ARM.Collect$$libshutdown$$00000000)
    .ARM.Collect$$libshutdown$$00000002      0x0000015c   Section        0  libshutdown2.o(.ARM.Collect$$libshutdown$$00000002)
    .ARM.Collect$$libshutdown$$00000004      0x0000015c   Section        0  libshutdown2.o(.ARM.Collect$$libshutdown$$00000004)
    .ARM.Collect$$libshutdown$$00000007      0x0000015c   Section        0  libshutdown2.o(.ARM.Collect$$libshutdown$$00000007)
    .ARM.Collect$$libshutdown$$0000000A      0x0000015c   Section        0  libshutdown2.o(.ARM.Collect$$libshutdown$$0000000A)
    .ARM.Collect$$libshutdown$$0000000C      0x0000015c   Section        0  libshutdown2.o(.ARM.Collect$$libshutdown$$0000000C)
    .ARM.Collect$$libshutdown$$0000000F      0x0000015c   Section        0  libshutdown2.o(.ARM.Collect$$libshutdown$$0000000F)
    .ARM.Collect$$libshutdown$$00000010      0x0000015c   Section        2  libshutdown2.o(.ARM.Collect$$libshutdown$$00000010)
    .ARM.Collect$$rtentry$$00000000          0x0000015e   Section        0  __rtentry.o(.ARM.Collect$$rtentry$$00000000)
    .ARM.Collect$$rtentry$$00000002          0x0000015e   Section        0  __rtentry2.o(.ARM.Collect$$rtentry$$00000002)
    .ARM.Collect$$rtentry$$00000004          0x0000015e   Section        6  __rtentry4.o(.ARM.Collect$$rtentry$$00000004)
    .ARM.Collect$$rtentry$$00000009          0x00000164   Section        0  __rtentry2.o(.ARM.Collect$$rtentry$$00000009)
    .ARM.Collect$$rtentry$$0000000A          0x00000164   Section        4  __rtentry2.o(.ARM.Collect$$rtentry$$0000000A)
    .ARM.Collect$$rtentry$$0000000C          0x00000168   Section        0  __rtentry2.o(.ARM.Collect$$rtentry$$0000000C)
    .ARM.Collect$$rtentry$$0000000D          0x00000168   Section        8  __rtentry2.o(.ARM.Collect$$rtentry$$0000000D)
    .ARM.Collect$$rtexit$$00000000           0x00000170   Section        2  rtexit.o(.ARM.Collect$$rtexit$$00000000)
    .ARM.Collect$$rtexit$$00000002           0x00000172   Section        0  rtexit2.o(.ARM.Collect$$rtexit$$00000002)
    .ARM.Collect$$rtexit$$00000003           0x00000172   Section        4  rtexit2.o(.ARM.Collect$$rtexit$$00000003)
    .ARM.Collect$$rtexit$$00000004           0x00000176   Section        6  rtexit2.o(.ARM.Collect$$rtexit$$00000004)
    .emb_text                                0x0000017c   Section       28  retarget.o(.emb_text)
    .emb_text                                0x00000198   Section       56  rt_memcpy.o(.emb_text)
    .text                                    0x000001d0   Section      120  startup_nano103.o(.text)
    Default_Handler                          0x00000203   Thumb Code     2  startup_nano103.o(.text)
    .text                                    0x00000248   Section        0  noretval__2printf.o(.text)
    .text                                    0x00000264   Section        0  _printf_pad.o(.text)
    .text                                    0x000002b4   Section        0  _printf_dec.o(.text)
    .text                                    0x00000320   Section        0  _printf_hex_int.o(.text)
    .text                                    0x00000378   Section        0  __printf_flags_wp.o(.text)
    .text                                    0x000004b0   Section        0  rt_memcpy.o(.text)
    .text                                    0x00000532   Section      346  aeabi_sdiv.o(.text)
    .text                                    0x0000068c   Section        0  heapauxi.o(.text)
    .text                                    0x00000692   Section        0  _printf_intcommon.o(.text)
    .text                                    0x00000744   Section        0  _printf_char_file.o(.text)
    .text                                    0x0000076c   Section        0  rtudiv10.o(.text)
    .text                                    0x00000794   Section        0  _printf_char_common.o(.text)
    _printf_input_char                       0x00000795   Thumb Code    10  _printf_char_common.o(.text)
    .text                                    0x000007c4   Section        8  libspace.o(.text)
    .text                                    0x000007cc   Section       62  sys_stackheap_outer.o(.text)
    .text                                    0x0000080a   Section        0  exit.o(.text)
    .text                                    0x0000081c   Section        0  sys_exit.o(.text)
    .text                                    0x00000828   Section        2  use_no_semi.o(.text)
    .text                                    0x0000082a   Section        0  indicate_semi.o(.text)
    i.CLK_EnableModuleClock                  0x0000082c   Section        0  clk.o(i.CLK_EnableModuleClock)
    i.CLK_EnableXtalRC                       0x00000848   Section        0  clk.o(i.CLK_EnableXtalRC)
    i.CLK_GetCPUFreq                         0x00000858   Section        0  clk.o(i.CLK_GetCPUFreq)
    i.CLK_GetHCLKFreq                        0x00000868   Section        0  clk.o(i.CLK_GetHCLKFreq)
    i.CLK_GetHXTFreq                         0x00000878   Section        0  clk.o(i.CLK_GetHXTFreq)
    i.CLK_GetLXTFreq                         0x0000088c   Section        0  clk.o(i.CLK_GetLXTFreq)
    i.CLK_GetPCLK0Freq                       0x000008a4   Section        0  clk.o(i.CLK_GetPCLK0Freq)
    i.CLK_GetPCLK1Freq                       0x000008dc   Section        0  clk.o(i.CLK_GetPCLK1Freq)
    i.CLK_GetPLLClockFreq                    0x00000914   Section        0  clk.o(i.CLK_GetPLLClockFreq)
    i.CLK_SetHCLK                            0x00000978   Section        0  clk.o(i.CLK_SetHCLK)
    i.CLK_SetModuleClock                     0x0000099c   Section        0  clk.o(i.CLK_SetModuleClock)
    i.CLK_SysTickDelay                       0x000009ec   Section        0  clk.o(i.CLK_SysTickDelay)
    i.CLK_WaitClockReady                     0x00000a10   Section        0  clk.o(i.CLK_WaitClockReady)
    i.ClkSetup                               0x00000a3c   Section        0  project.o(i.ClkSetup)
    i.DelayUs                                0x00000ac8   Section        0  project.o(i.DelayUs)
    i.GPABC_IRQHandler                       0x00000b00   Section        0  irq.o(i.GPABC_IRQHandler)
    i.GPIO_EnableInt                         0x00000b88   Section        0  gpio.o(i.GPIO_EnableInt)
    i.GPIO_SetMode                           0x00000ba2   Section        0  gpio.o(i.GPIO_SetMode)
    i.GpioSetup                              0x00000bcc   Section        0  project.o(i.GpioSetup)
    i.Hard_Fault_Handler                     0x00000c70   Section        0  retarget.o(i.Hard_Fault_Handler)
    __tagsym$$used                           0x00000c71   Number         0  retarget.o(i.Hard_Fault_Handler)
    i.NRF_FlushRx                            0x00000c98   Section        0  nrf24l01.o(i.NRF_FlushRx)
    i.NRF_FlushTx                            0x00000cb4   Section        0  nrf24l01.o(i.NRF_FlushTx)
    i.NRF_New                                0x00000cd0   Section        0  nrf24l01.o(i.NRF_New)
    i.NRF_Nop                                0x00000cea   Section        0  nrf24l01.o(i.NRF_Nop)
    i.NRF_ReadRegArray                       0x00000d08   Section        0  nrf24l01.o(i.NRF_ReadRegArray)
    i.NRF_ReadRegByte                        0x00000d3a   Section        0  nrf24l01.o(i.NRF_ReadRegByte)
    i.NRF_Tx                                 0x00000d62   Section        0  nrf24l01.o(i.NRF_Tx)
    i.NRF_TxMode                             0x00000d94   Section        0  nrf24l01.o(i.NRF_TxMode)
    i.NRF_WriteRegArray                      0x00000db6   Section        0  nrf24l01.o(i.NRF_WriteRegArray)
    i.NRF_WriteRegByte                       0x00000dec   Section        0  nrf24l01.o(i.NRF_WriteRegByte)
    i.NVIC_Init                              0x00000e18   Section        0  project.o(i.NVIC_Init)
    i.NrfSetup                               0x00000e28   Section        0  project.o(i.NrfSetup)
    i.PinSetup                               0x00000ea4   Section        0  project.o(i.PinSetup)
    i.RTC_Open                               0x00000ef0   Section        0  rtc.o(i.RTC_Open)
    i.RTC_RWEN                               0x00000fc4   Section        0  rtc.o(i.RTC_RWEN)
    i.RTC_SetTickPeriod                      0x00000fe0   Section        0  rtc.o(i.RTC_SetTickPeriod)
    i.ResetCE                                0x00000ffc   Section        0  portable.o(i.ResetCE)
    i.RtcSetup                               0x00001008   Section        0  project.o(i.RtcSetup)
    i.SPI0_DSS                               0x00001028   Section        0  portable.o(i.SPI0_DSS)
    i.SPI0_Dummy                             0x00001038   Section        0  portable.o(i.SPI0_Dummy)
    i.SPI0_ReadByte                          0x00001050   Section        0  portable.o(i.SPI0_ReadByte)
    i.SPI0_SS                                0x0000106c   Section        0  portable.o(i.SPI0_SS)
    i.SPI0_WriteByte                         0x00001080   Section        0  portable.o(i.SPI0_WriteByte)
    i.SPI_Open                               0x000010a0   Section        0  spi.o(i.SPI_Open)
    i.SPI_SetBusClock                        0x000010bc   Section        0  spi.o(i.SPI_SetBusClock)
    i.SendChar_ToUART                        0x000011b0   Section        0  retarget.o(i.SendChar_ToUART)
    i.SetCE                                  0x000011d0   Section        0  portable.o(i.SetCE)
    i.SpiSetup                               0x000011e4   Section        0  project.o(i.SpiSetup)
    i.SysGet_HCLKFreq                        0x00001228   Section        0  system_nano103.o(i.SysGet_HCLKFreq)
    i.SysGet_PLLClockFreq                    0x0000129c   Section        0  system_nano103.o(i.SysGet_PLLClockFreq)
    i.SystemCoreClockUpdate                  0x00001300   Section        0  system_nano103.o(i.SystemCoreClockUpdate)
    i.SystemInit                             0x00001320   Section        0  system_nano103.o(i.SystemInit)
    i.TIMER_GetModuleClock                   0x00001364   Section        0  timer.o(i.TIMER_GetModuleClock)
    i.TIMER_Open                             0x00001420   Section        0  timer.o(i.TIMER_Open)
    i.TMR0_IRQHandler                        0x00001464   Section        0  irq.o(i.TMR0_IRQHandler)
    i.TimerSetup                             0x00001470   Section        0  project.o(i.TimerSetup)
    i.UART1_IRQHandler                       0x00001498   Section        0  irq.o(i.UART1_IRQHandler)
    i.UART_ClearIntFlag                      0x000014e8   Section        0  uart.o(i.UART_ClearIntFlag)
    i.UART_EnableInt                         0x00001526   Section        0  uart.o(i.UART_EnableInt)
    i.UART_Open                              0x00001530   Section        0  uart.o(i.UART_Open)
    i.UART_SetTimeoutCnt                     0x00001580   Section        0  uart.o(i.UART_SetTimeoutCnt)
    i.UartSetup                              0x00001594   Section        0  project.o(i.UartSetup)
    i._UART_GetUartClk                       0x000015f4   Section        0  uart.o(i._UART_GetUartClk)
    i._is_digit                              0x00001688   Section        0  __printf_wp.o(i._is_digit)
    i.ferror                                 0x00001696   Section        0  retarget.o(i.ferror)
    i.fputc                                  0x0000169c   Section        0  retarget.o(i.fputc)
    i.main                                   0x000016a8   Section        0  main.o(i.main)
    i.nrfP2p_InitNrf                         0x000017cc   Section        0  nrf_p2p.o(i.nrfP2p_InitNrf)
    i.nrfP2p_NewChannel                      0x00001830   Section        0  nrf_p2p.o(i.nrfP2p_NewChannel)
    i.nrfP2p_SendPacket                      0x00001932   Section        0  nrf_p2p.o(i.nrfP2p_SendPacket)
    i.printReg                               0x000019a4   Section        0  project.o(i.printReg)
    i.stackDump                              0x00001ae8   Section        0  retarget.o(i.stackDump)
    i.vMemAlloc                              0x00001b90   Section        0  vmemalloc.o(i.vMemAlloc)
    i.vMemInit                               0x00001c28   Section        0  vmemalloc.o(i.vMemInit)
    vMemInit                                 0x00001c29   Thumb Code    62  vmemalloc.o(i.vMemInit)
    .constdata                               0x00001c74   Section       10  project.o(.constdata)
    .constdata                               0x00001c80   Section       64  clk.o(.constdata)
    .constdata                               0x00001cc0   Section       16  timer.o(.constdata)
    .constdata                               0x00001cd0   Section       40  _printf_hex_int.o(.constdata)
    uc_hextab                                0x00001cd0   Data          20  _printf_hex_int.o(.constdata)
    lc_hextab                                0x00001ce4   Data          20  _printf_hex_int.o(.constdata)
    .constdata                               0x00001cf8   Section       17  __printf_flags_wp.o(.constdata)
    maptable                                 0x00001cf8   Data          17  __printf_flags_wp.o(.constdata)
    .data                                    0x20000000   Section       16  vmemalloc.o(.data)
    FreeSize                                 0x20000000   Data           4  vmemalloc.o(.data)
    .data                                    0x20000010   Section       20  portable.o(.data)
    .data                                    0x20000024   Section       80  project.o(.data)
    .data                                    0x20000074   Section        8  system_nano103.o(.data)
    .data                                    0x2000007c   Section        4  retarget.o(.data)
    .data                                    0x20000080   Section       52  rtc.o(.data)
    g_u32Reg                                 0x20000080   Data           4  rtc.o(.data)
    g_u32hiYear                              0x20000084   Data           4  rtc.o(.data)
    g_u32loYear                              0x20000088   Data           4  rtc.o(.data)
    g_u32hiMonth                             0x2000008c   Data           4  rtc.o(.data)
    g_u32loMonth                             0x20000090   Data           4  rtc.o(.data)
    g_u32hiDay                               0x20000094   Data           4  rtc.o(.data)
    g_u32loDay                               0x20000098   Data           4  rtc.o(.data)
    g_u32hiHour                              0x2000009c   Data           4  rtc.o(.data)
    g_u32loHour                              0x200000a0   Data           4  rtc.o(.data)
    g_u32hiMin                               0x200000a4   Data           4  rtc.o(.data)
    g_u32loMin                               0x200000a8   Data           4  rtc.o(.data)
    g_u32hiSec                               0x200000ac   Data           4  rtc.o(.data)
    g_u32loSec                               0x200000b0   Data           4  rtc.o(.data)
    .bss                                     0x200000b4   Section     5000  vmemalloc.o(.bss)
    memArr                                   0x200000b4   Data        5000  vmemalloc.o(.bss)
    .bss                                     0x2000143c   Section       96  libspace.o(.bss)
    HEAP                                     0x200014a0   Section      512  startup_nano103.o(HEAP)
    Heap_Mem                                 0x200014a0   Data         512  startup_nano103.o(HEAP)
    STACK                                    0x200016a0   Section     1024  startup_nano103.o(STACK)
    Stack_Mem                                0x200016a0   Data        1024  startup_nano103.o(STACK)
    __initial_sp                             0x20001aa0   Data           0  startup_nano103.o(STACK)

    Global Symbols

    Symbol Name                              Value     Ov Type        Size  Object(Section)

    BuildAttributes$$THM_ISAv3M$S$PE$A:L22$X:L11$S22$IEEE1$IW$USESV6$~STKCKD$USESV7$~SHL$OTIME$ROPI$IEEEJ$EBA8$UX$STANDARDLIB$REQ8$PRES8$EABIv2 0x00000000   Number         0  anon$$obj.o ABSOLUTE
    __ARM_use_no_argv                        0x00000000   Number         0  main.o ABSOLUTE
    __Vectors                                0x00000000   Data           4  startup_nano103.o(RESET)
    _printf_flags                            0x00000000   Number         0  printf_stubs.o ABSOLUTE
    _printf_return_value                     0x00000000   Number         0  printf_stubs.o ABSOLUTE
    _printf_sizespec                         0x00000000   Number         0  printf_stubs.o ABSOLUTE
    _printf_widthprec                        0x00000000   Number         0  printf_stubs.o ABSOLUTE
    __ARM_exceptions_init                     - Undefined Weak Reference
    __alloca_initialize                       - Undefined Weak Reference
    __arm_preinit_                            - Undefined Weak Reference
    __cpp_initialize__aeabi_                  - Undefined Weak Reference
    __cxa_finalize                            - Undefined Weak Reference
    __sigvec_lookup                           - Undefined Weak Reference
    _atexit_init                              - Undefined Weak Reference
    _call_atexit_fns                          - Undefined Weak Reference
    _clock_init                               - Undefined Weak Reference
    _fp_trap_init                             - Undefined Weak Reference
    _fp_trap_shutdown                         - Undefined Weak Reference
    _get_lc_collate                           - Undefined Weak Reference
    _get_lc_ctype                             - Undefined Weak Reference
    _get_lc_monetary                          - Undefined Weak Reference
    _get_lc_time                              - Undefined Weak Reference
    _getenv_init                              - Undefined Weak Reference
    _handle_redirection                       - Undefined Weak Reference
    _init_alloc                               - Undefined Weak Reference
    _init_user_alloc                          - Undefined Weak Reference
    _initio                                   - Undefined Weak Reference
    _printf_mbtowc                            - Undefined Weak Reference
    _printf_truncate_signed                   - Undefined Weak Reference
    _printf_truncate_unsigned                 - Undefined Weak Reference
    _rand_init                                - Undefined Weak Reference
    _signal_finish                            - Undefined Weak Reference
    _signal_init                              - Undefined Weak Reference
    _terminate_alloc                          - Undefined Weak Reference
    _terminate_user_alloc                     - Undefined Weak Reference
    _terminateio                              - Undefined Weak Reference
    __main                                   0x000000c1   Thumb Code     8  __main.o(!!!main)
    __scatterload                            0x000000c9   Thumb Code     0  __scatter.o(!!!scatter)
    __scatterload_rt2                        0x000000c9   Thumb Code    52  __scatter.o(!!!scatter)
    __scatterload_rt2_thumb_only             0x000000c9   Thumb Code     0  __scatter.o(!!!scatter)
    __scatterload_null                       0x000000d9   Thumb Code     0  __scatter.o(!!!scatter)
    __scatterload_copy                       0x00000105   Thumb Code    26  __scatter_copy.o(!!handler_copy)
    __scatterload_zeroinit                   0x00000121   Thumb Code    28  __scatter_zi.o(!!handler_zi)
    _printf_percent                          0x0000013d   Thumb Code     0  _printf_percent.o(.ARM.Collect$$_printf_percent$$00000000)
    _printf_d                                0x0000013f   Thumb Code     0  _printf_d.o(.ARM.Collect$$_printf_percent$$00000009)
    _printf_x                                0x00000149   Thumb Code     0  _printf_x.o(.ARM.Collect$$_printf_percent$$0000000C)
    _printf_percent_end                      0x00000153   Thumb Code     0  _printf_percent_end.o(.ARM.Collect$$_printf_percent$$00000017)
    __rt_lib_init                            0x00000157   Thumb Code     0  libinit.o(.ARM.Collect$$libinit$$00000000)
    __rt_lib_init_alloca_1                   0x00000159   Thumb Code     0  libinit2.o(.ARM.Collect$$libinit$$0000002E)
    __rt_lib_init_argv_1                     0x00000159   Thumb Code     0  libinit2.o(.ARM.Collect$$libinit$$0000002C)
    __rt_lib_init_atexit_1                   0x00000159   Thumb Code     0  libinit2.o(.ARM.Collect$$libinit$$0000001B)
    __rt_lib_init_clock_1                    0x00000159   Thumb Code     0  libinit2.o(.ARM.Collect$$libinit$$00000021)
    __rt_lib_init_cpp_1                      0x00000159   Thumb Code     0  libinit2.o(.ARM.Collect$$libinit$$00000032)
    __rt_lib_init_exceptions_1               0x00000159   Thumb Code     0  libinit2.o(.ARM.Collect$$libinit$$00000030)
    __rt_lib_init_fp_1                       0x00000159   Thumb Code     0  libinit2.o(.ARM.Collect$$libinit$$00000002)
    __rt_lib_init_fp_trap_1                  0x00000159   Thumb Code     0  libinit2.o(.ARM.Collect$$libinit$$0000001F)
    __rt_lib_init_getenv_1                   0x00000159   Thumb Code     0  libinit2.o(.ARM.Collect$$libinit$$00000023)
    __rt_lib_init_heap_1                     0x00000159   Thumb Code     0  libinit2.o(.ARM.Collect$$libinit$$0000000A)
    __rt_lib_init_lc_collate_1               0x00000159   Thumb Code     0  libinit2.o(.ARM.Collect$$libinit$$00000011)
    __rt_lib_init_lc_ctype_1                 0x00000159   Thumb Code     0  libinit2.o(.ARM.Collect$$libinit$$00000013)
    __rt_lib_init_lc_monetary_1              0x00000159   Thumb Code     0  libinit2.o(.ARM.Collect$$libinit$$00000015)
    __rt_lib_init_lc_numeric_1               0x00000159   Thumb Code     0  libinit2.o(.ARM.Collect$$libinit$$00000017)
    __rt_lib_init_lc_time_1                  0x00000159   Thumb Code     0  libinit2.o(.ARM.Collect$$libinit$$00000019)
    __rt_lib_init_preinit_1                  0x00000159   Thumb Code     0  libinit2.o(.ARM.Collect$$libinit$$00000004)
    __rt_lib_init_rand_1                     0x00000159   Thumb Code     0  libinit2.o(.ARM.Collect$$libinit$$0000000E)
    __rt_lib_init_return                     0x00000159   Thumb Code     0  libinit2.o(.ARM.Collect$$libinit$$00000033)
    __rt_lib_init_signal_1                   0x00000159   Thumb Code     0  libinit2.o(.ARM.Collect$$libinit$$0000001D)
    __rt_lib_init_stdio_1                    0x00000159   Thumb Code     0  libinit2.o(.ARM.Collect$$libinit$$00000025)
    __rt_lib_init_user_alloc_1               0x00000159   Thumb Code     0  libinit2.o(.ARM.Collect$$libinit$$0000000C)
    __rt_lib_shutdown                        0x0000015b   Thumb Code     0  libshutdown.o(.ARM.Collect$$libshutdown$$00000000)
    __rt_lib_shutdown_cpp_1                  0x0000015d   Thumb Code     0  libshutdown2.o(.ARM.Collect$$libshutdown$$00000002)
    __rt_lib_shutdown_fp_trap_1              0x0000015d   Thumb Code     0  libshutdown2.o(.ARM.Collect$$libshutdown$$00000007)
    __rt_lib_shutdown_heap_1                 0x0000015d   Thumb Code     0  libshutdown2.o(.ARM.Collect$$libshutdown$$0000000F)
    __rt_lib_shutdown_return                 0x0000015d   Thumb Code     0  libshutdown2.o(.ARM.Collect$$libshutdown$$00000010)
    __rt_lib_shutdown_signal_1               0x0000015d   Thumb Code     0  libshutdown2.o(.ARM.Collect$$libshutdown$$0000000A)
    __rt_lib_shutdown_stdio_1                0x0000015d   Thumb Code     0  libshutdown2.o(.ARM.Collect$$libshutdown$$00000004)
    __rt_lib_shutdown_user_alloc_1           0x0000015d   Thumb Code     0  libshutdown2.o(.ARM.Collect$$libshutdown$$0000000C)
    __rt_entry                               0x0000015f   Thumb Code     0  __rtentry.o(.ARM.Collect$$rtentry$$00000000)
    __rt_entry_presh_1                       0x0000015f   Thumb Code     0  __rtentry2.o(.ARM.Collect$$rtentry$$00000002)
    __rt_entry_sh                            0x0000015f   Thumb Code     0  __rtentry4.o(.ARM.Collect$$rtentry$$00000004)
    __rt_entry_li                            0x00000165   Thumb Code     0  __rtentry2.o(.ARM.Collect$$rtentry$$0000000A)
    __rt_entry_postsh_1                      0x00000165   Thumb Code     0  __rtentry2.o(.ARM.Collect$$rtentry$$00000009)
    __rt_entry_main                          0x00000169   Thumb Code     0  __rtentry2.o(.ARM.Collect$$rtentry$$0000000D)
    __rt_entry_postli_1                      0x00000169   Thumb Code     0  __rtentry2.o(.ARM.Collect$$rtentry$$0000000C)
    __rt_exit                                0x00000171   Thumb Code     0  rtexit.o(.ARM.Collect$$rtexit$$00000000)
    __rt_exit_ls                             0x00000173   Thumb Code     0  rtexit2.o(.ARM.Collect$$rtexit$$00000003)
    __rt_exit_prels_1                        0x00000173   Thumb Code     0  rtexit2.o(.ARM.Collect$$rtexit$$00000002)
    __rt_exit_exit                           0x00000177   Thumb Code     0  rtexit2.o(.ARM.Collect$$rtexit$$00000004)
    HardFault_Handler                        0x0000017d   Thumb Code    24  retarget.o(.emb_text)
    __aeabi_memcpy4                          0x00000199   Thumb Code    56  rt_memcpy.o(.emb_text)
    __aeabi_memcpy8                          0x00000199   Thumb Code     0  rt_memcpy.o(.emb_text)
    Reset_Handler                            0x000001d1   Thumb Code    40  startup_nano103.o(.text)
    NMI_Handler                              0x000001f9   Thumb Code     2  startup_nano103.o(.text)
    SVC_Handler                              0x000001fd   Thumb Code     2  startup_nano103.o(.text)
    PendSV_Handler                           0x000001ff   Thumb Code     2  startup_nano103.o(.text)
    SysTick_Handler                          0x00000201   Thumb Code     2  startup_nano103.o(.text)
    ACMP_IRQHandler                          0x00000203   Thumb Code     0  startup_nano103.o(.text)
    ADC_IRQHandler                           0x00000203   Thumb Code     0  startup_nano103.o(.text)
    BOD_IRQHandler                           0x00000203   Thumb Code     0  startup_nano103.o(.text)
    EINT0_IRQHandler                         0x00000203   Thumb Code     0  startup_nano103.o(.text)
    EINT1_IRQHandler                         0x00000203   Thumb Code     0  startup_nano103.o(.text)
    GPDEF_IRQHandler                         0x00000203   Thumb Code     0  startup_nano103.o(.text)
    HIRC_IRQHandler                          0x00000203   Thumb Code     0  startup_nano103.o(.text)
    I2C0_IRQHandler                          0x00000203   Thumb Code     0  startup_nano103.o(.text)
    I2C1_IRQHandler                          0x00000203   Thumb Code     0  startup_nano103.o(.text)
    PDMA_IRQHandler                          0x00000203   Thumb Code     0  startup_nano103.o(.text)
    PDWU_IRQHandler                          0x00000203   Thumb Code     0  startup_nano103.o(.text)
    PWM0_IRQHandler                          0x00000203   Thumb Code     0  startup_nano103.o(.text)
    RTC_IRQHandler                           0x00000203   Thumb Code     0  startup_nano103.o(.text)
    SC0_IRQHandler                           0x00000203   Thumb Code     0  startup_nano103.o(.text)
    SC1_IRQHandler                           0x00000203   Thumb Code     0  startup_nano103.o(.text)
    SPI0_IRQHandler                          0x00000203   Thumb Code     0  startup_nano103.o(.text)
    SPI1_IRQHandler                          0x00000203   Thumb Code     0  startup_nano103.o(.text)
    SPI2_IRQHandler                          0x00000203   Thumb Code     0  startup_nano103.o(.text)
    SPI3_IRQHandler                          0x00000203   Thumb Code     0  startup_nano103.o(.text)
    TMR1_IRQHandler                          0x00000203   Thumb Code     0  startup_nano103.o(.text)
    TMR2_IRQHandler                          0x00000203   Thumb Code     0  startup_nano103.o(.text)
    TMR3_IRQHandler                          0x00000203   Thumb Code     0  startup_nano103.o(.text)
    UART0_IRQHandler                         0x00000203   Thumb Code     0  startup_nano103.o(.text)
    WDT_IRQHandler                           0x00000203   Thumb Code     0  startup_nano103.o(.text)
    __user_initial_stackheap                 0x00000205   Thumb Code     0  startup_nano103.o(.text)
    __2printf                                0x00000249   Thumb Code    22  noretval__2printf.o(.text)
    _printf_pre_padding                      0x00000265   Thumb Code    44  _printf_pad.o(.text)
    _printf_post_padding                     0x00000291   Thumb Code    34  _printf_pad.o(.text)
    _printf_int_dec                          0x000002b5   Thumb Code    90  _printf_dec.o(.text)
    _printf_int_hex                          0x00000321   Thumb Code    84  _printf_hex_int.o(.text)
    _printf_longlong_hex                     0x00000321   Thumb Code     0  _printf_hex_int.o(.text)
    __printf                                 0x00000379   Thumb Code   306  __printf_flags_wp.o(.text)
    __aeabi_memcpy                           0x000004b1   Thumb Code   130  rt_memcpy.o(.text)
    __rt_memcpy                              0x000004b1   Thumb Code     0  rt_memcpy.o(.text)
    __aeabi_uidiv                            0x00000533   Thumb Code     0  aeabi_sdiv.o(.text)
    __aeabi_uidivmod                         0x00000533   Thumb Code    20  aeabi_sdiv.o(.text)
    __aeabi_idiv                             0x00000547   Thumb Code     0  aeabi_sdiv.o(.text)
    __aeabi_idivmod                          0x00000547   Thumb Code   326  aeabi_sdiv.o(.text)
    __use_two_region_memory                  0x0000068d   Thumb Code     2  heapauxi.o(.text)
    __rt_heap_escrow$2region                 0x0000068f   Thumb Code     2  heapauxi.o(.text)
    __rt_heap_expand$2region                 0x00000691   Thumb Code     2  heapauxi.o(.text)
    _printf_int_common                       0x00000693   Thumb Code   176  _printf_intcommon.o(.text)
    _printf_char_file                        0x00000745   Thumb Code    34  _printf_char_file.o(.text)
    __rt_udiv10                              0x0000076d   Thumb Code    40  rtudiv10.o(.text)
    _printf_char_common                      0x0000079f   Thumb Code    32  _printf_char_common.o(.text)
    __user_libspace                          0x000007c5   Thumb Code     8  libspace.o(.text)
    __user_perproc_libspace                  0x000007c5   Thumb Code     0  libspace.o(.text)
    __user_perthread_libspace                0x000007c5   Thumb Code     0  libspace.o(.text)
    __user_setup_stackheap                   0x000007cd   Thumb Code    62  sys_stackheap_outer.o(.text)
    exit                                     0x0000080b   Thumb Code    16  exit.o(.text)
    _sys_exit                                0x0000081d   Thumb Code     8  sys_exit.o(.text)
    __I$use$semihosting                      0x00000829   Thumb Code     0  use_no_semi.o(.text)
    __use_no_semihosting_swi                 0x00000829   Thumb Code     2  use_no_semi.o(.text)
    __semihosting_library_function           0x0000082b   Thumb Code     0  indicate_semi.o(.text)
    CLK_EnableModuleClock                    0x0000082d   Thumb Code    24  clk.o(i.CLK_EnableModuleClock)
    CLK_EnableXtalRC                         0x00000849   Thumb Code    10  clk.o(i.CLK_EnableXtalRC)
    CLK_GetCPUFreq                           0x00000859   Thumb Code    12  clk.o(i.CLK_GetCPUFreq)
    CLK_GetHCLKFreq                          0x00000869   Thumb Code    12  clk.o(i.CLK_GetHCLKFreq)
    CLK_GetHXTFreq                           0x00000879   Thumb Code    12  clk.o(i.CLK_GetHXTFreq)
    CLK_GetLXTFreq                           0x0000088d   Thumb Code    18  clk.o(i.CLK_GetLXTFreq)
    CLK_GetPCLK0Freq                         0x000008a5   Thumb Code    44  clk.o(i.CLK_GetPCLK0Freq)
    CLK_GetPCLK1Freq                         0x000008dd   Thumb Code    44  clk.o(i.CLK_GetPCLK1Freq)
    CLK_GetPLLClockFreq                      0x00000915   Thumb Code    74  clk.o(i.CLK_GetPLLClockFreq)
    CLK_SetHCLK                              0x00000979   Thumb Code    30  clk.o(i.CLK_SetHCLK)
    CLK_SetModuleClock                       0x0000099d   Thumb Code    74  clk.o(i.CLK_SetModuleClock)
    CLK_SysTickDelay                         0x000009ed   Thumb Code    28  clk.o(i.CLK_SysTickDelay)
    CLK_WaitClockReady                       0x00000a11   Thumb Code    34  clk.o(i.CLK_WaitClockReady)
    ClkSetup                                 0x00000a3d   Thumb Code   118  project.o(i.ClkSetup)
    DelayUs                                  0x00000ac9   Thumb Code    50  project.o(i.DelayUs)
    GPABC_IRQHandler                         0x00000b01   Thumb Code   102  irq.o(i.GPABC_IRQHandler)
    GPIO_EnableInt                           0x00000b89   Thumb Code    26  gpio.o(i.GPIO_EnableInt)
    GPIO_SetMode                             0x00000ba3   Thumb Code    40  gpio.o(i.GPIO_SetMode)
    GpioSetup                                0x00000bcd   Thumb Code   156  project.o(i.GpioSetup)
    Hard_Fault_Handler                       0x00000c71   Thumb Code    16  retarget.o(i.Hard_Fault_Handler)
    NRF_FlushRx                              0x00000c99   Thumb Code    28  nrf24l01.o(i.NRF_FlushRx)
    NRF_FlushTx                              0x00000cb5   Thumb Code    28  nrf24l01.o(i.NRF_FlushTx)
    NRF_New                                  0x00000cd1   Thumb Code    26  nrf24l01.o(i.NRF_New)
    NRF_Nop                                  0x00000ceb   Thumb Code    30  nrf24l01.o(i.NRF_Nop)
    NRF_ReadRegArray                         0x00000d09   Thumb Code    50  nrf24l01.o(i.NRF_ReadRegArray)
    NRF_ReadRegByte                          0x00000d3b   Thumb Code    40  nrf24l01.o(i.NRF_ReadRegByte)
    NRF_Tx                                   0x00000d63   Thumb Code    50  nrf24l01.o(i.NRF_Tx)
    NRF_TxMode                               0x00000d95   Thumb Code    34  nrf24l01.o(i.NRF_TxMode)
    NRF_WriteRegArray                        0x00000db7   Thumb Code    54  nrf24l01.o(i.NRF_WriteRegArray)
    NRF_WriteRegByte                         0x00000ded   Thumb Code    42  nrf24l01.o(i.NRF_WriteRegByte)
    NVIC_Init                                0x00000e19   Thumb Code    12  project.o(i.NVIC_Init)
    NrfSetup                                 0x00000e29   Thumb Code    94  project.o(i.NrfSetup)
    PinSetup                                 0x00000ea5   Thumb Code    60  project.o(i.PinSetup)
    RTC_Open                                 0x00000ef1   Thumb Code   198  rtc.o(i.RTC_Open)
    RTC_RWEN                                 0x00000fc5   Thumb Code    20  rtc.o(i.RTC_RWEN)
    RTC_SetTickPeriod                        0x00000fe1   Thumb Code    22  rtc.o(i.RTC_SetTickPeriod)
    ResetCE                                  0x00000ffd   Thumb Code     8  portable.o(i.ResetCE)
    RtcSetup                                 0x00001009   Thumb Code    22  project.o(i.RtcSetup)
    SPI0_DSS                                 0x00001029   Thumb Code    12  portable.o(i.SPI0_DSS)
    SPI0_Dummy                               0x00001039   Thumb Code    20  portable.o(i.SPI0_Dummy)
    SPI0_ReadByte                            0x00001051   Thumb Code    24  portable.o(i.SPI0_ReadByte)
    SPI0_SS                                  0x0000106d   Thumb Code    14  portable.o(i.SPI0_SS)
    SPI0_WriteByte                           0x00001081   Thumb Code    26  portable.o(i.SPI0_WriteByte)
    SPI_Open                                 0x000010a1   Thumb Code    26  spi.o(i.SPI_Open)
    SPI_SetBusClock                          0x000010bd   Thumb Code   216  spi.o(i.SPI_SetBusClock)
    SendChar_ToUART                          0x000011b1   Thumb Code    26  retarget.o(i.SendChar_ToUART)
    SetCE                                    0x000011d1   Thumb Code    16  portable.o(i.SetCE)
    SpiSetup                                 0x000011e5   Thumb Code    46  project.o(i.SpiSetup)
    SysGet_HCLKFreq                          0x00001229   Thumb Code    88  system_nano103.o(i.SysGet_HCLKFreq)
    SysGet_PLLClockFreq                      0x0000129d   Thumb Code    74  system_nano103.o(i.SysGet_PLLClockFreq)
    SystemCoreClockUpdate                    0x00001301   Thumb Code    24  system_nano103.o(i.SystemCoreClockUpdate)
    SystemInit                               0x00001321   Thumb Code    42  system_nano103.o(i.SystemInit)
    TIMER_GetModuleClock                     0x00001365   Thumb Code   152  timer.o(i.TIMER_GetModuleClock)
    TIMER_Open                               0x00001421   Thumb Code    64  timer.o(i.TIMER_Open)
    TMR0_IRQHandler                          0x00001465   Thumb Code     8  irq.o(i.TMR0_IRQHandler)
    TimerSetup                               0x00001471   Thumb Code    30  project.o(i.TimerSetup)
    UART1_IRQHandler                         0x00001499   Thumb Code    70  irq.o(i.UART1_IRQHandler)
    UART_ClearIntFlag                        0x000014e9   Thumb Code    62  uart.o(i.UART_ClearIntFlag)
    UART_EnableInt                           0x00001527   Thumb Code     8  uart.o(i.UART_EnableInt)
    UART_Open                                0x00001531   Thumb Code    74  uart.o(i.UART_Open)
    UART_SetTimeoutCnt                       0x00001581   Thumb Code    20  uart.o(i.UART_SetTimeoutCnt)
    UartSetup                                0x00001595   Thumb Code    80  project.o(i.UartSetup)
    _UART_GetUartClk                         0x000015f5   Thumb Code   114  uart.o(i._UART_GetUartClk)
    _is_digit                                0x00001689   Thumb Code    14  __printf_wp.o(i._is_digit)
    ferror                                   0x00001697   Thumb Code     6  retarget.o(i.ferror)
    fputc                                    0x0000169d   Thumb Code    12  retarget.o(i.fputc)
    main                                     0x000016a9   Thumb Code   148  main.o(i.main)
    nrfP2p_InitNrf                           0x000017cd   Thumb Code   100  nrf_p2p.o(i.nrfP2p_InitNrf)
    nrfP2p_NewChannel                        0x00001831   Thumb Code   258  nrf_p2p.o(i.nrfP2p_NewChannel)
    nrfP2p_SendPacket                        0x00001933   Thumb Code   114  nrf_p2p.o(i.nrfP2p_SendPacket)
    printReg                                 0x000019a5   Thumb Code   214  project.o(i.printReg)
    stackDump                                0x00001ae9   Thumb Code    70  retarget.o(i.stackDump)
    vMemAlloc                                0x00001b91   Thumb Code   146  vmemalloc.o(i.vMemAlloc)
    g_u8P1Address                            0x00001c74   Data           5  project.o(.constdata)
    g_u8DestAddress                          0x00001c79   Data           5  project.o(.constdata)
    Region$$Table$$Base                      0x00001d0c   Number         0  anon$$obj.o(Region$$Table)
    Region$$Table$$Limit                     0x00001d2c   Number         0  anon$$obj.o(Region$$Table)
    pxEnd                                    0x20000004   Data           4  vmemalloc.o(.data)
    pxStart                                  0x20000008   Data           8  vmemalloc.o(.data)
    g_stSpi0                                 0x20000010   Data          20  portable.o(.data)
    g_stOv528_s0                             0x20000024   Data           4  project.o(.data)
    g_stNrf0                                 0x20000028   Data           4  project.o(.data)
    g_stNrfCh1                               0x2000002c   Data           4  project.o(.data)
    g_stRtcTime                              0x20000030   Data          36  project.o(.data)
    temp                                     0x20000054   Data          32  project.o(.data)
    SystemCoreClock                          0x20000074   Data           4  system_nano103.o(.data)
    CyclesPerUs                              0x20000078   Data           4  system_nano103.o(.data)
    __stdout                                 0x2000007c   Data           4  retarget.o(.data)
    __libspace_start                         0x2000143c   Data          96  libspace.o(.bss)
    __temporary_stack_top$libspace           0x2000149c   Data           0  libspace.o(.bss)



==============================================================================

Memory Map of the image

  Image Entry point : 0x000001d1

  Load Region LR_1 (Base: 0x00000000, Size: 0x00001de0, Max: 0xffffffff, ABSOLUTE)

    Execution Region ER_RO (Exec base: 0x00000000, Load base: 0x00000000, Size: 0x00001d2c, Max: 0xffffffff, ABSOLUTE)

    Exec Addr    Load Addr    Size         Type   Attr      Idx    E Section Name        Object

    0x00000000   0x00000000   0x000000c0   Data   RO         1021    RESET               startup_nano103.o
    0x000000c0   0x000000c0   0x00000008   Code   RO         1939  * !!!main             c_p.l(__main.o)
    0x000000c8   0x000000c8   0x0000003c   Code   RO         2160    !!!scatter          c_p.l(__scatter.o)
    0x00000104   0x00000104   0x0000001a   Code   RO         2162    !!handler_copy      c_p.l(__scatter_copy.o)
    0x0000011e   0x0000011e   0x00000002   PAD
    0x00000120   0x00000120   0x0000001c   Code   RO         2164    !!handler_zi        c_p.l(__scatter_zi.o)
    0x0000013c   0x0000013c   0x00000002   Code   RO         1928    .ARM.Collect$$_printf_percent$$00000000  c_p.l(_printf_percent.o)
    0x0000013e   0x0000013e   0x0000000a   Code   RO         1926    .ARM.Collect$$_printf_percent$$00000009  c_p.l(_printf_d.o)
    0x00000148   0x00000148   0x0000000a   Code   RO         1925    .ARM.Collect$$_printf_percent$$0000000C  c_p.l(_printf_x.o)
    0x00000152   0x00000152   0x00000004   Code   RO         1969    .ARM.Collect$$_printf_percent$$00000017  c_p.l(_printf_percent_end.o)
    0x00000156   0x00000156   0x00000002   Code   RO         2034    .ARM.Collect$$libinit$$00000000  c_p.l(libinit.o)
    0x00000158   0x00000158   0x00000000   Code   RO         2036    .ARM.Collect$$libinit$$00000002  c_p.l(libinit2.o)
    0x00000158   0x00000158   0x00000000   Code   RO         2038    .ARM.Collect$$libinit$$00000004  c_p.l(libinit2.o)
    0x00000158   0x00000158   0x00000000   Code   RO         2041    .ARM.Collect$$libinit$$0000000A  c_p.l(libinit2.o)
    0x00000158   0x00000158   0x00000000   Code   RO         2043    .ARM.Collect$$libinit$$0000000C  c_p.l(libinit2.o)
    0x00000158   0x00000158   0x00000000   Code   RO         2045    .ARM.Collect$$libinit$$0000000E  c_p.l(libinit2.o)
    0x00000158   0x00000158   0x00000000   Code   RO         2048    .ARM.Collect$$libinit$$00000011  c_p.l(libinit2.o)
    0x00000158   0x00000158   0x00000000   Code   RO         2050    .ARM.Collect$$libinit$$00000013  c_p.l(libinit2.o)
    0x00000158   0x00000158   0x00000000   Code   RO         2052    .ARM.Collect$$libinit$$00000015  c_p.l(libinit2.o)
    0x00000158   0x00000158   0x00000000   Code   RO         2054    .ARM.Collect$$libinit$$00000017  c_p.l(libinit2.o)
    0x00000158   0x00000158   0x00000000   Code   RO         2056    .ARM.Collect$$libinit$$00000019  c_p.l(libinit2.o)
    0x00000158   0x00000158   0x00000000   Code   RO         2058    .ARM.Collect$$libinit$$0000001B  c_p.l(libinit2.o)
    0x00000158   0x00000158   0x00000000   Code   RO         2060    .ARM.Collect$$libinit$$0000001D  c_p.l(libinit2.o)
    0x00000158   0x00000158   0x00000000   Code   RO         2062    .ARM.Collect$$libinit$$0000001F  c_p.l(libinit2.o)
    0x00000158   0x00000158   0x00000000   Code   RO         2064    .ARM.Collect$$libinit$$00000021  c_p.l(libinit2.o)
    0x00000158   0x00000158   0x00000000   Code   RO         2066    .ARM.Collect$$libinit$$00000023  c_p.l(libinit2.o)
    0x00000158   0x00000158   0x00000000   Code   RO         2068    .ARM.Collect$$libinit$$00000025  c_p.l(libinit2.o)
    0x00000158   0x00000158   0x00000000   Code   RO         2072    .ARM.Collect$$libinit$$0000002C  c_p.l(libinit2.o)
    0x00000158   0x00000158   0x00000000   Code   RO         2074    .ARM.Collect$$libinit$$0000002E  c_p.l(libinit2.o)
    0x00000158   0x00000158   0x00000000   Code   RO         2076    .ARM.Collect$$libinit$$00000030  c_p.l(libinit2.o)
    0x00000158   0x00000158   0x00000000   Code   RO         2078    .ARM.Collect$$libinit$$00000032  c_p.l(libinit2.o)
    0x00000158   0x00000158   0x00000002   Code   RO         2079    .ARM.Collect$$libinit$$00000033  c_p.l(libinit2.o)
    0x0000015a   0x0000015a   0x00000002   Code   RO         2125    .ARM.Collect$$libshutdown$$00000000  c_p.l(libshutdown.o)
    0x0000015c   0x0000015c   0x00000000   Code   RO         2143    .ARM.Collect$$libshutdown$$00000002  c_p.l(libshutdown2.o)
    0x0000015c   0x0000015c   0x00000000   Code   RO         2145    .ARM.Collect$$libshutdown$$00000004  c_p.l(libshutdown2.o)
    0x0000015c   0x0000015c   0x00000000   Code   RO         2148    .ARM.Collect$$libshutdown$$00000007  c_p.l(libshutdown2.o)
    0x0000015c   0x0000015c   0x00000000   Code   RO         2151    .ARM.Collect$$libshutdown$$0000000A  c_p.l(libshutdown2.o)
    0x0000015c   0x0000015c   0x00000000   Code   RO         2153    .ARM.Collect$$libshutdown$$0000000C  c_p.l(libshutdown2.o)
    0x0000015c   0x0000015c   0x00000000   Code   RO         2156    .ARM.Collect$$libshutdown$$0000000F  c_p.l(libshutdown2.o)
    0x0000015c   0x0000015c   0x00000002   Code   RO         2157    .ARM.Collect$$libshutdown$$00000010  c_p.l(libshutdown2.o)
    0x0000015e   0x0000015e   0x00000000   Code   RO         1952    .ARM.Collect$$rtentry$$00000000  c_p.l(__rtentry.o)
    0x0000015e   0x0000015e   0x00000000   Code   RO         1974    .ARM.Collect$$rtentry$$00000002  c_p.l(__rtentry2.o)
    0x0000015e   0x0000015e   0x00000006   Code   RO         1986    .ARM.Collect$$rtentry$$00000004  c_p.l(__rtentry4.o)
    0x00000164   0x00000164   0x00000000   Code   RO         1976    .ARM.Collect$$rtentry$$00000009  c_p.l(__rtentry2.o)
    0x00000164   0x00000164   0x00000004   Code   RO         1977    .ARM.Collect$$rtentry$$0000000A  c_p.l(__rtentry2.o)
    0x00000168   0x00000168   0x00000000   Code   RO         1979    .ARM.Collect$$rtentry$$0000000C  c_p.l(__rtentry2.o)
    0x00000168   0x00000168   0x00000008   Code   RO         1980    .ARM.Collect$$rtentry$$0000000D  c_p.l(__rtentry2.o)
    0x00000170   0x00000170   0x00000002   Code   RO         2081    .ARM.Collect$$rtexit$$00000000  c_p.l(rtexit.o)
    0x00000172   0x00000172   0x00000000   Code   RO         2096    .ARM.Collect$$rtexit$$00000002  c_p.l(rtexit2.o)
    0x00000172   0x00000172   0x00000004   Code   RO         2097    .ARM.Collect$$rtexit$$00000003  c_p.l(rtexit2.o)
    0x00000176   0x00000176   0x00000006   Code   RO         2098    .ARM.Collect$$rtexit$$00000004  c_p.l(rtexit2.o)
    0x0000017c   0x0000017c   0x0000001c   Code   RO         1230    .emb_text           retarget.o
    0x00000198   0x00000198   0x00000038   Code   RO         1929    .emb_text           c_p.l(rt_memcpy.o)
    0x000001d0   0x000001d0   0x00000078   Code   RO         1022  * .text               startup_nano103.o
    0x00000248   0x00000248   0x0000001c   Code   RO         1873    .text               c_p.l(noretval__2printf.o)
    0x00000264   0x00000264   0x0000004e   Code   RO         1877    .text               c_p.l(_printf_pad.o)
    0x000002b2   0x000002b2   0x00000002   PAD
    0x000002b4   0x000002b4   0x0000006c   Code   RO         1881    .text               c_p.l(_printf_dec.o)
    0x00000320   0x00000320   0x00000058   Code   RO         1886    .text               c_p.l(_printf_hex_int.o)
    0x00000378   0x00000378   0x00000138   Code   RO         1916    .text               c_p.l(__printf_flags_wp.o)
    0x000004b0   0x000004b0   0x00000082   Code   RO         1930    .text               c_p.l(rt_memcpy.o)
    0x00000532   0x00000532   0x0000015a   Code   RO         1933    .text               c_p.l(aeabi_sdiv.o)
    0x0000068c   0x0000068c   0x00000006   Code   RO         1937    .text               c_p.l(heapauxi.o)
    0x00000692   0x00000692   0x000000b0   Code   RO         1961    .text               c_p.l(_printf_intcommon.o)
    0x00000742   0x00000742   0x00000002   PAD
    0x00000744   0x00000744   0x00000028   Code   RO         1967    .text               c_p.l(_printf_char_file.o)
    0x0000076c   0x0000076c   0x00000028   Code   RO         1970    .text               c_p.l(rtudiv10.o)
    0x00000794   0x00000794   0x00000030   Code   RO         1997    .text               c_p.l(_printf_char_common.o)
    0x000007c4   0x000007c4   0x00000008   Code   RO         2013    .text               c_p.l(libspace.o)
    0x000007cc   0x000007cc   0x0000003e   Code   RO         2016    .text               c_p.l(sys_stackheap_outer.o)
    0x0000080a   0x0000080a   0x00000010   Code   RO         2021    .text               c_p.l(exit.o)
    0x0000081a   0x0000081a   0x00000002   PAD
    0x0000081c   0x0000081c   0x0000000c   Code   RO         2093    .text               c_p.l(sys_exit.o)
    0x00000828   0x00000828   0x00000002   Code   RO         2112    .text               c_p.l(use_no_semi.o)
    0x0000082a   0x0000082a   0x00000000   Code   RO         2114    .text               c_p.l(indicate_semi.o)
    0x0000082a   0x0000082a   0x00000002   PAD
    0x0000082c   0x0000082c   0x0000001c   Code   RO         1034    i.CLK_EnableModuleClock  clk.o
    0x00000848   0x00000848   0x00000010   Code   RO         1037    i.CLK_EnableXtalRC  clk.o
    0x00000858   0x00000858   0x00000010   Code   RO         1038    i.CLK_GetCPUFreq    clk.o
    0x00000868   0x00000868   0x00000010   Code   RO         1039    i.CLK_GetHCLKFreq   clk.o
    0x00000878   0x00000878   0x00000014   Code   RO         1040    i.CLK_GetHXTFreq    clk.o
    0x0000088c   0x0000088c   0x00000018   Code   RO         1041    i.CLK_GetLXTFreq    clk.o
    0x000008a4   0x000008a4   0x00000038   Code   RO         1042    i.CLK_GetPCLK0Freq  clk.o
    0x000008dc   0x000008dc   0x00000038   Code   RO         1043    i.CLK_GetPCLK1Freq  clk.o
    0x00000914   0x00000914   0x00000064   Code   RO         1044    i.CLK_GetPLLClockFreq  clk.o
    0x00000978   0x00000978   0x00000024   Code   RO         1048    i.CLK_SetHCLK       clk.o
    0x0000099c   0x0000099c   0x00000050   Code   RO         1049    i.CLK_SetModuleClock  clk.o
    0x000009ec   0x000009ec   0x00000024   Code   RO         1052    i.CLK_SysTickDelay  clk.o
    0x00000a10   0x00000a10   0x0000002c   Code   RO         1053    i.CLK_WaitClockReady  clk.o
    0x00000a3c   0x00000a3c   0x0000008c   Code   RO          858    i.ClkSetup          project.o
    0x00000ac8   0x00000ac8   0x00000038   Code   RO          859    i.DelayUs           project.o
    0x00000b00   0x00000b00   0x00000088   Code   RO          649    i.GPABC_IRQHandler  irq.o
    0x00000b88   0x00000b88   0x0000001a   Code   RO         1199    i.GPIO_EnableInt    gpio.o
    0x00000ba2   0x00000ba2   0x00000028   Code   RO         1200    i.GPIO_SetMode      gpio.o
    0x00000bca   0x00000bca   0x00000002   PAD
    0x00000bcc   0x00000bcc   0x000000a4   Code   RO          860    i.GpioSetup         project.o
    0x00000c70   0x00000c70   0x00000028   Code   RO         1232    i.Hard_Fault_Handler  retarget.o
    0x00000c98   0x00000c98   0x0000001c   Code   RO          291    i.NRF_FlushRx       nrf24l01.o
    0x00000cb4   0x00000cb4   0x0000001c   Code   RO          292    i.NRF_FlushTx       nrf24l01.o
    0x00000cd0   0x00000cd0   0x0000001a   Code   RO          293    i.NRF_New           nrf24l01.o
    0x00000cea   0x00000cea   0x0000001e   Code   RO          294    i.NRF_Nop           nrf24l01.o
    0x00000d08   0x00000d08   0x00000032   Code   RO          297    i.NRF_ReadRegArray  nrf24l01.o
    0x00000d3a   0x00000d3a   0x00000028   Code   RO          298    i.NRF_ReadRegByte   nrf24l01.o
    0x00000d62   0x00000d62   0x00000032   Code   RO          303    i.NRF_Tx            nrf24l01.o
    0x00000d94   0x00000d94   0x00000022   Code   RO          304    i.NRF_TxMode        nrf24l01.o
    0x00000db6   0x00000db6   0x00000036   Code   RO          305    i.NRF_WriteRegArray  nrf24l01.o
    0x00000dec   0x00000dec   0x0000002a   Code   RO          306    i.NRF_WriteRegByte  nrf24l01.o
    0x00000e16   0x00000e16   0x00000002   PAD
    0x00000e18   0x00000e18   0x00000010   Code   RO          861    i.NVIC_Init         project.o
    0x00000e28   0x00000e28   0x0000007c   Code   RO          862    i.NrfSetup          project.o
    0x00000ea4   0x00000ea4   0x0000004c   Code   RO          863    i.PinSetup          project.o
    0x00000ef0   0x00000ef0   0x000000d4   Code   RO         1329    i.RTC_Open          rtc.o
    0x00000fc4   0x00000fc4   0x0000001c   Code   RO         1330    i.RTC_RWEN          rtc.o
    0x00000fe0   0x00000fe0   0x0000001c   Code   RO         1336    i.RTC_SetTickPeriod  rtc.o
    0x00000ffc   0x00000ffc   0x0000000c   Code   RO          745    i.ResetCE           portable.o
    0x00001008   0x00001008   0x00000020   Code   RO          864    i.RtcSetup          project.o
    0x00001028   0x00001028   0x00000010   Code   RO          746    i.SPI0_DSS          portable.o
    0x00001038   0x00001038   0x00000018   Code   RO          747    i.SPI0_Dummy        portable.o
    0x00001050   0x00001050   0x0000001c   Code   RO          748    i.SPI0_ReadByte     portable.o
    0x0000106c   0x0000106c   0x00000014   Code   RO          749    i.SPI0_SS           portable.o
    0x00001080   0x00001080   0x00000020   Code   RO          750    i.SPI0_WriteByte    portable.o
    0x000010a0   0x000010a0   0x0000001a   Code   RO         1582    i.SPI_Open          spi.o
    0x000010ba   0x000010ba   0x00000002   PAD
    0x000010bc   0x000010bc   0x000000f4   Code   RO         1583    i.SPI_SetBusClock   spi.o
    0x000011b0   0x000011b0   0x00000020   Code   RO         1235    i.SendChar_ToUART   retarget.o
    0x000011d0   0x000011d0   0x00000014   Code   RO          756    i.SetCE             portable.o
    0x000011e4   0x000011e4   0x00000044   Code   RO          865    i.SpiSetup          project.o
    0x00001228   0x00001228   0x00000074   Code   RO          958    i.SysGet_HCLKFreq   system_nano103.o
    0x0000129c   0x0000129c   0x00000064   Code   RO          959    i.SysGet_PLLClockFreq  system_nano103.o
    0x00001300   0x00001300   0x00000020   Code   RO          960    i.SystemCoreClockUpdate  system_nano103.o
    0x00001320   0x00001320   0x00000044   Code   RO          961    i.SystemInit        system_nano103.o
    0x00001364   0x00001364   0x000000bc   Code   RO         1676    i.TIMER_GetModuleClock  timer.o
    0x00001420   0x00001420   0x00000044   Code   RO         1677    i.TIMER_Open        timer.o
    0x00001464   0x00001464   0x0000000c   Code   RO          650    i.TMR0_IRQHandler   irq.o
    0x00001470   0x00001470   0x00000028   Code   RO          866    i.TimerSetup        project.o
    0x00001498   0x00001498   0x00000050   Code   RO          651    i.UART1_IRQHandler  irq.o
    0x000014e8   0x000014e8   0x0000003e   Code   RO         1763    i.UART_ClearIntFlag  uart.o
    0x00001526   0x00001526   0x00000008   Code   RO         1768    i.UART_EnableInt    uart.o
    0x0000152e   0x0000152e   0x00000002   PAD
    0x00001530   0x00001530   0x00000050   Code   RO         1769    i.UART_Open         uart.o
    0x00001580   0x00001580   0x00000014   Code   RO         1775    i.UART_SetTimeoutCnt  uart.o
    0x00001594   0x00001594   0x00000060   Code   RO          867    i.UartSetup         project.o
    0x000015f4   0x000015f4   0x00000094   Code   RO         1777    i._UART_GetUartClk  uart.o
    0x00001688   0x00001688   0x0000000e   Code   RO         1914    i._is_digit         c_p.l(__printf_wp.o)
    0x00001696   0x00001696   0x00000006   Code   RO         1237    i.ferror            retarget.o
    0x0000169c   0x0000169c   0x0000000c   Code   RO         1239    i.fputc             retarget.o
    0x000016a8   0x000016a8   0x00000124   Code   RO          717    i.main              main.o
    0x000017cc   0x000017cc   0x00000064   Code   RO          156    i.nrfP2p_InitNrf    nrf_p2p.o
    0x00001830   0x00001830   0x00000102   Code   RO          157    i.nrfP2p_NewChannel  nrf_p2p.o
    0x00001932   0x00001932   0x00000072   Code   RO          159    i.nrfP2p_SendPacket  nrf_p2p.o
    0x000019a4   0x000019a4   0x00000144   Code   RO          868    i.printReg          project.o
    0x00001ae8   0x00001ae8   0x000000a8   Code   RO         1241    i.stackDump         retarget.o
    0x00001b90   0x00001b90   0x00000098   Code   RO          392    i.vMemAlloc         vmemalloc.o
    0x00001c28   0x00001c28   0x0000004c   Code   RO          395    i.vMemInit          vmemalloc.o
    0x00001c74   0x00001c74   0x0000000a   Data   RO          869    .constdata          project.o
    0x00001c7e   0x00001c7e   0x00000002   PAD
    0x00001c80   0x00001c80   0x00000040   Data   RO         1054    .constdata          clk.o
    0x00001cc0   0x00001cc0   0x00000010   Data   RO         1681    .constdata          timer.o
    0x00001cd0   0x00001cd0   0x00000028   Data   RO         1887    .constdata          c_p.l(_printf_hex_int.o)
    0x00001cf8   0x00001cf8   0x00000011   Data   RO         1917    .constdata          c_p.l(__printf_flags_wp.o)
    0x00001d09   0x00001d09   0x00000003   PAD
    0x00001d0c   0x00001d0c   0x00000020   Data   RO         2158    Region$$Table       anon$$obj.o


    Execution Region ER_RW (Exec base: 0x20000000, Load base: 0x00001d2c, Size: 0x000000b4, Max: 0xffffffff, ABSOLUTE)

    Exec Addr    Load Addr    Size         Type   Attr      Idx    E Section Name        Object

    0x20000000   0x00001d2c   0x00000010   Data   RW          398    .data               vmemalloc.o
    0x20000010   0x00001d3c   0x00000014   Data   RW          759    .data               portable.o
    0x20000024   0x00001d50   0x00000050   Data   RW          870    .data               project.o
    0x20000074   0x00001da0   0x00000008   Data   RW          962    .data               system_nano103.o
    0x2000007c   0x00001da8   0x00000004   Data   RW         1242    .data               retarget.o
    0x20000080   0x00001dac   0x00000034   Data   RW         1338    .data               rtc.o


    Execution Region ER_ZI (Exec base: 0x200000b4, Load base: 0x00001de0, Size: 0x000019ec, Max: 0xffffffff, ABSOLUTE)

    Exec Addr    Load Addr    Size         Type   Attr      Idx    E Section Name        Object

    0x200000b4        -       0x00001388   Zero   RW          397    .bss                vmemalloc.o
    0x2000143c        -       0x00000060   Zero   RW         2014    .bss                c_p.l(libspace.o)
    0x2000149c   0x00001de0   0x00000004   PAD
    0x200014a0        -       0x00000200   Zero   RW         1020    HEAP                startup_nano103.o
    0x200016a0        -       0x00000400   Zero   RW         1019    STACK               startup_nano103.o


==============================================================================

Image component sizes


      Code (inc. data)   RO Data    RW Data    ZI Data      Debug   Object Name

         0          0          0          0          0       6632   cj_ov528.o
       528        112         64          0          0       7805   clk.o
        66          0          0          0          0       1588   gpio.o
       228         48          0          0          0      14410   irq.o
       292        144          0          0          0      20931   main.o
       382          0          0          0          0       6340   nrf24l01.o
       472          0          0          0          0     135511   nrf_p2p.o
       152         32          0         20          0       3203   portable.o
      1136        254         10         80          0      14801   project.o
       286        132          0          4          0       5159   retarget.o
       268         28          0         52          0       2622   rtc.o
       270         28          0          0          0       1989   spi.o
       120         58        192          0       1536        720   startup_nano103.o
       316         88          0          8          0     126811   system_nano103.o
       256         40         16          0          0       2140   timer.o
       318         40          0          0          0       3549   uart.o
       228         20          0         16       5000       2380   vmemalloc.o

    ----------------------------------------------------------------------
      5326       1024        316        180       6536     356591   Object Totals
         0          0         32          0          0          0   (incl. Generated)
         8          0          2          0          0          0   (incl. Padding)

    ----------------------------------------------------------------------

      Code (inc. data)   RO Data    RW Data    ZI Data      Debug   Library Member Name

         8          0          0          0          0         68   __main.o
       312          6         17          0          0         76   __printf_flags_wp.o
        14          0          0          0          0         60   __printf_wp.o
         0          0          0          0          0          0   __rtentry.o
        12          0          0          0          0          0   __rtentry2.o
         6          0          0          0          0          0   __rtentry4.o
        60          8          0          0          0          0   __scatter.o
        26          0          0          0          0          0   __scatter_copy.o
        28          0          0          0          0          0   __scatter_zi.o
        48          6          0          0          0         88   _printf_char_common.o
        40          6          0          0          0         72   _printf_char_file.o
        10          0          0          0          0          0   _printf_d.o
       108         18          0          0          0         76   _printf_dec.o
        88          4         40          0          0         72   _printf_hex_int.o
       176          0          0          0          0         84   _printf_intcommon.o
        78          0          0          0          0        100   _printf_pad.o
         2          0          0          0          0          0   _printf_percent.o
         4          0          0          0          0          0   _printf_percent_end.o
        10          0          0          0          0          0   _printf_x.o
       346          0          0          0          0         92   aeabi_sdiv.o
        16          0          0          0          0         68   exit.o
         6          0          0          0          0        136   heapauxi.o
         0          0          0          0          0          0   indicate_semi.o
         2          0          0          0          0          0   libinit.o
         2          0          0          0          0          0   libinit2.o
         2          0          0          0          0          0   libshutdown.o
         2          0          0          0          0          0   libshutdown2.o
         8          4          0          0         96         68   libspace.o
        28          6          0          0          0         84   noretval__2printf.o
       186          0          0          0          0        144   rt_memcpy.o
         2          0          0          0          0          0   rtexit.o
        10          0          0          0          0          0   rtexit2.o
        40          0          0          0          0         60   rtudiv10.o
        12          4          0          0          0         60   sys_exit.o
        62          0          0          0          0         80   sys_stackheap_outer.o
         2          0          0          0          0         68   use_no_semi.o

    ----------------------------------------------------------------------
      1766         62         60          0        100       1556   Library Totals
        10          0          3          0          4          0   (incl. Padding)

    ----------------------------------------------------------------------

      Code (inc. data)   RO Data    RW Data    ZI Data      Debug   Library Name

      1756         62         57          0         96       1556   c_p.l

    ----------------------------------------------------------------------
      1766         62         60          0        100       1556   Library Totals

    ----------------------------------------------------------------------

==============================================================================


      Code (inc. data)   RO Data    RW Data    ZI Data      Debug   

      7092       1086        376        180       6636     354379   Grand Totals
      7092       1086        376        180       6636     354379   ELF Image Totals
      7092       1086        376        180          0          0   ROM Totals

==============================================================================

    Total RO  Size (Code + RO Data)                 7468 (   7.29kB)
    Total RW  Size (RW Data + ZI Data)              6816 (   6.66kB)
    Total ROM Size (Code + RO Data + RW Data)       7648 (   7.47kB)

==============================================================================

