<html>
<body>
<pre>
<h1>µVision Build Log</h1>
<h2>Tool Versions:</h2>
IDE-Version: £gVision V5.28.0.0
Copyright (C) 2019 ARM Ltd and ARM Germany GmbH. All rights reserved.
License Information: ZHU GUAN-RONG, NFU, LIC=----
 
Tool Versions:
Toolchain:       MDK-Lite  Version: 5.29.0.0
Toolchain Path:  C:\Keil_v5\ARM\ARMCC\Bin
C Compiler:      Armcc.exe V5.06 update 6 (build 750)
Assembler:       Armasm.exe V5.06 update 6 (build 750)
Linker/Locator:  ArmLink.exe V5.06 update 6 (build 750)
Library Manager: ArmAr.exe V5.06 update 6 (build 750)
Hex Converter:   FromElf.exe V5.06 update 6 (build 750)
CPU DLL:         SARMCM3.DLL V5.29.0.0
Dialog DLL:      DARMCM1.DLL V1.19.2.0
Target DLL:      NULink\Nu_Link.dll V3.01
Dialog DLL:      TARMCM1.DLL V1.14.1.0
 
<h2>Project:</h2>
D:\Project\ARM\NANO103\PT_on_RTOS-git\.keil\PT_on_RTOS.uvprojx
Project File Date:  04/04/2020

<h2>Output:</h2>
*** Using Compiler 'V5.06 update 6 (build 750)', folder: 'C:\Keil_v5\ARM\ARMCC\Bin'
Rebuild target 'Project'
compiling vMemAlloc.c...
compiling CJ_OV528.c...
compiling NRF_P2P.c...
compiling NRF24L01.c...
compiling fifo.c...
compiling W25QXX.c...
assembling startup_Nano103.s...
compiling main.c...
..\Source\main.c(33): warning:  #111-D: statement is unreachable
      RtcSetup();
..\Source\main.c: 1 warning, 0 errors
compiling irq.c...
compiling system_Nano103.c...
compiling project.c...
compiling portable.c...
compiling clk.c...
compiling gpio.c...
compiling retarget.c...
compiling rtc.c...
compiling sys.c...
compiling spi.c...
compiling timer.c...
compiling uart.c...
linking...
Program Size: Code=6888 RO-data=348 RW-data=108 ZI-data=4636  
FromELF: creating hex file...
".\Objects\PT_on_RTOS.axf" - 0 Error(s), 1 Warning(s).

<h2>Software Packages used:</h2>

Package Vendor: Nuvoton
                http://www.nuvoton.com/hq/enu/Documents/KEILSoftwarePack/Nuvoton.NuMicro_DFP.1.3.5.pack
                Nuvoton.NuMicro_DFP.1.3.5
                Nuvoton ARM Cortex-M NuMicro Family Device Support

<h2>Collection of Component include folders:</h2>
  .\RTE\_Project
  C:\Users\User\AppData\Local\Arm\Packs\Nuvoton\NuMicro_DFP\1.3.5\Device\NANO103\Include

<h2>Collection of Component Files used:</h2>
Build Time Elapsed:  00:00:03
</pre>
</body>
</html>
