<!doctype html public "-//w3c//dtd html 4.0 transitional//en">
<html><head>
<title>Static Call Graph - [.\Objects\PT_on_RTOS.axf]</title></head>
<body><HR>
<H1>Static Call Graph for image .\Objects\PT_on_RTOS.axf</H1><HR>
<BR><P>#&#060CALLGRAPH&#062# ARM Linker, 5060750: Last Updated: Sat Oct 31 21:08:41 2020
<BR><P>
<H3>Maximum Stack Usage =        216 bytes + Unknown(Functions without stacksize, Cycles, Untraceable Function Pointers)</H3><H3>
Call chain for Maximum Stack Depth:</H3>
__rt_entry_main &rArr; main &rArr; CameraGetImage &rArr; __2printf &rArr; _printf_char_file &rArr; _printf_char_common &rArr; __printf
<P>
<H3>
Functions with no stack information
</H3><UL>
 <LI><a href="#[3c]">__user_initial_stackheap</a>
</UL>
</UL>
<P>
<H3>
Mutually Recursive functions
</H3> <LI><a href="#[8]">NMI_Handler</a>&nbsp;&nbsp;&nbsp;&rArr;&nbsp;&nbsp;&nbsp;<a href="#[8]">NMI_Handler</a><BR>
 <LI><a href="#[a]">SVC_Handler</a>&nbsp;&nbsp;&nbsp;&rArr;&nbsp;&nbsp;&nbsp;<a href="#[a]">SVC_Handler</a><BR>
 <LI><a href="#[b]">PendSV_Handler</a>&nbsp;&nbsp;&nbsp;&rArr;&nbsp;&nbsp;&nbsp;<a href="#[b]">PendSV_Handler</a><BR>
 <LI><a href="#[c]">SysTick_Handler</a>&nbsp;&nbsp;&nbsp;&rArr;&nbsp;&nbsp;&nbsp;<a href="#[c]">SysTick_Handler</a><BR>
 <LI><a href="#[20]">Default_Handler</a>&nbsp;&nbsp;&nbsp;&rArr;&nbsp;&nbsp;&nbsp;<a href="#[20]">Default_Handler</a><BR>
</UL>
<P>
<H3>
Function Pointers
</H3><UL>
 <LI><a href="#[28]">ACMP_IRQHandler</a> from startup_nano103.o(.text) referenced from startup_nano103.o(RESET)
 <LI><a href="#[27]">ADC_IRQHandler</a> from startup_nano103.o(.text) referenced from startup_nano103.o(RESET)
 <LI><a href="#[d]">BOD_IRQHandler</a> from startup_nano103.o(.text) referenced from startup_nano103.o(RESET)
 <LI><a href="#[23]">CKSD_IRQHandler</a> from irq.o(i.CKSD_IRQHandler) referenced from startup_nano103.o(RESET)
 <LI><a href="#[2f]">CameraDelay</a> from portable.o(i.CameraDelay) referenced from project.o(i.MOD_CameraInit)
 <LI><a href="#[20]">Default_Handler</a> from startup_nano103.o(.text) referenced 3 times from startup_nano103.o(RESET)
 <LI><a href="#[f]">EINT0_IRQHandler</a> from startup_nano103.o(.text) referenced from startup_nano103.o(RESET)
 <LI><a href="#[10]">EINT1_IRQHandler</a> from startup_nano103.o(.text) referenced from startup_nano103.o(RESET)
 <LI><a href="#[11]">GPABC_IRQHandler</a> from irq.o(i.GPABC_IRQHandler) referenced from startup_nano103.o(RESET)
 <LI><a href="#[12]">GPDEF_IRQHandler</a> from startup_nano103.o(.text) referenced from startup_nano103.o(RESET)
 <LI><a href="#[1d]">HIRC_IRQHandler</a> from irq.o(i.HIRC_IRQHandler) referenced from startup_nano103.o(RESET)
 <LI><a href="#[9]">HardFault_Handler</a> from retarget.o(.emb_text) referenced from startup_nano103.o(RESET)
 <LI><a href="#[2a]">Hard_Fault_Handler</a> from retarget.o(i.Hard_Fault_Handler) referenced from retarget.o(.emb_text)
 <LI><a href="#[1e]">I2C0_IRQHandler</a> from startup_nano103.o(.text) referenced from startup_nano103.o(RESET)
 <LI><a href="#[1f]">I2C1_IRQHandler</a> from startup_nano103.o(.text) referenced from startup_nano103.o(RESET)
 <LI><a href="#[8]">NMI_Handler</a> from startup_nano103.o(.text) referenced from startup_nano103.o(RESET)
 <LI><a href="#[30]">NrfDelay</a> from portable.o(i.NrfDelay) referenced from project.o(i.MOD_NrfInit)
 <LI><a href="#[24]">PDMA_IRQHandler</a> from startup_nano103.o(.text) referenced from startup_nano103.o(RESET)
 <LI><a href="#[26]">PDWU_IRQHandler</a> from main.o(i.PDWU_IRQHandler) referenced from startup_nano103.o(RESET)
 <LI><a href="#[13]">PWM0_IRQHandler</a> from startup_nano103.o(.text) referenced from startup_nano103.o(RESET)
 <LI><a href="#[b]">PendSV_Handler</a> from startup_nano103.o(.text) referenced from startup_nano103.o(RESET)
 <LI><a href="#[29]">RTC_IRQHandler</a> from irq.o(i.RTC_IRQHandler) referenced from startup_nano103.o(RESET)
 <LI><a href="#[31]">ResetCE</a> from portable.o(i.ResetCE) referenced from project.o(i.MOD_NrfInit)
 <LI><a href="#[3a]">Reset_Handler</a> from startup_nano103.o(.text) referenced from startup_nano103.o(RESET)
 <LI><a href="#[21]">SC0_IRQHandler</a> from startup_nano103.o(.text) referenced from startup_nano103.o(RESET)
 <LI><a href="#[22]">SC1_IRQHandler</a> from startup_nano103.o(.text) referenced from startup_nano103.o(RESET)
 <LI><a href="#[36]">SPI0_DSS</a> from portable.o(i.SPI0_DSS) referenced from portable.o(.data)
 <LI><a href="#[37]">SPI0_Dummy</a> from portable.o(i.SPI0_Dummy) referenced from portable.o(.data)
 <LI><a href="#[1a]">SPI0_IRQHandler</a> from startup_nano103.o(.text) referenced from startup_nano103.o(RESET)
 <LI><a href="#[34]">SPI0_ReadByte</a> from portable.o(i.SPI0_ReadByte) referenced from portable.o(.data)
 <LI><a href="#[35]">SPI0_SS</a> from portable.o(i.SPI0_SS) referenced from portable.o(.data)
 <LI><a href="#[33]">SPI0_WriteByte</a> from portable.o(i.SPI0_WriteByte) referenced from portable.o(.data)
 <LI><a href="#[1b]">SPI1_IRQHandler</a> from startup_nano103.o(.text) referenced from startup_nano103.o(RESET)
 <LI><a href="#[1c]">SPI2_IRQHandler</a> from startup_nano103.o(.text) referenced from startup_nano103.o(RESET)
 <LI><a href="#[25]">SPI3_IRQHandler</a> from startup_nano103.o(.text) referenced from startup_nano103.o(RESET)
 <LI><a href="#[a]">SVC_Handler</a> from startup_nano103.o(.text) referenced from startup_nano103.o(RESET)
 <LI><a href="#[32]">SetCE</a> from portable.o(i.SetCE) referenced from project.o(i.MOD_NrfInit)
 <LI><a href="#[c]">SysTick_Handler</a> from startup_nano103.o(.text) referenced from startup_nano103.o(RESET)
 <LI><a href="#[2b]">SystemInit</a> from system_nano103.o(i.SystemInit) referenced from startup_nano103.o(.text)
 <LI><a href="#[14]">TMR0_IRQHandler</a> from startup_nano103.o(.text) referenced from startup_nano103.o(RESET)
 <LI><a href="#[15]">TMR1_IRQHandler</a> from startup_nano103.o(.text) referenced from startup_nano103.o(RESET)
 <LI><a href="#[16]">TMR2_IRQHandler</a> from startup_nano103.o(.text) referenced from startup_nano103.o(RESET)
 <LI><a href="#[17]">TMR3_IRQHandler</a> from startup_nano103.o(.text) referenced from startup_nano103.o(RESET)
 <LI><a href="#[18]">UART0_IRQHandler</a> from irq.o(i.UART0_IRQHandler) referenced from startup_nano103.o(RESET)
 <LI><a href="#[19]">UART1_IRQHandler</a> from irq.o(i.UART1_IRQHandler) referenced from startup_nano103.o(RESET)
 <LI><a href="#[39]">UART1_Read</a> from portable.o(i.UART1_Read) referenced from portable.o(.data)
 <LI><a href="#[38]">UART1_Write</a> from portable.o(i.UART1_Write) referenced from portable.o(.data)
 <LI><a href="#[e]">WDT_IRQHandler</a> from main.o(i.WDT_IRQHandler) referenced from startup_nano103.o(RESET)
 <LI><a href="#[3b]">__main</a> from __main.o(!!!main) referenced from startup_nano103.o(.text)
 <LI><a href="#[2e]">_printf_input_char</a> from _printf_char_common.o(.text) referenced from _printf_char_common.o(.text)
 <LI><a href="#[2d]">fputc</a> from retarget.o(i.fputc) referenced from _printf_char_file.o(.text)
</UL>
<P>
<H3>
Global Symbols
</H3>
<P><STRONG><a name="[3b]"></a>__main</STRONG> (Thumb, 8 bytes, Stack size 0 bytes, __main.o(!!!main))
<BR><BR>[Calls]<UL><LI><a href="#[3e]">&gt;&gt;</a>&nbsp;&nbsp;&nbsp;__rt_entry
<LI><a href="#[3d]">&gt;&gt;</a>&nbsp;&nbsp;&nbsp;__scatterload
</UL>

<P><STRONG><a name="[3d]"></a>__scatterload</STRONG> (Thumb, 0 bytes, Stack size unknown bytes, __scatter.o(!!!scatter))
<BR><BR>[Called By]<UL><LI><a href="#[3b]">&gt;&gt;</a>&nbsp;&nbsp;&nbsp;__main
</UL>

<P><STRONG><a name="[3f]"></a>__scatterload_rt2</STRONG> (Thumb, 52 bytes, Stack size unknown bytes, __scatter.o(!!!scatter), UNUSED)
<BR><BR>[Calls]<UL><LI><a href="#[3e]">&gt;&gt;</a>&nbsp;&nbsp;&nbsp;__rt_entry
</UL>

<P><STRONG><a name="[c1]"></a>__scatterload_rt2_thumb_only</STRONG> (Thumb, 0 bytes, Stack size unknown bytes, __scatter.o(!!!scatter), UNUSED)

<P><STRONG><a name="[c2]"></a>__scatterload_null</STRONG> (Thumb, 0 bytes, Stack size unknown bytes, __scatter.o(!!!scatter), UNUSED)

<P><STRONG><a name="[40]"></a>__scatterload_copy</STRONG> (Thumb, 26 bytes, Stack size unknown bytes, __scatter_copy.o(!!handler_copy), UNUSED)
<BR><BR>[Calls]<UL><LI><a href="#[40]">&gt;&gt;</a>&nbsp;&nbsp;&nbsp;__scatterload_copy
</UL>
<BR>[Called By]<UL><LI><a href="#[40]">&gt;&gt;</a>&nbsp;&nbsp;&nbsp;__scatterload_copy
</UL>

<P><STRONG><a name="[c3]"></a>__scatterload_zeroinit</STRONG> (Thumb, 28 bytes, Stack size unknown bytes, __scatter_zi.o(!!handler_zi), UNUSED)

<P><STRONG><a name="[59]"></a>_printf_percent</STRONG> (Thumb, 0 bytes, Stack size unknown bytes, _printf_percent.o(.ARM.Collect$$_printf_percent$$00000000))
<BR><BR>[Called By]<UL><LI><a href="#[57]">&gt;&gt;</a>&nbsp;&nbsp;&nbsp;__printf
</UL>

<P><STRONG><a name="[41]"></a>_printf_d</STRONG> (Thumb, 0 bytes, Stack size unknown bytes, _printf_d.o(.ARM.Collect$$_printf_percent$$00000009))
<BR><BR>[Stack]<UL><LI>Max Depth = 88 + Unknown Stack Size
<LI>Call Chain = _printf_d &rArr; _printf_int_dec &rArr; _printf_int_common &rArr; _printf_post_padding
</UL>
<BR>[Calls]<UL><LI><a href="#[42]">&gt;&gt;</a>&nbsp;&nbsp;&nbsp;_printf_x
<LI><a href="#[43]">&gt;&gt;</a>&nbsp;&nbsp;&nbsp;_printf_int_dec
</UL>

<P><STRONG><a name="[42]"></a>_printf_x</STRONG> (Thumb, 0 bytes, Stack size unknown bytes, _printf_x.o(.ARM.Collect$$_printf_percent$$0000000C))
<BR><BR>[Stack]<UL><LI>Max Depth = 72 + Unknown Stack Size
<LI>Call Chain = _printf_x &rArr; _printf_int_hex &rArr; _printf_int_common &rArr; _printf_post_padding
</UL>
<BR>[Calls]<UL><LI><a href="#[44]">&gt;&gt;</a>&nbsp;&nbsp;&nbsp;_printf_percent_end
<LI><a href="#[45]">&gt;&gt;</a>&nbsp;&nbsp;&nbsp;_printf_int_hex
</UL>
<BR>[Called By]<UL><LI><a href="#[41]">&gt;&gt;</a>&nbsp;&nbsp;&nbsp;_printf_d
</UL>

<P><STRONG><a name="[44]"></a>_printf_percent_end</STRONG> (Thumb, 0 bytes, Stack size unknown bytes, _printf_percent_end.o(.ARM.Collect$$_printf_percent$$00000017))
<BR><BR>[Called By]<UL><LI><a href="#[42]">&gt;&gt;</a>&nbsp;&nbsp;&nbsp;_printf_x
</UL>

<P><STRONG><a name="[49]"></a>__rt_lib_init</STRONG> (Thumb, 0 bytes, Stack size unknown bytes, libinit.o(.ARM.Collect$$libinit$$00000000))
<BR><BR>[Called By]<UL><LI><a href="#[48]">&gt;&gt;</a>&nbsp;&nbsp;&nbsp;__rt_entry_li
</UL>

<P><STRONG><a name="[c4]"></a>__rt_lib_init_alloca_1</STRONG> (Thumb, 0 bytes, Stack size unknown bytes, libinit2.o(.ARM.Collect$$libinit$$0000002E))

<P><STRONG><a name="[c5]"></a>__rt_lib_init_argv_1</STRONG> (Thumb, 0 bytes, Stack size unknown bytes, libinit2.o(.ARM.Collect$$libinit$$0000002C))

<P><STRONG><a name="[c6]"></a>__rt_lib_init_atexit_1</STRONG> (Thumb, 0 bytes, Stack size unknown bytes, libinit2.o(.ARM.Collect$$libinit$$0000001B))

<P><STRONG><a name="[c7]"></a>__rt_lib_init_clock_1</STRONG> (Thumb, 0 bytes, Stack size unknown bytes, libinit2.o(.ARM.Collect$$libinit$$00000021))

<P><STRONG><a name="[c8]"></a>__rt_lib_init_cpp_1</STRONG> (Thumb, 0 bytes, Stack size unknown bytes, libinit2.o(.ARM.Collect$$libinit$$00000032))

<P><STRONG><a name="[c9]"></a>__rt_lib_init_exceptions_1</STRONG> (Thumb, 0 bytes, Stack size unknown bytes, libinit2.o(.ARM.Collect$$libinit$$00000030))

<P><STRONG><a name="[ca]"></a>__rt_lib_init_fp_1</STRONG> (Thumb, 0 bytes, Stack size unknown bytes, libinit2.o(.ARM.Collect$$libinit$$00000002))

<P><STRONG><a name="[cb]"></a>__rt_lib_init_fp_trap_1</STRONG> (Thumb, 0 bytes, Stack size unknown bytes, libinit2.o(.ARM.Collect$$libinit$$0000001F))

<P><STRONG><a name="[cc]"></a>__rt_lib_init_getenv_1</STRONG> (Thumb, 0 bytes, Stack size unknown bytes, libinit2.o(.ARM.Collect$$libinit$$00000023))

<P><STRONG><a name="[cd]"></a>__rt_lib_init_heap_1</STRONG> (Thumb, 0 bytes, Stack size unknown bytes, libinit2.o(.ARM.Collect$$libinit$$0000000A))

<P><STRONG><a name="[ce]"></a>__rt_lib_init_lc_collate_1</STRONG> (Thumb, 0 bytes, Stack size unknown bytes, libinit2.o(.ARM.Collect$$libinit$$00000011))

<P><STRONG><a name="[cf]"></a>__rt_lib_init_lc_ctype_1</STRONG> (Thumb, 0 bytes, Stack size unknown bytes, libinit2.o(.ARM.Collect$$libinit$$00000013))

<P><STRONG><a name="[d0]"></a>__rt_lib_init_lc_monetary_1</STRONG> (Thumb, 0 bytes, Stack size unknown bytes, libinit2.o(.ARM.Collect$$libinit$$00000015))

<P><STRONG><a name="[d1]"></a>__rt_lib_init_lc_numeric_1</STRONG> (Thumb, 0 bytes, Stack size unknown bytes, libinit2.o(.ARM.Collect$$libinit$$00000017))

<P><STRONG><a name="[d2]"></a>__rt_lib_init_lc_time_1</STRONG> (Thumb, 0 bytes, Stack size unknown bytes, libinit2.o(.ARM.Collect$$libinit$$00000019))

<P><STRONG><a name="[d3]"></a>__rt_lib_init_preinit_1</STRONG> (Thumb, 0 bytes, Stack size unknown bytes, libinit2.o(.ARM.Collect$$libinit$$00000004))

<P><STRONG><a name="[d4]"></a>__rt_lib_init_rand_1</STRONG> (Thumb, 0 bytes, Stack size unknown bytes, libinit2.o(.ARM.Collect$$libinit$$0000000E))

<P><STRONG><a name="[d5]"></a>__rt_lib_init_return</STRONG> (Thumb, 0 bytes, Stack size unknown bytes, libinit2.o(.ARM.Collect$$libinit$$00000033))

<P><STRONG><a name="[d6]"></a>__rt_lib_init_signal_1</STRONG> (Thumb, 0 bytes, Stack size unknown bytes, libinit2.o(.ARM.Collect$$libinit$$0000001D))

<P><STRONG><a name="[d7]"></a>__rt_lib_init_stdio_1</STRONG> (Thumb, 0 bytes, Stack size unknown bytes, libinit2.o(.ARM.Collect$$libinit$$00000025))

<P><STRONG><a name="[d8]"></a>__rt_lib_init_user_alloc_1</STRONG> (Thumb, 0 bytes, Stack size unknown bytes, libinit2.o(.ARM.Collect$$libinit$$0000000C))

<P><STRONG><a name="[4e]"></a>__rt_lib_shutdown</STRONG> (Thumb, 0 bytes, Stack size unknown bytes, libshutdown.o(.ARM.Collect$$libshutdown$$00000000))
<BR><BR>[Called By]<UL><LI><a href="#[4d]">&gt;&gt;</a>&nbsp;&nbsp;&nbsp;__rt_exit_ls
</UL>

<P><STRONG><a name="[d9]"></a>__rt_lib_shutdown_cpp_1</STRONG> (Thumb, 0 bytes, Stack size unknown bytes, libshutdown2.o(.ARM.Collect$$libshutdown$$00000002))

<P><STRONG><a name="[da]"></a>__rt_lib_shutdown_fp_trap_1</STRONG> (Thumb, 0 bytes, Stack size unknown bytes, libshutdown2.o(.ARM.Collect$$libshutdown$$00000007))

<P><STRONG><a name="[db]"></a>__rt_lib_shutdown_heap_1</STRONG> (Thumb, 0 bytes, Stack size unknown bytes, libshutdown2.o(.ARM.Collect$$libshutdown$$0000000F))

<P><STRONG><a name="[dc]"></a>__rt_lib_shutdown_return</STRONG> (Thumb, 0 bytes, Stack size unknown bytes, libshutdown2.o(.ARM.Collect$$libshutdown$$00000010))

<P><STRONG><a name="[dd]"></a>__rt_lib_shutdown_signal_1</STRONG> (Thumb, 0 bytes, Stack size unknown bytes, libshutdown2.o(.ARM.Collect$$libshutdown$$0000000A))

<P><STRONG><a name="[de]"></a>__rt_lib_shutdown_stdio_1</STRONG> (Thumb, 0 bytes, Stack size unknown bytes, libshutdown2.o(.ARM.Collect$$libshutdown$$00000004))

<P><STRONG><a name="[df]"></a>__rt_lib_shutdown_user_alloc_1</STRONG> (Thumb, 0 bytes, Stack size unknown bytes, libshutdown2.o(.ARM.Collect$$libshutdown$$0000000C))

<P><STRONG><a name="[3e]"></a>__rt_entry</STRONG> (Thumb, 0 bytes, Stack size unknown bytes, __rtentry.o(.ARM.Collect$$rtentry$$00000000))
<BR><BR>[Called By]<UL><LI><a href="#[3b]">&gt;&gt;</a>&nbsp;&nbsp;&nbsp;__main
<LI><a href="#[3f]">&gt;&gt;</a>&nbsp;&nbsp;&nbsp;__scatterload_rt2
</UL>

<P><STRONG><a name="[e0]"></a>__rt_entry_presh_1</STRONG> (Thumb, 0 bytes, Stack size unknown bytes, __rtentry2.o(.ARM.Collect$$rtentry$$00000002))

<P><STRONG><a name="[46]"></a>__rt_entry_sh</STRONG> (Thumb, 0 bytes, Stack size unknown bytes, __rtentry4.o(.ARM.Collect$$rtentry$$00000004))
<BR><BR>[Stack]<UL><LI>Max Depth = 8 + Unknown Stack Size
<LI>Call Chain = __rt_entry_sh &rArr; __user_setup_stackheap
</UL>
<BR>[Calls]<UL><LI><a href="#[47]">&gt;&gt;</a>&nbsp;&nbsp;&nbsp;__user_setup_stackheap
</UL>

<P><STRONG><a name="[48]"></a>__rt_entry_li</STRONG> (Thumb, 0 bytes, Stack size unknown bytes, __rtentry2.o(.ARM.Collect$$rtentry$$0000000A))
<BR><BR>[Calls]<UL><LI><a href="#[49]">&gt;&gt;</a>&nbsp;&nbsp;&nbsp;__rt_lib_init
</UL>

<P><STRONG><a name="[e1]"></a>__rt_entry_postsh_1</STRONG> (Thumb, 0 bytes, Stack size unknown bytes, __rtentry2.o(.ARM.Collect$$rtentry$$00000009))

<P><STRONG><a name="[4a]"></a>__rt_entry_main</STRONG> (Thumb, 0 bytes, Stack size unknown bytes, __rtentry2.o(.ARM.Collect$$rtentry$$0000000D))
<BR><BR>[Stack]<UL><LI>Max Depth = 216 + Unknown Stack Size
<LI>Call Chain = __rt_entry_main &rArr; main &rArr; CameraGetImage &rArr; __2printf &rArr; _printf_char_file &rArr; _printf_char_common &rArr; __printf
</UL>
<BR>[Calls]<UL><LI><a href="#[4b]">&gt;&gt;</a>&nbsp;&nbsp;&nbsp;main
<LI><a href="#[4c]">&gt;&gt;</a>&nbsp;&nbsp;&nbsp;exit
</UL>

<P><STRONG><a name="[e2]"></a>__rt_entry_postli_1</STRONG> (Thumb, 0 bytes, Stack size unknown bytes, __rtentry2.o(.ARM.Collect$$rtentry$$0000000C))

<P><STRONG><a name="[62]"></a>__rt_exit</STRONG> (Thumb, 0 bytes, Stack size unknown bytes, rtexit.o(.ARM.Collect$$rtexit$$00000000))
<BR><BR>[Called By]<UL><LI><a href="#[4c]">&gt;&gt;</a>&nbsp;&nbsp;&nbsp;exit
</UL>

<P><STRONG><a name="[4d]"></a>__rt_exit_ls</STRONG> (Thumb, 0 bytes, Stack size unknown bytes, rtexit2.o(.ARM.Collect$$rtexit$$00000003))
<BR><BR>[Calls]<UL><LI><a href="#[4e]">&gt;&gt;</a>&nbsp;&nbsp;&nbsp;__rt_lib_shutdown
</UL>

<P><STRONG><a name="[e3]"></a>__rt_exit_prels_1</STRONG> (Thumb, 0 bytes, Stack size unknown bytes, rtexit2.o(.ARM.Collect$$rtexit$$00000002))

<P><STRONG><a name="[4f]"></a>__rt_exit_exit</STRONG> (Thumb, 0 bytes, Stack size unknown bytes, rtexit2.o(.ARM.Collect$$rtexit$$00000004))
<BR><BR>[Calls]<UL><LI><a href="#[50]">&gt;&gt;</a>&nbsp;&nbsp;&nbsp;_sys_exit
</UL>

<P><STRONG><a name="[9]"></a>HardFault_Handler</STRONG> (Thumb, 24 bytes, Stack size 0 bytes, retarget.o(.emb_text))
<BR>[Address Reference Count : 1]<UL><LI> startup_nano103.o(RESET)
</UL>
<P><STRONG><a name="[5b]"></a>__aeabi_memcpy4</STRONG> (Thumb, 56 bytes, Stack size 0 bytes, rt_memcpy.o(.emb_text))
<BR><BR>[Called By]<UL><LI><a href="#[76]">&gt;&gt;</a>&nbsp;&nbsp;&nbsp;CmdDecoder
<LI><a href="#[5a]">&gt;&gt;</a>&nbsp;&nbsp;&nbsp;__aeabi_memcpy
</UL>

<P><STRONG><a name="[e4]"></a>__aeabi_memcpy8</STRONG> (Thumb, 0 bytes, Stack size 0 bytes, rt_memcpy.o(.emb_text), UNUSED)

<P><STRONG><a name="[3a]"></a>Reset_Handler</STRONG> (Thumb, 40 bytes, Stack size 0 bytes, startup_nano103.o(.text))

<P><STRONG><a name="[8]"></a>NMI_Handler</STRONG> (Thumb, 2 bytes, Stack size 0 bytes, startup_nano103.o(.text))
<BR><BR>[Calls]<UL><LI><a href="#[8]">&gt;&gt;</a>&nbsp;&nbsp;&nbsp;NMI_Handler
</UL>
<BR>[Called By]<UL><LI><a href="#[8]">&gt;&gt;</a>&nbsp;&nbsp;&nbsp;NMI_Handler
</UL>
<BR>[Address Reference Count : 1]<UL><LI> startup_nano103.o(RESET)
</UL>
<P><STRONG><a name="[a]"></a>SVC_Handler</STRONG> (Thumb, 2 bytes, Stack size 0 bytes, startup_nano103.o(.text))
<BR><BR>[Calls]<UL><LI><a href="#[a]">&gt;&gt;</a>&nbsp;&nbsp;&nbsp;SVC_Handler
</UL>
<BR>[Called By]<UL><LI><a href="#[a]">&gt;&gt;</a>&nbsp;&nbsp;&nbsp;SVC_Handler
</UL>
<BR>[Address Reference Count : 1]<UL><LI> startup_nano103.o(RESET)
</UL>
<P><STRONG><a name="[b]"></a>PendSV_Handler</STRONG> (Thumb, 2 bytes, Stack size 0 bytes, startup_nano103.o(.text))
<BR><BR>[Calls]<UL><LI><a href="#[b]">&gt;&gt;</a>&nbsp;&nbsp;&nbsp;PendSV_Handler
</UL>
<BR>[Called By]<UL><LI><a href="#[b]">&gt;&gt;</a>&nbsp;&nbsp;&nbsp;PendSV_Handler
</UL>
<BR>[Address Reference Count : 1]<UL><LI> startup_nano103.o(RESET)
</UL>
<P><STRONG><a name="[c]"></a>SysTick_Handler</STRONG> (Thumb, 2 bytes, Stack size 0 bytes, startup_nano103.o(.text))
<BR><BR>[Calls]<UL><LI><a href="#[c]">&gt;&gt;</a>&nbsp;&nbsp;&nbsp;SysTick_Handler
</UL>
<BR>[Called By]<UL><LI><a href="#[c]">&gt;&gt;</a>&nbsp;&nbsp;&nbsp;SysTick_Handler
</UL>
<BR>[Address Reference Count : 1]<UL><LI> startup_nano103.o(RESET)
</UL>
<P><STRONG><a name="[28]"></a>ACMP_IRQHandler</STRONG> (Thumb, 0 bytes, Stack size 0 bytes, startup_nano103.o(.text))
<BR>[Address Reference Count : 1]<UL><LI> startup_nano103.o(RESET)
</UL>
<P><STRONG><a name="[27]"></a>ADC_IRQHandler</STRONG> (Thumb, 0 bytes, Stack size 0 bytes, startup_nano103.o(.text))
<BR>[Address Reference Count : 1]<UL><LI> startup_nano103.o(RESET)
</UL>
<P><STRONG><a name="[d]"></a>BOD_IRQHandler</STRONG> (Thumb, 0 bytes, Stack size 0 bytes, startup_nano103.o(.text))
<BR>[Address Reference Count : 1]<UL><LI> startup_nano103.o(RESET)
</UL>
<P><STRONG><a name="[f]"></a>EINT0_IRQHandler</STRONG> (Thumb, 0 bytes, Stack size 0 bytes, startup_nano103.o(.text))
<BR>[Address Reference Count : 1]<UL><LI> startup_nano103.o(RESET)
</UL>
<P><STRONG><a name="[10]"></a>EINT1_IRQHandler</STRONG> (Thumb, 0 bytes, Stack size 0 bytes, startup_nano103.o(.text))
<BR>[Address Reference Count : 1]<UL><LI> startup_nano103.o(RESET)
</UL>
<P><STRONG><a name="[12]"></a>GPDEF_IRQHandler</STRONG> (Thumb, 0 bytes, Stack size 0 bytes, startup_nano103.o(.text))
<BR>[Address Reference Count : 1]<UL><LI> startup_nano103.o(RESET)
</UL>
<P><STRONG><a name="[1e]"></a>I2C0_IRQHandler</STRONG> (Thumb, 0 bytes, Stack size 0 bytes, startup_nano103.o(.text))
<BR>[Address Reference Count : 1]<UL><LI> startup_nano103.o(RESET)
</UL>
<P><STRONG><a name="[1f]"></a>I2C1_IRQHandler</STRONG> (Thumb, 0 bytes, Stack size 0 bytes, startup_nano103.o(.text))
<BR>[Address Reference Count : 1]<UL><LI> startup_nano103.o(RESET)
</UL>
<P><STRONG><a name="[24]"></a>PDMA_IRQHandler</STRONG> (Thumb, 0 bytes, Stack size 0 bytes, startup_nano103.o(.text))
<BR>[Address Reference Count : 1]<UL><LI> startup_nano103.o(RESET)
</UL>
<P><STRONG><a name="[13]"></a>PWM0_IRQHandler</STRONG> (Thumb, 0 bytes, Stack size 0 bytes, startup_nano103.o(.text))
<BR>[Address Reference Count : 1]<UL><LI> startup_nano103.o(RESET)
</UL>
<P><STRONG><a name="[21]"></a>SC0_IRQHandler</STRONG> (Thumb, 0 bytes, Stack size 0 bytes, startup_nano103.o(.text))
<BR>[Address Reference Count : 1]<UL><LI> startup_nano103.o(RESET)
</UL>
<P><STRONG><a name="[22]"></a>SC1_IRQHandler</STRONG> (Thumb, 0 bytes, Stack size 0 bytes, startup_nano103.o(.text))
<BR>[Address Reference Count : 1]<UL><LI> startup_nano103.o(RESET)
</UL>
<P><STRONG><a name="[1a]"></a>SPI0_IRQHandler</STRONG> (Thumb, 0 bytes, Stack size 0 bytes, startup_nano103.o(.text))
<BR>[Address Reference Count : 1]<UL><LI> startup_nano103.o(RESET)
</UL>
<P><STRONG><a name="[1b]"></a>SPI1_IRQHandler</STRONG> (Thumb, 0 bytes, Stack size 0 bytes, startup_nano103.o(.text))
<BR>[Address Reference Count : 1]<UL><LI> startup_nano103.o(RESET)
</UL>
<P><STRONG><a name="[1c]"></a>SPI2_IRQHandler</STRONG> (Thumb, 0 bytes, Stack size 0 bytes, startup_nano103.o(.text))
<BR>[Address Reference Count : 1]<UL><LI> startup_nano103.o(RESET)
</UL>
<P><STRONG><a name="[25]"></a>SPI3_IRQHandler</STRONG> (Thumb, 0 bytes, Stack size 0 bytes, startup_nano103.o(.text))
<BR>[Address Reference Count : 1]<UL><LI> startup_nano103.o(RESET)
</UL>
<P><STRONG><a name="[14]"></a>TMR0_IRQHandler</STRONG> (Thumb, 0 bytes, Stack size 0 bytes, startup_nano103.o(.text))
<BR>[Address Reference Count : 1]<UL><LI> startup_nano103.o(RESET)
</UL>
<P><STRONG><a name="[15]"></a>TMR1_IRQHandler</STRONG> (Thumb, 0 bytes, Stack size 0 bytes, startup_nano103.o(.text))
<BR>[Address Reference Count : 1]<UL><LI> startup_nano103.o(RESET)
</UL>
<P><STRONG><a name="[16]"></a>TMR2_IRQHandler</STRONG> (Thumb, 0 bytes, Stack size 0 bytes, startup_nano103.o(.text))
<BR>[Address Reference Count : 1]<UL><LI> startup_nano103.o(RESET)
</UL>
<P><STRONG><a name="[17]"></a>TMR3_IRQHandler</STRONG> (Thumb, 0 bytes, Stack size 0 bytes, startup_nano103.o(.text))
<BR>[Address Reference Count : 1]<UL><LI> startup_nano103.o(RESET)
</UL>
<P><STRONG><a name="[3c]"></a>__user_initial_stackheap</STRONG> (Thumb, 0 bytes, Stack size unknown bytes, startup_nano103.o(.text))
<BR><BR>[Called By]<UL><LI><a href="#[47]">&gt;&gt;</a>&nbsp;&nbsp;&nbsp;__user_setup_stackheap
</UL>

<P><STRONG><a name="[51]"></a>__2printf</STRONG> (Thumb, 22 bytes, Stack size 24 bytes, noretval__2printf.o(.text))
<BR><BR>[Stack]<UL><LI>Max Depth = 136 + Unknown Stack Size
<LI>Call Chain = __2printf &rArr; _printf_char_file &rArr; _printf_char_common &rArr; __printf
</UL>
<BR>[Calls]<UL><LI><a href="#[52]">&gt;&gt;</a>&nbsp;&nbsp;&nbsp;_printf_char_file
</UL>
<BR>[Called By]<UL><LI><a href="#[1d]">&gt;&gt;</a>&nbsp;&nbsp;&nbsp;HIRC_IRQHandler
<LI><a href="#[23]">&gt;&gt;</a>&nbsp;&nbsp;&nbsp;CKSD_IRQHandler
<LI><a href="#[7f]">&gt;&gt;</a>&nbsp;&nbsp;&nbsp;FIFO_New
<LI><a href="#[89]">&gt;&gt;</a>&nbsp;&nbsp;&nbsp;stackDump
<LI><a href="#[2a]">&gt;&gt;</a>&nbsp;&nbsp;&nbsp;Hard_Fault_Handler
<LI><a href="#[97]">&gt;&gt;</a>&nbsp;&nbsp;&nbsp;MCU_SavePinState
<LI><a href="#[a9]">&gt;&gt;</a>&nbsp;&nbsp;&nbsp;MOD_NrfInit
<LI><a href="#[a8]">&gt;&gt;</a>&nbsp;&nbsp;&nbsp;MOD_GpsInit
<LI><a href="#[a6]">&gt;&gt;</a>&nbsp;&nbsp;&nbsp;MOD_CameraInit
<LI><a href="#[a4]">&gt;&gt;</a>&nbsp;&nbsp;&nbsp;MCU_WdtInit
<LI><a href="#[a0]">&gt;&gt;</a>&nbsp;&nbsp;&nbsp;MCU_UartInit
<LI><a href="#[9d]">&gt;&gt;</a>&nbsp;&nbsp;&nbsp;MCU_SpiInit
<LI><a href="#[99]">&gt;&gt;</a>&nbsp;&nbsp;&nbsp;MCU_RtcInit
<LI><a href="#[98]">&gt;&gt;</a>&nbsp;&nbsp;&nbsp;MCU_PowerDownRestore
<LI><a href="#[95]">&gt;&gt;</a>&nbsp;&nbsp;&nbsp;MCU_PinInit
<LI><a href="#[93]">&gt;&gt;</a>&nbsp;&nbsp;&nbsp;MCU_NvicInit
<LI><a href="#[90]">&gt;&gt;</a>&nbsp;&nbsp;&nbsp;MCU_GpioInit
<LI><a href="#[8a]">&gt;&gt;</a>&nbsp;&nbsp;&nbsp;MCU_ClkInit
<LI><a href="#[76]">&gt;&gt;</a>&nbsp;&nbsp;&nbsp;CmdDecoder
<LI><a href="#[69]">&gt;&gt;</a>&nbsp;&nbsp;&nbsp;CameraGetImage
<LI><a href="#[4b]">&gt;&gt;</a>&nbsp;&nbsp;&nbsp;main
<LI><a href="#[e]">&gt;&gt;</a>&nbsp;&nbsp;&nbsp;WDT_IRQHandler
<LI><a href="#[88]">&gt;&gt;</a>&nbsp;&nbsp;&nbsp;RstWwdt
<LI><a href="#[26]">&gt;&gt;</a>&nbsp;&nbsp;&nbsp;PDWU_IRQHandler
<LI><a href="#[87]">&gt;&gt;</a>&nbsp;&nbsp;&nbsp;GpsScan
</UL>

<P><STRONG><a name="[5c]"></a>_printf_pre_padding</STRONG> (Thumb, 44 bytes, Stack size 16 bytes, _printf_pad.o(.text))
<BR><BR>[Stack]<UL><LI>Max Depth = 16<LI>Call Chain = _printf_pre_padding
</UL>
<BR>[Called By]<UL><LI><a href="#[56]">&gt;&gt;</a>&nbsp;&nbsp;&nbsp;_printf_int_common
</UL>

<P><STRONG><a name="[5d]"></a>_printf_post_padding</STRONG> (Thumb, 34 bytes, Stack size 16 bytes, _printf_pad.o(.text))
<BR><BR>[Stack]<UL><LI>Max Depth = 16<LI>Call Chain = _printf_post_padding
</UL>
<BR>[Called By]<UL><LI><a href="#[56]">&gt;&gt;</a>&nbsp;&nbsp;&nbsp;_printf_int_common
</UL>

<P><STRONG><a name="[43]"></a>_printf_int_dec</STRONG> (Thumb, 90 bytes, Stack size 32 bytes, _printf_dec.o(.text))
<BR><BR>[Stack]<UL><LI>Max Depth = 88<LI>Call Chain = _printf_int_dec &rArr; _printf_int_common &rArr; _printf_post_padding
</UL>
<BR>[Calls]<UL><LI><a href="#[55]">&gt;&gt;</a>&nbsp;&nbsp;&nbsp;__rt_udiv10
<LI><a href="#[56]">&gt;&gt;</a>&nbsp;&nbsp;&nbsp;_printf_int_common
<LI><a href="#[54]">&gt;&gt;</a>&nbsp;&nbsp;&nbsp;_printf_truncate_unsigned (Weak Reference)
<LI><a href="#[53]">&gt;&gt;</a>&nbsp;&nbsp;&nbsp;_printf_truncate_signed (Weak Reference)
</UL>
<BR>[Called By]<UL><LI><a href="#[41]">&gt;&gt;</a>&nbsp;&nbsp;&nbsp;_printf_d
</UL>

<P><STRONG><a name="[45]"></a>_printf_int_hex</STRONG> (Thumb, 84 bytes, Stack size 16 bytes, _printf_hex_int.o(.text))
<BR><BR>[Stack]<UL><LI>Max Depth = 72<LI>Call Chain = _printf_int_hex &rArr; _printf_int_common &rArr; _printf_post_padding
</UL>
<BR>[Calls]<UL><LI><a href="#[56]">&gt;&gt;</a>&nbsp;&nbsp;&nbsp;_printf_int_common
<LI><a href="#[54]">&gt;&gt;</a>&nbsp;&nbsp;&nbsp;_printf_truncate_unsigned (Weak Reference)
</UL>
<BR>[Called By]<UL><LI><a href="#[42]">&gt;&gt;</a>&nbsp;&nbsp;&nbsp;_printf_x
</UL>

<P><STRONG><a name="[e5]"></a>_printf_longlong_hex</STRONG> (Thumb, 0 bytes, Stack size 16 bytes, _printf_hex_int.o(.text), UNUSED)

<P><STRONG><a name="[57]"></a>__printf</STRONG> (Thumb, 306 bytes, Stack size 32 bytes, __printf_flags_wp.o(.text))
<BR><BR>[Stack]<UL><LI>Max Depth = 32 + Unknown Stack Size
<LI>Call Chain = __printf
</UL>
<BR>[Calls]<UL><LI><a href="#[59]">&gt;&gt;</a>&nbsp;&nbsp;&nbsp;_printf_percent
<LI><a href="#[58]">&gt;&gt;</a>&nbsp;&nbsp;&nbsp;_is_digit
</UL>
<BR>[Called By]<UL><LI><a href="#[5e]">&gt;&gt;</a>&nbsp;&nbsp;&nbsp;_printf_char_common
</UL>

<P><STRONG><a name="[5a]"></a>__aeabi_memcpy</STRONG> (Thumb, 130 bytes, Stack size 24 bytes, rt_memcpy.o(.text))
<BR><BR>[Stack]<UL><LI>Max Depth = 24<LI>Call Chain = __aeabi_memcpy
</UL>
<BR>[Calls]<UL><LI><a href="#[5b]">&gt;&gt;</a>&nbsp;&nbsp;&nbsp;__aeabi_memcpy4
</UL>
<BR>[Called By]<UL><LI><a href="#[ac]">&gt;&gt;</a>&nbsp;&nbsp;&nbsp;nrfP2P_NewChannel
<LI><a href="#[87]">&gt;&gt;</a>&nbsp;&nbsp;&nbsp;GpsScan
</UL>

<P><STRONG><a name="[e6]"></a>__rt_memcpy</STRONG> (Thumb, 0 bytes, Stack size 24 bytes, rt_memcpy.o(.text), UNUSED)

<P><STRONG><a name="[e7]"></a>__aeabi_uidiv</STRONG> (Thumb, 0 bytes, Stack size 0 bytes, aeabi_sdiv.o(.text), UNUSED)

<P><STRONG><a name="[66]"></a>__aeabi_uidivmod</STRONG> (Thumb, 20 bytes, Stack size 0 bytes, aeabi_sdiv.o(.text))
<BR><BR>[Called By]<UL><LI><a href="#[7b]">&gt;&gt;</a>&nbsp;&nbsp;&nbsp;RTC_SetDateAndTime
<LI><a href="#[7a]">&gt;&gt;</a>&nbsp;&nbsp;&nbsp;FIFO_ReadData
<LI><a href="#[71]">&gt;&gt;</a>&nbsp;&nbsp;&nbsp;OV528_GetPictue
<LI><a href="#[65]">&gt;&gt;</a>&nbsp;&nbsp;&nbsp;CLK_GetPLLClockFreq
<LI><a href="#[64]">&gt;&gt;</a>&nbsp;&nbsp;&nbsp;SystemCoreClockUpdate
<LI><a href="#[b7]">&gt;&gt;</a>&nbsp;&nbsp;&nbsp;SysGet_PLLClockFreq
<LI><a href="#[b6]">&gt;&gt;</a>&nbsp;&nbsp;&nbsp;SysGet_HCLKFreq
<LI><a href="#[a1]">&gt;&gt;</a>&nbsp;&nbsp;&nbsp;UART_Open
<LI><a href="#[7c]">&gt;&gt;</a>&nbsp;&nbsp;&nbsp;RTC_SetAlarmDateAndTime
<LI><a href="#[9b]">&gt;&gt;</a>&nbsp;&nbsp;&nbsp;RTC_Open
<LI><a href="#[76]">&gt;&gt;</a>&nbsp;&nbsp;&nbsp;CmdDecoder
<LI><a href="#[bb]">&gt;&gt;</a>&nbsp;&nbsp;&nbsp;_UART_GetUartClk
<LI><a href="#[b5]">&gt;&gt;</a>&nbsp;&nbsp;&nbsp;SPI_SetBusClock
</UL>

<P><STRONG><a name="[e8]"></a>__aeabi_idiv</STRONG> (Thumb, 0 bytes, Stack size 8 bytes, aeabi_sdiv.o(.text), UNUSED)

<P><STRONG><a name="[e9]"></a>__aeabi_idivmod</STRONG> (Thumb, 326 bytes, Stack size 8 bytes, aeabi_sdiv.o(.text), UNUSED)

<P><STRONG><a name="[ea]"></a>__use_two_region_memory</STRONG> (Thumb, 2 bytes, Stack size 0 bytes, heapauxi.o(.text), UNUSED)

<P><STRONG><a name="[eb]"></a>__rt_heap_escrow$2region</STRONG> (Thumb, 2 bytes, Stack size 0 bytes, heapauxi.o(.text), UNUSED)

<P><STRONG><a name="[ec]"></a>__rt_heap_expand$2region</STRONG> (Thumb, 2 bytes, Stack size 0 bytes, heapauxi.o(.text), UNUSED)

<P><STRONG><a name="[56]"></a>_printf_int_common</STRONG> (Thumb, 176 bytes, Stack size 40 bytes, _printf_intcommon.o(.text))
<BR><BR>[Stack]<UL><LI>Max Depth = 56<LI>Call Chain = _printf_int_common &rArr; _printf_post_padding
</UL>
<BR>[Calls]<UL><LI><a href="#[5d]">&gt;&gt;</a>&nbsp;&nbsp;&nbsp;_printf_post_padding
<LI><a href="#[5c]">&gt;&gt;</a>&nbsp;&nbsp;&nbsp;_printf_pre_padding
</UL>
<BR>[Called By]<UL><LI><a href="#[45]">&gt;&gt;</a>&nbsp;&nbsp;&nbsp;_printf_int_hex
<LI><a href="#[43]">&gt;&gt;</a>&nbsp;&nbsp;&nbsp;_printf_int_dec
</UL>

<P><STRONG><a name="[52]"></a>_printf_char_file</STRONG> (Thumb, 34 bytes, Stack size 16 bytes, _printf_char_file.o(.text))
<BR><BR>[Stack]<UL><LI>Max Depth = 112 + Unknown Stack Size
<LI>Call Chain = _printf_char_file &rArr; _printf_char_common &rArr; __printf
</UL>
<BR>[Calls]<UL><LI><a href="#[5f]">&gt;&gt;</a>&nbsp;&nbsp;&nbsp;ferror
<LI><a href="#[5e]">&gt;&gt;</a>&nbsp;&nbsp;&nbsp;_printf_char_common
</UL>
<BR>[Called By]<UL><LI><a href="#[51]">&gt;&gt;</a>&nbsp;&nbsp;&nbsp;__2printf
</UL>

<P><STRONG><a name="[55]"></a>__rt_udiv10</STRONG> (Thumb, 40 bytes, Stack size 0 bytes, rtudiv10.o(.text))
<BR><BR>[Called By]<UL><LI><a href="#[43]">&gt;&gt;</a>&nbsp;&nbsp;&nbsp;_printf_int_dec
</UL>

<P><STRONG><a name="[5e]"></a>_printf_char_common</STRONG> (Thumb, 32 bytes, Stack size 64 bytes, _printf_char_common.o(.text))
<BR><BR>[Stack]<UL><LI>Max Depth = 96 + Unknown Stack Size
<LI>Call Chain = _printf_char_common &rArr; __printf
</UL>
<BR>[Calls]<UL><LI><a href="#[57]">&gt;&gt;</a>&nbsp;&nbsp;&nbsp;__printf
</UL>
<BR>[Called By]<UL><LI><a href="#[52]">&gt;&gt;</a>&nbsp;&nbsp;&nbsp;_printf_char_file
</UL>

<P><STRONG><a name="[ed]"></a>__user_libspace</STRONG> (Thumb, 8 bytes, Stack size 0 bytes, libspace.o(.text), UNUSED)

<P><STRONG><a name="[60]"></a>__user_perproc_libspace</STRONG> (Thumb, 0 bytes, Stack size 0 bytes, libspace.o(.text))
<BR><BR>[Called By]<UL><LI><a href="#[47]">&gt;&gt;</a>&nbsp;&nbsp;&nbsp;__user_setup_stackheap
</UL>

<P><STRONG><a name="[ee]"></a>__user_perthread_libspace</STRONG> (Thumb, 0 bytes, Stack size 0 bytes, libspace.o(.text), UNUSED)

<P><STRONG><a name="[47]"></a>__user_setup_stackheap</STRONG> (Thumb, 62 bytes, Stack size 8 bytes, sys_stackheap_outer.o(.text))
<BR><BR>[Stack]<UL><LI>Max Depth = 8 + Unknown Stack Size
<LI>Call Chain = __user_setup_stackheap
</UL>
<BR>[Calls]<UL><LI><a href="#[3c]">&gt;&gt;</a>&nbsp;&nbsp;&nbsp;__user_initial_stackheap
<LI><a href="#[60]">&gt;&gt;</a>&nbsp;&nbsp;&nbsp;__user_perproc_libspace
</UL>
<BR>[Called By]<UL><LI><a href="#[46]">&gt;&gt;</a>&nbsp;&nbsp;&nbsp;__rt_entry_sh
</UL>

<P><STRONG><a name="[4c]"></a>exit</STRONG> (Thumb, 16 bytes, Stack size 8 bytes, exit.o(.text))
<BR><BR>[Stack]<UL><LI>Max Depth = 8 + Unknown Stack Size
<LI>Call Chain = exit
</UL>
<BR>[Calls]<UL><LI><a href="#[62]">&gt;&gt;</a>&nbsp;&nbsp;&nbsp;__rt_exit
<LI><a href="#[61]">&gt;&gt;</a>&nbsp;&nbsp;&nbsp;_call_atexit_fns (Weak Reference)
</UL>
<BR>[Called By]<UL><LI><a href="#[4a]">&gt;&gt;</a>&nbsp;&nbsp;&nbsp;__rt_entry_main
</UL>

<P><STRONG><a name="[50]"></a>_sys_exit</STRONG> (Thumb, 8 bytes, Stack size 0 bytes, sys_exit.o(.text))
<BR><BR>[Called By]<UL><LI><a href="#[4f]">&gt;&gt;</a>&nbsp;&nbsp;&nbsp;__rt_exit_exit
</UL>

<P><STRONG><a name="[ef]"></a>__I$use$semihosting</STRONG> (Thumb, 0 bytes, Stack size 0 bytes, use_no_semi.o(.text), UNUSED)

<P><STRONG><a name="[f0]"></a>__use_no_semihosting_swi</STRONG> (Thumb, 2 bytes, Stack size 0 bytes, use_no_semi.o(.text), UNUSED)

<P><STRONG><a name="[f1]"></a>__semihosting_library_function</STRONG> (Thumb, 0 bytes, Stack size unknown bytes, indicate_semi.o(.text), UNUSED)

<P><STRONG><a name="[23]"></a>CKSD_IRQHandler</STRONG> (Thumb, 22 bytes, Stack size 8 bytes, irq.o(i.CKSD_IRQHandler))
<BR><BR>[Stack]<UL><LI>Max Depth = 144 + Unknown Stack Size
<LI>Call Chain = CKSD_IRQHandler &rArr; __2printf &rArr; _printf_char_file &rArr; _printf_char_common &rArr; __printf
</UL>
<BR>[Calls]<UL><LI><a href="#[51]">&gt;&gt;</a>&nbsp;&nbsp;&nbsp;__2printf
</UL>
<BR>[Address Reference Count : 1]<UL><LI> startup_nano103.o(RESET)
</UL>
<P><STRONG><a name="[9a]"></a>CLK_EnableModuleClock</STRONG> (Thumb, 24 bytes, Stack size 0 bytes, clk.o(i.CLK_EnableModuleClock))
<BR><BR>[Called By]<UL><LI><a href="#[a4]">&gt;&gt;</a>&nbsp;&nbsp;&nbsp;MCU_WdtInit
<LI><a href="#[a0]">&gt;&gt;</a>&nbsp;&nbsp;&nbsp;MCU_UartInit
<LI><a href="#[9d]">&gt;&gt;</a>&nbsp;&nbsp;&nbsp;MCU_SpiInit
<LI><a href="#[99]">&gt;&gt;</a>&nbsp;&nbsp;&nbsp;MCU_RtcInit
</UL>

<P><STRONG><a name="[8b]"></a>CLK_EnableXtalRC</STRONG> (Thumb, 10 bytes, Stack size 0 bytes, clk.o(i.CLK_EnableXtalRC))
<BR><BR>[Called By]<UL><LI><a href="#[8a]">&gt;&gt;</a>&nbsp;&nbsp;&nbsp;MCU_ClkInit
</UL>

<P><STRONG><a name="[63]"></a>CLK_GetHCLKFreq</STRONG> (Thumb, 12 bytes, Stack size 8 bytes, clk.o(i.CLK_GetHCLKFreq))
<BR><BR>[Stack]<UL><LI>Max Depth = 32<LI>Call Chain = CLK_GetHCLKFreq &rArr; SystemCoreClockUpdate &rArr; SysGet_HCLKFreq &rArr; SysGet_PLLClockFreq
</UL>
<BR>[Calls]<UL><LI><a href="#[64]">&gt;&gt;</a>&nbsp;&nbsp;&nbsp;SystemCoreClockUpdate
</UL>
<BR>[Called By]<UL><LI><a href="#[b5]">&gt;&gt;</a>&nbsp;&nbsp;&nbsp;SPI_SetBusClock
</UL>

<P><STRONG><a name="[65]"></a>CLK_GetPLLClockFreq</STRONG> (Thumb, 74 bytes, Stack size 8 bytes, clk.o(i.CLK_GetPLLClockFreq))
<BR><BR>[Stack]<UL><LI>Max Depth = 8<LI>Call Chain = CLK_GetPLLClockFreq
</UL>
<BR>[Calls]<UL><LI><a href="#[66]">&gt;&gt;</a>&nbsp;&nbsp;&nbsp;__aeabi_uidivmod
</UL>
<BR>[Called By]<UL><LI><a href="#[b5]">&gt;&gt;</a>&nbsp;&nbsp;&nbsp;SPI_SetBusClock
</UL>

<P><STRONG><a name="[67]"></a>CLK_SetHCLK</STRONG> (Thumb, 30 bytes, Stack size 8 bytes, clk.o(i.CLK_SetHCLK))
<BR><BR>[Stack]<UL><LI>Max Depth = 32<LI>Call Chain = CLK_SetHCLK &rArr; SystemCoreClockUpdate &rArr; SysGet_HCLKFreq &rArr; SysGet_PLLClockFreq
</UL>
<BR>[Calls]<UL><LI><a href="#[64]">&gt;&gt;</a>&nbsp;&nbsp;&nbsp;SystemCoreClockUpdate
</UL>
<BR>[Called By]<UL><LI><a href="#[8a]">&gt;&gt;</a>&nbsp;&nbsp;&nbsp;MCU_ClkInit
</UL>

<P><STRONG><a name="[9e]"></a>CLK_SetModuleClock</STRONG> (Thumb, 74 bytes, Stack size 16 bytes, clk.o(i.CLK_SetModuleClock))
<BR><BR>[Stack]<UL><LI>Max Depth = 16<LI>Call Chain = CLK_SetModuleClock
</UL>
<BR>[Called By]<UL><LI><a href="#[a4]">&gt;&gt;</a>&nbsp;&nbsp;&nbsp;MCU_WdtInit
<LI><a href="#[a0]">&gt;&gt;</a>&nbsp;&nbsp;&nbsp;MCU_UartInit
<LI><a href="#[9d]">&gt;&gt;</a>&nbsp;&nbsp;&nbsp;MCU_SpiInit
</UL>

<P><STRONG><a name="[8e]"></a>CLK_SetPCLK0</STRONG> (Thumb, 14 bytes, Stack size 0 bytes, clk.o(i.CLK_SetPCLK0))
<BR><BR>[Called By]<UL><LI><a href="#[8a]">&gt;&gt;</a>&nbsp;&nbsp;&nbsp;MCU_ClkInit
</UL>

<P><STRONG><a name="[8f]"></a>CLK_SetPCLK1</STRONG> (Thumb, 14 bytes, Stack size 0 bytes, clk.o(i.CLK_SetPCLK1))
<BR><BR>[Called By]<UL><LI><a href="#[8a]">&gt;&gt;</a>&nbsp;&nbsp;&nbsp;MCU_ClkInit
</UL>

<P><STRONG><a name="[7e]"></a>CLK_SysTickDelay</STRONG> (Thumb, 28 bytes, Stack size 0 bytes, clk.o(i.CLK_SysTickDelay))
<BR><BR>[Called By]<UL><LI><a href="#[68]">&gt;&gt;</a>&nbsp;&nbsp;&nbsp;DelayUs
</UL>

<P><STRONG><a name="[8c]"></a>CLK_WaitClockReady</STRONG> (Thumb, 34 bytes, Stack size 8 bytes, clk.o(i.CLK_WaitClockReady))
<BR><BR>[Stack]<UL><LI>Max Depth = 8<LI>Call Chain = CLK_WaitClockReady
</UL>
<BR>[Called By]<UL><LI><a href="#[8a]">&gt;&gt;</a>&nbsp;&nbsp;&nbsp;MCU_ClkInit
</UL>

<P><STRONG><a name="[2f]"></a>CameraDelay</STRONG> (Thumb, 14 bytes, Stack size 8 bytes, portable.o(i.CameraDelay))
<BR><BR>[Stack]<UL><LI>Max Depth = 32<LI>Call Chain = CameraDelay &rArr; DelayUs
</UL>
<BR>[Calls]<UL><LI><a href="#[68]">&gt;&gt;</a>&nbsp;&nbsp;&nbsp;DelayUs
</UL>
<BR>[Address Reference Count : 1]<UL><LI> project.o(i.MOD_CameraInit)
</UL>
<P><STRONG><a name="[69]"></a>CameraGetImage</STRONG> (Thumb, 256 bytes, Stack size 80 bytes, project.o(i.CameraGetImage))
<BR><BR>[Stack]<UL><LI>Max Depth = 216 + Unknown Stack Size
<LI>Call Chain = CameraGetImage &rArr; __2printf &rArr; _printf_char_file &rArr; _printf_char_common &rArr; __printf
</UL>
<BR>[Calls]<UL><LI><a href="#[6a]">&gt;&gt;</a>&nbsp;&nbsp;&nbsp;NRF_TxMode
<LI><a href="#[74]">&gt;&gt;</a>&nbsp;&nbsp;&nbsp;NRF_RxMode
<LI><a href="#[6b]">&gt;&gt;</a>&nbsp;&nbsp;&nbsp;NRF_FlushTx
<LI><a href="#[75]">&gt;&gt;</a>&nbsp;&nbsp;&nbsp;NRF_FlushRx
<LI><a href="#[6c]">&gt;&gt;</a>&nbsp;&nbsp;&nbsp;FIFO_Rst
<LI><a href="#[6f]">&gt;&gt;</a>&nbsp;&nbsp;&nbsp;OV528_Snapshout
<LI><a href="#[70]">&gt;&gt;</a>&nbsp;&nbsp;&nbsp;OV528_SetPacketSize
<LI><a href="#[6d]">&gt;&gt;</a>&nbsp;&nbsp;&nbsp;OV528_SNYC
<LI><a href="#[6e]">&gt;&gt;</a>&nbsp;&nbsp;&nbsp;OV528_Init
<LI><a href="#[71]">&gt;&gt;</a>&nbsp;&nbsp;&nbsp;OV528_GetPictue
<LI><a href="#[73]">&gt;&gt;</a>&nbsp;&nbsp;&nbsp;OV528_GetPacket
<LI><a href="#[72]">&gt;&gt;</a>&nbsp;&nbsp;&nbsp;NrfSendData
<LI><a href="#[51]">&gt;&gt;</a>&nbsp;&nbsp;&nbsp;__2printf
</UL>
<BR>[Called By]<UL><LI><a href="#[4b]">&gt;&gt;</a>&nbsp;&nbsp;&nbsp;main
</UL>

<P><STRONG><a name="[76]"></a>CmdDecoder</STRONG> (Thumb, 468 bytes, Stack size 32 bytes, project.o(i.CmdDecoder))
<BR><BR>[Stack]<UL><LI>Max Depth = 168 + Unknown Stack Size
<LI>Call Chain = CmdDecoder &rArr; __2printf &rArr; _printf_char_file &rArr; _printf_char_common &rArr; __printf
</UL>
<BR>[Calls]<UL><LI><a href="#[7b]">&gt;&gt;</a>&nbsp;&nbsp;&nbsp;RTC_SetDateAndTime
<LI><a href="#[7d]">&gt;&gt;</a>&nbsp;&nbsp;&nbsp;NRF_PowerOn
<LI><a href="#[77]">&gt;&gt;</a>&nbsp;&nbsp;&nbsp;FIFO_IsEmpty
<LI><a href="#[79]">&gt;&gt;</a>&nbsp;&nbsp;&nbsp;FIFO_WaitData
<LI><a href="#[6c]">&gt;&gt;</a>&nbsp;&nbsp;&nbsp;FIFO_Rst
<LI><a href="#[7a]">&gt;&gt;</a>&nbsp;&nbsp;&nbsp;FIFO_ReadData
<LI><a href="#[78]">&gt;&gt;</a>&nbsp;&nbsp;&nbsp;FIFO_CmdCheck
<LI><a href="#[7c]">&gt;&gt;</a>&nbsp;&nbsp;&nbsp;RTC_SetAlarmDateAndTime
<LI><a href="#[68]">&gt;&gt;</a>&nbsp;&nbsp;&nbsp;DelayUs
<LI><a href="#[66]">&gt;&gt;</a>&nbsp;&nbsp;&nbsp;__aeabi_uidivmod
<LI><a href="#[5b]">&gt;&gt;</a>&nbsp;&nbsp;&nbsp;__aeabi_memcpy4
<LI><a href="#[51]">&gt;&gt;</a>&nbsp;&nbsp;&nbsp;__2printf
</UL>
<BR>[Called By]<UL><LI><a href="#[4b]">&gt;&gt;</a>&nbsp;&nbsp;&nbsp;main
</UL>

<P><STRONG><a name="[68]"></a>DelayUs</STRONG> (Thumb, 40 bytes, Stack size 24 bytes, project.o(i.DelayUs))
<BR><BR>[Stack]<UL><LI>Max Depth = 24<LI>Call Chain = DelayUs
</UL>
<BR>[Calls]<UL><LI><a href="#[7e]">&gt;&gt;</a>&nbsp;&nbsp;&nbsp;CLK_SysTickDelay
</UL>
<BR>[Called By]<UL><LI><a href="#[97]">&gt;&gt;</a>&nbsp;&nbsp;&nbsp;MCU_SavePinState
<LI><a href="#[32]">&gt;&gt;</a>&nbsp;&nbsp;&nbsp;SetCE
<LI><a href="#[30]">&gt;&gt;</a>&nbsp;&nbsp;&nbsp;NrfDelay
<LI><a href="#[2f]">&gt;&gt;</a>&nbsp;&nbsp;&nbsp;CameraDelay
<LI><a href="#[76]">&gt;&gt;</a>&nbsp;&nbsp;&nbsp;CmdDecoder
<LI><a href="#[86]">&gt;&gt;</a>&nbsp;&nbsp;&nbsp;GpsDataSend
</UL>

<P><STRONG><a name="[84]"></a>FIFO_ByteIn</STRONG> (Thumb, 48 bytes, Stack size 0 bytes, fifo.o(i.FIFO_ByteIn))
<BR><BR>[Called By]<UL><LI><a href="#[18]">&gt;&gt;</a>&nbsp;&nbsp;&nbsp;UART0_IRQHandler
<LI><a href="#[11]">&gt;&gt;</a>&nbsp;&nbsp;&nbsp;GPABC_IRQHandler
<LI><a href="#[39]">&gt;&gt;</a>&nbsp;&nbsp;&nbsp;UART1_Read
</UL>

<P><STRONG><a name="[78]"></a>FIFO_CmdCheck</STRONG> (Thumb, 160 bytes, Stack size 48 bytes, fifo.o(i.FIFO_CmdCheck))
<BR><BR>[Stack]<UL><LI>Max Depth = 56<LI>Call Chain = FIFO_CmdCheck &rArr; FIFO_ReadData
</UL>
<BR>[Calls]<UL><LI><a href="#[7a]">&gt;&gt;</a>&nbsp;&nbsp;&nbsp;FIFO_ReadData
</UL>
<BR>[Called By]<UL><LI><a href="#[6f]">&gt;&gt;</a>&nbsp;&nbsp;&nbsp;OV528_Snapshout
<LI><a href="#[70]">&gt;&gt;</a>&nbsp;&nbsp;&nbsp;OV528_SetPacketSize
<LI><a href="#[6d]">&gt;&gt;</a>&nbsp;&nbsp;&nbsp;OV528_SNYC
<LI><a href="#[6e]">&gt;&gt;</a>&nbsp;&nbsp;&nbsp;OV528_Init
<LI><a href="#[71]">&gt;&gt;</a>&nbsp;&nbsp;&nbsp;OV528_GetPictue
<LI><a href="#[76]">&gt;&gt;</a>&nbsp;&nbsp;&nbsp;CmdDecoder
</UL>

<P><STRONG><a name="[77]"></a>FIFO_IsEmpty</STRONG> (Thumb, 14 bytes, Stack size 0 bytes, fifo.o(i.FIFO_IsEmpty))
<BR><BR>[Called By]<UL><LI><a href="#[76]">&gt;&gt;</a>&nbsp;&nbsp;&nbsp;CmdDecoder
</UL>

<P><STRONG><a name="[7f]"></a>FIFO_New</STRONG> (Thumb, 58 bytes, Stack size 16 bytes, fifo.o(i.FIFO_New))
<BR><BR>[Stack]<UL><LI>Max Depth = 152 + Unknown Stack Size
<LI>Call Chain = FIFO_New &rArr; __2printf &rArr; _printf_char_file &rArr; _printf_char_common &rArr; __printf
</UL>
<BR>[Calls]<UL><LI><a href="#[80]">&gt;&gt;</a>&nbsp;&nbsp;&nbsp;vMemAlloc
<LI><a href="#[51]">&gt;&gt;</a>&nbsp;&nbsp;&nbsp;__2printf
</UL>
<BR>[Called By]<UL><LI><a href="#[a7]">&gt;&gt;</a>&nbsp;&nbsp;&nbsp;OV528_New
<LI><a href="#[a9]">&gt;&gt;</a>&nbsp;&nbsp;&nbsp;MOD_NrfInit
<LI><a href="#[a8]">&gt;&gt;</a>&nbsp;&nbsp;&nbsp;MOD_GpsInit
</UL>

<P><STRONG><a name="[7a]"></a>FIFO_ReadData</STRONG> (Thumb, 22 bytes, Stack size 8 bytes, fifo.o(i.FIFO_ReadData))
<BR><BR>[Stack]<UL><LI>Max Depth = 8<LI>Call Chain = FIFO_ReadData
</UL>
<BR>[Calls]<UL><LI><a href="#[66]">&gt;&gt;</a>&nbsp;&nbsp;&nbsp;__aeabi_uidivmod
</UL>
<BR>[Called By]<UL><LI><a href="#[78]">&gt;&gt;</a>&nbsp;&nbsp;&nbsp;FIFO_CmdCheck
<LI><a href="#[71]">&gt;&gt;</a>&nbsp;&nbsp;&nbsp;OV528_GetPictue
<LI><a href="#[73]">&gt;&gt;</a>&nbsp;&nbsp;&nbsp;OV528_GetPacket
<LI><a href="#[76]">&gt;&gt;</a>&nbsp;&nbsp;&nbsp;CmdDecoder
</UL>

<P><STRONG><a name="[6c]"></a>FIFO_Rst</STRONG> (Thumb, 10 bytes, Stack size 0 bytes, fifo.o(i.FIFO_Rst))
<BR><BR>[Called By]<UL><LI><a href="#[18]">&gt;&gt;</a>&nbsp;&nbsp;&nbsp;UART0_IRQHandler
<LI><a href="#[6f]">&gt;&gt;</a>&nbsp;&nbsp;&nbsp;OV528_Snapshout
<LI><a href="#[70]">&gt;&gt;</a>&nbsp;&nbsp;&nbsp;OV528_SetPacketSize
<LI><a href="#[6d]">&gt;&gt;</a>&nbsp;&nbsp;&nbsp;OV528_SNYC
<LI><a href="#[6e]">&gt;&gt;</a>&nbsp;&nbsp;&nbsp;OV528_Init
<LI><a href="#[71]">&gt;&gt;</a>&nbsp;&nbsp;&nbsp;OV528_GetPictue
<LI><a href="#[73]">&gt;&gt;</a>&nbsp;&nbsp;&nbsp;OV528_GetPacket
<LI><a href="#[76]">&gt;&gt;</a>&nbsp;&nbsp;&nbsp;CmdDecoder
<LI><a href="#[69]">&gt;&gt;</a>&nbsp;&nbsp;&nbsp;CameraGetImage
</UL>

<P><STRONG><a name="[79]"></a>FIFO_WaitData</STRONG> (Thumb, 44 bytes, Stack size 12 bytes, fifo.o(i.FIFO_WaitData))
<BR><BR>[Stack]<UL><LI>Max Depth = 12<LI>Call Chain = FIFO_WaitData
</UL>
<BR>[Called By]<UL><LI><a href="#[73]">&gt;&gt;</a>&nbsp;&nbsp;&nbsp;OV528_GetPacket
<LI><a href="#[76]">&gt;&gt;</a>&nbsp;&nbsp;&nbsp;CmdDecoder
</UL>

<P><STRONG><a name="[11]"></a>GPABC_IRQHandler</STRONG> (Thumb, 116 bytes, Stack size 56 bytes, irq.o(i.GPABC_IRQHandler))
<BR><BR>[Stack]<UL><LI>Max Depth = 80<LI>Call Chain = GPABC_IRQHandler &rArr; NRF_RxPayload
</UL>
<BR>[Calls]<UL><LI><a href="#[83]">&gt;&gt;</a>&nbsp;&nbsp;&nbsp;NRF_RxPayload
<LI><a href="#[82]">&gt;&gt;</a>&nbsp;&nbsp;&nbsp;NRF_ReadRxPayloadWide
<LI><a href="#[85]">&gt;&gt;</a>&nbsp;&nbsp;&nbsp;NRF_WriteRegByte
<LI><a href="#[81]">&gt;&gt;</a>&nbsp;&nbsp;&nbsp;NRF_Nop
<LI><a href="#[84]">&gt;&gt;</a>&nbsp;&nbsp;&nbsp;FIFO_ByteIn
</UL>
<BR>[Address Reference Count : 1]<UL><LI> startup_nano103.o(RESET)
</UL>
<P><STRONG><a name="[92]"></a>GPIO_EnableInt</STRONG> (Thumb, 26 bytes, Stack size 8 bytes, gpio.o(i.GPIO_EnableInt))
<BR><BR>[Stack]<UL><LI>Max Depth = 8<LI>Call Chain = GPIO_EnableInt
</UL>
<BR>[Called By]<UL><LI><a href="#[90]">&gt;&gt;</a>&nbsp;&nbsp;&nbsp;MCU_GpioInit
</UL>

<P><STRONG><a name="[91]"></a>GPIO_SetMode</STRONG> (Thumb, 40 bytes, Stack size 20 bytes, gpio.o(i.GPIO_SetMode))
<BR><BR>[Stack]<UL><LI>Max Depth = 20<LI>Call Chain = GPIO_SetMode
</UL>
<BR>[Called By]<UL><LI><a href="#[90]">&gt;&gt;</a>&nbsp;&nbsp;&nbsp;MCU_GpioInit
</UL>

<P><STRONG><a name="[86]"></a>GpsDataSend</STRONG> (Thumb, 42 bytes, Stack size 8 bytes, main.o(i.GpsDataSend))
<BR><BR>[Stack]<UL><LI>Max Depth = 88<LI>Call Chain = GpsDataSend &rArr; NrfSendData &rArr; nrfP2P_TxReuse &rArr; NRF_WriteRegByte
</UL>
<BR>[Calls]<UL><LI><a href="#[6a]">&gt;&gt;</a>&nbsp;&nbsp;&nbsp;NRF_TxMode
<LI><a href="#[74]">&gt;&gt;</a>&nbsp;&nbsp;&nbsp;NRF_RxMode
<LI><a href="#[6b]">&gt;&gt;</a>&nbsp;&nbsp;&nbsp;NRF_FlushTx
<LI><a href="#[72]">&gt;&gt;</a>&nbsp;&nbsp;&nbsp;NrfSendData
<LI><a href="#[68]">&gt;&gt;</a>&nbsp;&nbsp;&nbsp;DelayUs
</UL>
<BR>[Called By]<UL><LI><a href="#[87]">&gt;&gt;</a>&nbsp;&nbsp;&nbsp;GpsScan
</UL>

<P><STRONG><a name="[87]"></a>GpsScan</STRONG> (Thumb, 144 bytes, Stack size 24 bytes, main.o(i.GpsScan))
<BR><BR>[Stack]<UL><LI>Max Depth = 168 + Unknown Stack Size
<LI>Call Chain = GpsScan &rArr; RstWwdt &rArr; __2printf &rArr; _printf_char_file &rArr; _printf_char_common &rArr; __printf
</UL>
<BR>[Calls]<UL><LI><a href="#[88]">&gt;&gt;</a>&nbsp;&nbsp;&nbsp;RstWwdt
<LI><a href="#[86]">&gt;&gt;</a>&nbsp;&nbsp;&nbsp;GpsDataSend
<LI><a href="#[5a]">&gt;&gt;</a>&nbsp;&nbsp;&nbsp;__aeabi_memcpy
<LI><a href="#[51]">&gt;&gt;</a>&nbsp;&nbsp;&nbsp;__2printf
</UL>
<BR>[Called By]<UL><LI><a href="#[4b]">&gt;&gt;</a>&nbsp;&nbsp;&nbsp;main
</UL>

<P><STRONG><a name="[1d]"></a>HIRC_IRQHandler</STRONG> (Thumb, 32 bytes, Stack size 16 bytes, irq.o(i.HIRC_IRQHandler))
<BR><BR>[Stack]<UL><LI>Max Depth = 152 + Unknown Stack Size
<LI>Call Chain = HIRC_IRQHandler &rArr; __2printf &rArr; _printf_char_file &rArr; _printf_char_common &rArr; __printf
</UL>
<BR>[Calls]<UL><LI><a href="#[51]">&gt;&gt;</a>&nbsp;&nbsp;&nbsp;__2printf
</UL>
<BR>[Address Reference Count : 1]<UL><LI> startup_nano103.o(RESET)
</UL>
<P><STRONG><a name="[2a]"></a>Hard_Fault_Handler</STRONG> (Thumb, 16 bytes, Stack size 0 bytes, retarget.o(i.Hard_Fault_Handler))
<BR><BR>[Stack]<UL><LI>Max Depth = 144 + Unknown Stack Size
<LI>Call Chain = Hard_Fault_Handler &rArr; stackDump &rArr; __2printf &rArr; _printf_char_file &rArr; _printf_char_common &rArr; __printf
</UL>
<BR>[Calls]<UL><LI><a href="#[89]">&gt;&gt;</a>&nbsp;&nbsp;&nbsp;stackDump
<LI><a href="#[51]">&gt;&gt;</a>&nbsp;&nbsp;&nbsp;__2printf
</UL>
<BR>[Address Reference Count : 1]<UL><LI> retarget.o(.emb_text)
</UL>
<P><STRONG><a name="[8a]"></a>MCU_ClkInit</STRONG> (Thumb, 126 bytes, Stack size 8 bytes, project.o(i.MCU_ClkInit))
<BR><BR>[Stack]<UL><LI>Max Depth = 144 + Unknown Stack Size
<LI>Call Chain = MCU_ClkInit &rArr; __2printf &rArr; _printf_char_file &rArr; _printf_char_common &rArr; __printf
</UL>
<BR>[Calls]<UL><LI><a href="#[8d]">&gt;&gt;</a>&nbsp;&nbsp;&nbsp;SYS_EnableHIRC0Trim
<LI><a href="#[8c]">&gt;&gt;</a>&nbsp;&nbsp;&nbsp;CLK_WaitClockReady
<LI><a href="#[8f]">&gt;&gt;</a>&nbsp;&nbsp;&nbsp;CLK_SetPCLK1
<LI><a href="#[8e]">&gt;&gt;</a>&nbsp;&nbsp;&nbsp;CLK_SetPCLK0
<LI><a href="#[67]">&gt;&gt;</a>&nbsp;&nbsp;&nbsp;CLK_SetHCLK
<LI><a href="#[8b]">&gt;&gt;</a>&nbsp;&nbsp;&nbsp;CLK_EnableXtalRC
<LI><a href="#[51]">&gt;&gt;</a>&nbsp;&nbsp;&nbsp;__2printf
</UL>
<BR>[Called By]<UL><LI><a href="#[4b]">&gt;&gt;</a>&nbsp;&nbsp;&nbsp;main
</UL>

<P><STRONG><a name="[90]"></a>MCU_GpioInit</STRONG> (Thumb, 256 bytes, Stack size 24 bytes, project.o(i.MCU_GpioInit))
<BR><BR>[Stack]<UL><LI>Max Depth = 160 + Unknown Stack Size
<LI>Call Chain = MCU_GpioInit &rArr; __2printf &rArr; _printf_char_file &rArr; _printf_char_common &rArr; __printf
</UL>
<BR>[Calls]<UL><LI><a href="#[91]">&gt;&gt;</a>&nbsp;&nbsp;&nbsp;GPIO_SetMode
<LI><a href="#[92]">&gt;&gt;</a>&nbsp;&nbsp;&nbsp;GPIO_EnableInt
<LI><a href="#[51]">&gt;&gt;</a>&nbsp;&nbsp;&nbsp;__2printf
</UL>
<BR>[Called By]<UL><LI><a href="#[4b]">&gt;&gt;</a>&nbsp;&nbsp;&nbsp;main
</UL>

<P><STRONG><a name="[93]"></a>MCU_NvicInit</STRONG> (Thumb, 52 bytes, Stack size 8 bytes, project.o(i.MCU_NvicInit))
<BR><BR>[Stack]<UL><LI>Max Depth = 144 + Unknown Stack Size
<LI>Call Chain = MCU_NvicInit &rArr; __2printf &rArr; _printf_char_file &rArr; _printf_char_common &rArr; __printf
</UL>
<BR>[Calls]<UL><LI><a href="#[94]">&gt;&gt;</a>&nbsp;&nbsp;&nbsp;NVIC_EnableIRQ
<LI><a href="#[51]">&gt;&gt;</a>&nbsp;&nbsp;&nbsp;__2printf
</UL>
<BR>[Called By]<UL><LI><a href="#[4b]">&gt;&gt;</a>&nbsp;&nbsp;&nbsp;main
</UL>

<P><STRONG><a name="[95]"></a>MCU_PinInit</STRONG> (Thumb, 52 bytes, Stack size 8 bytes, project.o(i.MCU_PinInit))
<BR><BR>[Stack]<UL><LI>Max Depth = 144 + Unknown Stack Size
<LI>Call Chain = MCU_PinInit &rArr; __2printf &rArr; _printf_char_file &rArr; _printf_char_common &rArr; __printf
</UL>
<BR>[Calls]<UL><LI><a href="#[51]">&gt;&gt;</a>&nbsp;&nbsp;&nbsp;__2printf
</UL>
<BR>[Called By]<UL><LI><a href="#[4b]">&gt;&gt;</a>&nbsp;&nbsp;&nbsp;main
</UL>

<P><STRONG><a name="[96]"></a>MCU_PowerDown</STRONG> (Thumb, 130 bytes, Stack size 24 bytes, project.o(i.MCU_PowerDown))
<BR><BR>[Stack]<UL><LI>Max Depth = 168 + Unknown Stack Size
<LI>Call Chain = MCU_PowerDown &rArr; MCU_SavePinState &rArr; __2printf &rArr; _printf_char_file &rArr; _printf_char_common &rArr; __printf
</UL>
<BR>[Calls]<UL><LI><a href="#[97]">&gt;&gt;</a>&nbsp;&nbsp;&nbsp;MCU_SavePinState
</UL>
<BR>[Called By]<UL><LI><a href="#[4b]">&gt;&gt;</a>&nbsp;&nbsp;&nbsp;main
</UL>

<P><STRONG><a name="[98]"></a>MCU_PowerDownRestore</STRONG> (Thumb, 116 bytes, Stack size 8 bytes, project.o(i.MCU_PowerDownRestore))
<BR><BR>[Stack]<UL><LI>Max Depth = 144 + Unknown Stack Size
<LI>Call Chain = MCU_PowerDownRestore &rArr; __2printf &rArr; _printf_char_file &rArr; _printf_char_common &rArr; __printf
</UL>
<BR>[Calls]<UL><LI><a href="#[51]">&gt;&gt;</a>&nbsp;&nbsp;&nbsp;__2printf
</UL>
<BR>[Called By]<UL><LI><a href="#[26]">&gt;&gt;</a>&nbsp;&nbsp;&nbsp;PDWU_IRQHandler
</UL>

<P><STRONG><a name="[99]"></a>MCU_RtcInit</STRONG> (Thumb, 40 bytes, Stack size 8 bytes, project.o(i.MCU_RtcInit))
<BR><BR>[Stack]<UL><LI>Max Depth = 144 + Unknown Stack Size
<LI>Call Chain = MCU_RtcInit &rArr; __2printf &rArr; _printf_char_file &rArr; _printf_char_common &rArr; __printf
</UL>
<BR>[Calls]<UL><LI><a href="#[7b]">&gt;&gt;</a>&nbsp;&nbsp;&nbsp;RTC_SetDateAndTime
<LI><a href="#[7c]">&gt;&gt;</a>&nbsp;&nbsp;&nbsp;RTC_SetAlarmDateAndTime
<LI><a href="#[9b]">&gt;&gt;</a>&nbsp;&nbsp;&nbsp;RTC_Open
<LI><a href="#[9c]">&gt;&gt;</a>&nbsp;&nbsp;&nbsp;RTC_EnableInt
<LI><a href="#[9a]">&gt;&gt;</a>&nbsp;&nbsp;&nbsp;CLK_EnableModuleClock
<LI><a href="#[51]">&gt;&gt;</a>&nbsp;&nbsp;&nbsp;__2printf
</UL>
<BR>[Called By]<UL><LI><a href="#[4b]">&gt;&gt;</a>&nbsp;&nbsp;&nbsp;main
</UL>

<P><STRONG><a name="[97]"></a>MCU_SavePinState</STRONG> (Thumb, 112 bytes, Stack size 8 bytes, project.o(i.MCU_SavePinState))
<BR><BR>[Stack]<UL><LI>Max Depth = 144 + Unknown Stack Size
<LI>Call Chain = MCU_SavePinState &rArr; __2printf &rArr; _printf_char_file &rArr; _printf_char_common &rArr; __printf
</UL>
<BR>[Calls]<UL><LI><a href="#[68]">&gt;&gt;</a>&nbsp;&nbsp;&nbsp;DelayUs
<LI><a href="#[51]">&gt;&gt;</a>&nbsp;&nbsp;&nbsp;__2printf
</UL>
<BR>[Called By]<UL><LI><a href="#[96]">&gt;&gt;</a>&nbsp;&nbsp;&nbsp;MCU_PowerDown
</UL>

<P><STRONG><a name="[9d]"></a>MCU_SpiInit</STRONG> (Thumb, 46 bytes, Stack size 16 bytes, project.o(i.MCU_SpiInit))
<BR><BR>[Stack]<UL><LI>Max Depth = 152 + Unknown Stack Size
<LI>Call Chain = MCU_SpiInit &rArr; __2printf &rArr; _printf_char_file &rArr; _printf_char_common &rArr; __printf
</UL>
<BR>[Calls]<UL><LI><a href="#[9f]">&gt;&gt;</a>&nbsp;&nbsp;&nbsp;SPI_Open
<LI><a href="#[9e]">&gt;&gt;</a>&nbsp;&nbsp;&nbsp;CLK_SetModuleClock
<LI><a href="#[9a]">&gt;&gt;</a>&nbsp;&nbsp;&nbsp;CLK_EnableModuleClock
<LI><a href="#[51]">&gt;&gt;</a>&nbsp;&nbsp;&nbsp;__2printf
</UL>
<BR>[Called By]<UL><LI><a href="#[4b]">&gt;&gt;</a>&nbsp;&nbsp;&nbsp;main
</UL>

<P><STRONG><a name="[a0]"></a>MCU_UartInit</STRONG> (Thumb, 118 bytes, Stack size 16 bytes, project.o(i.MCU_UartInit))
<BR><BR>[Stack]<UL><LI>Max Depth = 152 + Unknown Stack Size
<LI>Call Chain = MCU_UartInit &rArr; __2printf &rArr; _printf_char_file &rArr; _printf_char_common &rArr; __printf
</UL>
<BR>[Calls]<UL><LI><a href="#[a2]">&gt;&gt;</a>&nbsp;&nbsp;&nbsp;UART_SetTimeoutCnt
<LI><a href="#[a1]">&gt;&gt;</a>&nbsp;&nbsp;&nbsp;UART_Open
<LI><a href="#[a3]">&gt;&gt;</a>&nbsp;&nbsp;&nbsp;UART_EnableInt
<LI><a href="#[9e]">&gt;&gt;</a>&nbsp;&nbsp;&nbsp;CLK_SetModuleClock
<LI><a href="#[9a]">&gt;&gt;</a>&nbsp;&nbsp;&nbsp;CLK_EnableModuleClock
<LI><a href="#[51]">&gt;&gt;</a>&nbsp;&nbsp;&nbsp;__2printf
</UL>
<BR>[Called By]<UL><LI><a href="#[4b]">&gt;&gt;</a>&nbsp;&nbsp;&nbsp;main
</UL>

<P><STRONG><a name="[a4]"></a>MCU_WdtInit</STRONG> (Thumb, 42 bytes, Stack size 8 bytes, project.o(i.MCU_WdtInit))
<BR><BR>[Stack]<UL><LI>Max Depth = 144 + Unknown Stack Size
<LI>Call Chain = MCU_WdtInit &rArr; __2printf &rArr; _printf_char_file &rArr; _printf_char_common &rArr; __printf
</UL>
<BR>[Calls]<UL><LI><a href="#[a5]">&gt;&gt;</a>&nbsp;&nbsp;&nbsp;WWDT_Open
<LI><a href="#[9e]">&gt;&gt;</a>&nbsp;&nbsp;&nbsp;CLK_SetModuleClock
<LI><a href="#[9a]">&gt;&gt;</a>&nbsp;&nbsp;&nbsp;CLK_EnableModuleClock
<LI><a href="#[51]">&gt;&gt;</a>&nbsp;&nbsp;&nbsp;__2printf
</UL>
<BR>[Called By]<UL><LI><a href="#[4b]">&gt;&gt;</a>&nbsp;&nbsp;&nbsp;main
</UL>

<P><STRONG><a name="[a6]"></a>MOD_CameraInit</STRONG> (Thumb, 32 bytes, Stack size 8 bytes, project.o(i.MOD_CameraInit))
<BR><BR>[Stack]<UL><LI>Max Depth = 200 + Unknown Stack Size
<LI>Call Chain = MOD_CameraInit &rArr; OV528_New &rArr; FIFO_New &rArr; __2printf &rArr; _printf_char_file &rArr; _printf_char_common &rArr; __printf
</UL>
<BR>[Calls]<UL><LI><a href="#[a7]">&gt;&gt;</a>&nbsp;&nbsp;&nbsp;OV528_New
<LI><a href="#[51]">&gt;&gt;</a>&nbsp;&nbsp;&nbsp;__2printf
</UL>
<BR>[Called By]<UL><LI><a href="#[4b]">&gt;&gt;</a>&nbsp;&nbsp;&nbsp;main
</UL>

<P><STRONG><a name="[a8]"></a>MOD_GpsInit</STRONG> (Thumb, 22 bytes, Stack size 8 bytes, project.o(i.MOD_GpsInit))
<BR><BR>[Stack]<UL><LI>Max Depth = 160 + Unknown Stack Size
<LI>Call Chain = MOD_GpsInit &rArr; FIFO_New &rArr; __2printf &rArr; _printf_char_file &rArr; _printf_char_common &rArr; __printf
</UL>
<BR>[Calls]<UL><LI><a href="#[7f]">&gt;&gt;</a>&nbsp;&nbsp;&nbsp;FIFO_New
<LI><a href="#[51]">&gt;&gt;</a>&nbsp;&nbsp;&nbsp;__2printf
</UL>
<BR>[Called By]<UL><LI><a href="#[4b]">&gt;&gt;</a>&nbsp;&nbsp;&nbsp;main
</UL>

<P><STRONG><a name="[a9]"></a>MOD_NrfInit</STRONG> (Thumb, 84 bytes, Stack size 16 bytes, project.o(i.MOD_NrfInit))
<BR><BR>[Stack]<UL><LI>Max Depth = 168 + Unknown Stack Size
<LI>Call Chain = MOD_NrfInit &rArr; FIFO_New &rArr; __2printf &rArr; _printf_char_file &rArr; _printf_char_common &rArr; __printf
</UL>
<BR>[Calls]<UL><LI><a href="#[74]">&gt;&gt;</a>&nbsp;&nbsp;&nbsp;NRF_RxMode
<LI><a href="#[aa]">&gt;&gt;</a>&nbsp;&nbsp;&nbsp;NRF_New
<LI><a href="#[ac]">&gt;&gt;</a>&nbsp;&nbsp;&nbsp;nrfP2P_NewChannel
<LI><a href="#[ab]">&gt;&gt;</a>&nbsp;&nbsp;&nbsp;nrfP2P_InitNrf
<LI><a href="#[ad]">&gt;&gt;</a>&nbsp;&nbsp;&nbsp;nrfP2P_EnableTxDypw
<LI><a href="#[ae]">&gt;&gt;</a>&nbsp;&nbsp;&nbsp;nrfP2P_EnableTxAutoAck
<LI><a href="#[7f]">&gt;&gt;</a>&nbsp;&nbsp;&nbsp;FIFO_New
<LI><a href="#[51]">&gt;&gt;</a>&nbsp;&nbsp;&nbsp;__2printf
</UL>
<BR>[Called By]<UL><LI><a href="#[4b]">&gt;&gt;</a>&nbsp;&nbsp;&nbsp;main
</UL>

<P><STRONG><a name="[75]"></a>NRF_FlushRx</STRONG> (Thumb, 28 bytes, Stack size 8 bytes, nrf24l01.o(i.NRF_FlushRx))
<BR><BR>[Stack]<UL><LI>Max Depth = 8<LI>Call Chain = NRF_FlushRx
</UL>
<BR>[Called By]<UL><LI><a href="#[ab]">&gt;&gt;</a>&nbsp;&nbsp;&nbsp;nrfP2P_InitNrf
<LI><a href="#[69]">&gt;&gt;</a>&nbsp;&nbsp;&nbsp;CameraGetImage
</UL>

<P><STRONG><a name="[6b]"></a>NRF_FlushTx</STRONG> (Thumb, 28 bytes, Stack size 8 bytes, nrf24l01.o(i.NRF_FlushTx))
<BR><BR>[Stack]<UL><LI>Max Depth = 8<LI>Call Chain = NRF_FlushTx
</UL>
<BR>[Called By]<UL><LI><a href="#[b3]">&gt;&gt;</a>&nbsp;&nbsp;&nbsp;nrfP2P_TxReuse
<LI><a href="#[ab]">&gt;&gt;</a>&nbsp;&nbsp;&nbsp;nrfP2P_InitNrf
<LI><a href="#[69]">&gt;&gt;</a>&nbsp;&nbsp;&nbsp;CameraGetImage
<LI><a href="#[86]">&gt;&gt;</a>&nbsp;&nbsp;&nbsp;GpsDataSend
</UL>

<P><STRONG><a name="[aa]"></a>NRF_New</STRONG> (Thumb, 34 bytes, Stack size 24 bytes, nrf24l01.o(i.NRF_New))
<BR><BR>[Stack]<UL><LI>Max Depth = 56<LI>Call Chain = NRF_New &rArr; vMemAlloc &rArr; vMemInit
</UL>
<BR>[Calls]<UL><LI><a href="#[80]">&gt;&gt;</a>&nbsp;&nbsp;&nbsp;vMemAlloc
</UL>
<BR>[Called By]<UL><LI><a href="#[a9]">&gt;&gt;</a>&nbsp;&nbsp;&nbsp;MOD_NrfInit
</UL>

<P><STRONG><a name="[81]"></a>NRF_Nop</STRONG> (Thumb, 30 bytes, Stack size 8 bytes, nrf24l01.o(i.NRF_Nop))
<BR><BR>[Stack]<UL><LI>Max Depth = 8<LI>Call Chain = NRF_Nop
</UL>
<BR>[Called By]<UL><LI><a href="#[11]">&gt;&gt;</a>&nbsp;&nbsp;&nbsp;GPABC_IRQHandler
<LI><a href="#[b3]">&gt;&gt;</a>&nbsp;&nbsp;&nbsp;nrfP2P_TxReuse
<LI><a href="#[ab]">&gt;&gt;</a>&nbsp;&nbsp;&nbsp;nrfP2P_InitNrf
</UL>

<P><STRONG><a name="[af]"></a>NRF_PowerDown</STRONG> (Thumb, 26 bytes, Stack size 8 bytes, nrf24l01.o(i.NRF_PowerDown))
<BR><BR>[Stack]<UL><LI>Max Depth = 24<LI>Call Chain = NRF_PowerDown &rArr; NRF_WriteRegByte
</UL>
<BR>[Calls]<UL><LI><a href="#[85]">&gt;&gt;</a>&nbsp;&nbsp;&nbsp;NRF_WriteRegByte
<LI><a href="#[b0]">&gt;&gt;</a>&nbsp;&nbsp;&nbsp;NRF_ReadRegByte
</UL>
<BR>[Called By]<UL><LI><a href="#[4b]">&gt;&gt;</a>&nbsp;&nbsp;&nbsp;main
</UL>

<P><STRONG><a name="[7d]"></a>NRF_PowerOn</STRONG> (Thumb, 26 bytes, Stack size 8 bytes, nrf24l01.o(i.NRF_PowerOn))
<BR><BR>[Stack]<UL><LI>Max Depth = 24<LI>Call Chain = NRF_PowerOn &rArr; NRF_WriteRegByte
</UL>
<BR>[Calls]<UL><LI><a href="#[85]">&gt;&gt;</a>&nbsp;&nbsp;&nbsp;NRF_WriteRegByte
<LI><a href="#[b0]">&gt;&gt;</a>&nbsp;&nbsp;&nbsp;NRF_ReadRegByte
</UL>
<BR>[Called By]<UL><LI><a href="#[76]">&gt;&gt;</a>&nbsp;&nbsp;&nbsp;CmdDecoder
<LI><a href="#[26]">&gt;&gt;</a>&nbsp;&nbsp;&nbsp;PDWU_IRQHandler
</UL>

<P><STRONG><a name="[b0]"></a>NRF_ReadRegByte</STRONG> (Thumb, 40 bytes, Stack size 16 bytes, nrf24l01.o(i.NRF_ReadRegByte))
<BR><BR>[Stack]<UL><LI>Max Depth = 16<LI>Call Chain = NRF_ReadRegByte
</UL>
<BR>[Called By]<UL><LI><a href="#[6a]">&gt;&gt;</a>&nbsp;&nbsp;&nbsp;NRF_TxMode
<LI><a href="#[74]">&gt;&gt;</a>&nbsp;&nbsp;&nbsp;NRF_RxMode
<LI><a href="#[b1]">&gt;&gt;</a>&nbsp;&nbsp;&nbsp;NRF_RstIrq
<LI><a href="#[7d]">&gt;&gt;</a>&nbsp;&nbsp;&nbsp;NRF_PowerOn
<LI><a href="#[af]">&gt;&gt;</a>&nbsp;&nbsp;&nbsp;NRF_PowerDown
<LI><a href="#[b3]">&gt;&gt;</a>&nbsp;&nbsp;&nbsp;nrfP2P_TxReuse
<LI><a href="#[b2]">&gt;&gt;</a>&nbsp;&nbsp;&nbsp;nrfP2P_SendPacket
<LI><a href="#[ac]">&gt;&gt;</a>&nbsp;&nbsp;&nbsp;nrfP2P_NewChannel
<LI><a href="#[ad]">&gt;&gt;</a>&nbsp;&nbsp;&nbsp;nrfP2P_EnableTxDypw
<LI><a href="#[ae]">&gt;&gt;</a>&nbsp;&nbsp;&nbsp;nrfP2P_EnableTxAutoAck
</UL>

<P><STRONG><a name="[82]"></a>NRF_ReadRxPayloadWide</STRONG> (Thumb, 38 bytes, Stack size 16 bytes, nrf24l01.o(i.NRF_ReadRxPayloadWide))
<BR><BR>[Stack]<UL><LI>Max Depth = 16<LI>Call Chain = NRF_ReadRxPayloadWide
</UL>
<BR>[Called By]<UL><LI><a href="#[11]">&gt;&gt;</a>&nbsp;&nbsp;&nbsp;GPABC_IRQHandler
</UL>

<P><STRONG><a name="[bf]"></a>NRF_ReuseTx</STRONG> (Thumb, 26 bytes, Stack size 8 bytes, nrf24l01.o(i.NRF_ReuseTx))
<BR><BR>[Stack]<UL><LI>Max Depth = 8<LI>Call Chain = NRF_ReuseTx
</UL>
<BR>[Called By]<UL><LI><a href="#[b3]">&gt;&gt;</a>&nbsp;&nbsp;&nbsp;nrfP2P_TxReuse
</UL>

<P><STRONG><a name="[b1]"></a>NRF_RstIrq</STRONG> (Thumb, 26 bytes, Stack size 16 bytes, nrf24l01.o(i.NRF_RstIrq))
<BR><BR>[Stack]<UL><LI>Max Depth = 32<LI>Call Chain = NRF_RstIrq &rArr; NRF_WriteRegByte
</UL>
<BR>[Calls]<UL><LI><a href="#[85]">&gt;&gt;</a>&nbsp;&nbsp;&nbsp;NRF_WriteRegByte
<LI><a href="#[b0]">&gt;&gt;</a>&nbsp;&nbsp;&nbsp;NRF_ReadRegByte
</UL>
<BR>[Called By]<UL><LI><a href="#[72]">&gt;&gt;</a>&nbsp;&nbsp;&nbsp;NrfSendData
</UL>

<P><STRONG><a name="[74]"></a>NRF_RxMode</STRONG> (Thumb, 36 bytes, Stack size 8 bytes, nrf24l01.o(i.NRF_RxMode))
<BR><BR>[Stack]<UL><LI>Max Depth = 24<LI>Call Chain = NRF_RxMode &rArr; NRF_WriteRegByte
</UL>
<BR>[Calls]<UL><LI><a href="#[85]">&gt;&gt;</a>&nbsp;&nbsp;&nbsp;NRF_WriteRegByte
<LI><a href="#[b0]">&gt;&gt;</a>&nbsp;&nbsp;&nbsp;NRF_ReadRegByte
</UL>
<BR>[Called By]<UL><LI><a href="#[a9]">&gt;&gt;</a>&nbsp;&nbsp;&nbsp;MOD_NrfInit
<LI><a href="#[69]">&gt;&gt;</a>&nbsp;&nbsp;&nbsp;CameraGetImage
<LI><a href="#[86]">&gt;&gt;</a>&nbsp;&nbsp;&nbsp;GpsDataSend
</UL>

<P><STRONG><a name="[83]"></a>NRF_RxPayload</STRONG> (Thumb, 48 bytes, Stack size 24 bytes, nrf24l01.o(i.NRF_RxPayload))
<BR><BR>[Stack]<UL><LI>Max Depth = 24<LI>Call Chain = NRF_RxPayload
</UL>
<BR>[Called By]<UL><LI><a href="#[11]">&gt;&gt;</a>&nbsp;&nbsp;&nbsp;GPABC_IRQHandler
</UL>

<P><STRONG><a name="[6a]"></a>NRF_TxMode</STRONG> (Thumb, 30 bytes, Stack size 8 bytes, nrf24l01.o(i.NRF_TxMode))
<BR><BR>[Stack]<UL><LI>Max Depth = 24<LI>Call Chain = NRF_TxMode &rArr; NRF_WriteRegByte
</UL>
<BR>[Calls]<UL><LI><a href="#[85]">&gt;&gt;</a>&nbsp;&nbsp;&nbsp;NRF_WriteRegByte
<LI><a href="#[b0]">&gt;&gt;</a>&nbsp;&nbsp;&nbsp;NRF_ReadRegByte
</UL>
<BR>[Called By]<UL><LI><a href="#[69]">&gt;&gt;</a>&nbsp;&nbsp;&nbsp;CameraGetImage
<LI><a href="#[86]">&gt;&gt;</a>&nbsp;&nbsp;&nbsp;GpsDataSend
</UL>

<P><STRONG><a name="[be]"></a>NRF_TxPayload</STRONG> (Thumb, 50 bytes, Stack size 24 bytes, nrf24l01.o(i.NRF_TxPayload))
<BR><BR>[Stack]<UL><LI>Max Depth = 24<LI>Call Chain = NRF_TxPayload
</UL>
<BR>[Called By]<UL><LI><a href="#[b2]">&gt;&gt;</a>&nbsp;&nbsp;&nbsp;nrfP2P_SendPacket
</UL>

<P><STRONG><a name="[bd]"></a>NRF_WriteRegArray</STRONG> (Thumb, 54 bytes, Stack size 24 bytes, nrf24l01.o(i.NRF_WriteRegArray))
<BR><BR>[Stack]<UL><LI>Max Depth = 24<LI>Call Chain = NRF_WriteRegArray
</UL>
<BR>[Called By]<UL><LI><a href="#[b2]">&gt;&gt;</a>&nbsp;&nbsp;&nbsp;nrfP2P_SendPacket
<LI><a href="#[ac]">&gt;&gt;</a>&nbsp;&nbsp;&nbsp;nrfP2P_NewChannel
<LI><a href="#[ae]">&gt;&gt;</a>&nbsp;&nbsp;&nbsp;nrfP2P_EnableTxAutoAck
</UL>

<P><STRONG><a name="[85]"></a>NRF_WriteRegByte</STRONG> (Thumb, 42 bytes, Stack size 16 bytes, nrf24l01.o(i.NRF_WriteRegByte))
<BR><BR>[Stack]<UL><LI>Max Depth = 16<LI>Call Chain = NRF_WriteRegByte
</UL>
<BR>[Called By]<UL><LI><a href="#[11]">&gt;&gt;</a>&nbsp;&nbsp;&nbsp;GPABC_IRQHandler
<LI><a href="#[6a]">&gt;&gt;</a>&nbsp;&nbsp;&nbsp;NRF_TxMode
<LI><a href="#[74]">&gt;&gt;</a>&nbsp;&nbsp;&nbsp;NRF_RxMode
<LI><a href="#[b1]">&gt;&gt;</a>&nbsp;&nbsp;&nbsp;NRF_RstIrq
<LI><a href="#[7d]">&gt;&gt;</a>&nbsp;&nbsp;&nbsp;NRF_PowerOn
<LI><a href="#[af]">&gt;&gt;</a>&nbsp;&nbsp;&nbsp;NRF_PowerDown
<LI><a href="#[b3]">&gt;&gt;</a>&nbsp;&nbsp;&nbsp;nrfP2P_TxReuse
<LI><a href="#[b2]">&gt;&gt;</a>&nbsp;&nbsp;&nbsp;nrfP2P_SendPacket
<LI><a href="#[ac]">&gt;&gt;</a>&nbsp;&nbsp;&nbsp;nrfP2P_NewChannel
<LI><a href="#[ab]">&gt;&gt;</a>&nbsp;&nbsp;&nbsp;nrfP2P_InitNrf
<LI><a href="#[ad]">&gt;&gt;</a>&nbsp;&nbsp;&nbsp;nrfP2P_EnableTxDypw
<LI><a href="#[ae]">&gt;&gt;</a>&nbsp;&nbsp;&nbsp;nrfP2P_EnableTxAutoAck
</UL>

<P><STRONG><a name="[30]"></a>NrfDelay</STRONG> (Thumb, 8 bytes, Stack size 8 bytes, portable.o(i.NrfDelay))
<BR><BR>[Stack]<UL><LI>Max Depth = 32<LI>Call Chain = NrfDelay &rArr; DelayUs
</UL>
<BR>[Calls]<UL><LI><a href="#[68]">&gt;&gt;</a>&nbsp;&nbsp;&nbsp;DelayUs
</UL>
<BR>[Address Reference Count : 1]<UL><LI> project.o(i.MOD_NrfInit)
</UL>
<P><STRONG><a name="[72]"></a>NrfSendData</STRONG> (Thumb, 78 bytes, Stack size 32 bytes, project.o(i.NrfSendData))
<BR><BR>[Stack]<UL><LI>Max Depth = 80<LI>Call Chain = NrfSendData &rArr; nrfP2P_TxReuse &rArr; NRF_WriteRegByte
</UL>
<BR>[Calls]<UL><LI><a href="#[b1]">&gt;&gt;</a>&nbsp;&nbsp;&nbsp;NRF_RstIrq
<LI><a href="#[b3]">&gt;&gt;</a>&nbsp;&nbsp;&nbsp;nrfP2P_TxReuse
<LI><a href="#[b2]">&gt;&gt;</a>&nbsp;&nbsp;&nbsp;nrfP2P_SendPacket
</UL>
<BR>[Called By]<UL><LI><a href="#[69]">&gt;&gt;</a>&nbsp;&nbsp;&nbsp;CameraGetImage
<LI><a href="#[86]">&gt;&gt;</a>&nbsp;&nbsp;&nbsp;GpsDataSend
</UL>

<P><STRONG><a name="[73]"></a>OV528_GetPacket</STRONG> (Thumb, 232 bytes, Stack size 32 bytes, cj_ov528.o(i.OV528_GetPacket))
<BR><BR>[Stack]<UL><LI>Max Depth = 44<LI>Call Chain = OV528_GetPacket &rArr; FIFO_WaitData
</UL>
<BR>[Calls]<UL><LI><a href="#[79]">&gt;&gt;</a>&nbsp;&nbsp;&nbsp;FIFO_WaitData
<LI><a href="#[6c]">&gt;&gt;</a>&nbsp;&nbsp;&nbsp;FIFO_Rst
<LI><a href="#[7a]">&gt;&gt;</a>&nbsp;&nbsp;&nbsp;FIFO_ReadData
</UL>
<BR>[Called By]<UL><LI><a href="#[69]">&gt;&gt;</a>&nbsp;&nbsp;&nbsp;CameraGetImage
</UL>

<P><STRONG><a name="[71]"></a>OV528_GetPictue</STRONG> (Thumb, 190 bytes, Stack size 48 bytes, cj_ov528.o(i.OV528_GetPictue))
<BR><BR>[Stack]<UL><LI>Max Depth = 104<LI>Call Chain = OV528_GetPictue &rArr; FIFO_CmdCheck &rArr; FIFO_ReadData
</UL>
<BR>[Calls]<UL><LI><a href="#[6c]">&gt;&gt;</a>&nbsp;&nbsp;&nbsp;FIFO_Rst
<LI><a href="#[7a]">&gt;&gt;</a>&nbsp;&nbsp;&nbsp;FIFO_ReadData
<LI><a href="#[78]">&gt;&gt;</a>&nbsp;&nbsp;&nbsp;FIFO_CmdCheck
<LI><a href="#[66]">&gt;&gt;</a>&nbsp;&nbsp;&nbsp;__aeabi_uidivmod
</UL>
<BR>[Called By]<UL><LI><a href="#[69]">&gt;&gt;</a>&nbsp;&nbsp;&nbsp;CameraGetImage
</UL>

<P><STRONG><a name="[6e]"></a>OV528_Init</STRONG> (Thumb, 110 bytes, Stack size 64 bytes, cj_ov528.o(i.OV528_Init))
<BR><BR>[Stack]<UL><LI>Max Depth = 120<LI>Call Chain = OV528_Init &rArr; FIFO_CmdCheck &rArr; FIFO_ReadData
</UL>
<BR>[Calls]<UL><LI><a href="#[6c]">&gt;&gt;</a>&nbsp;&nbsp;&nbsp;FIFO_Rst
<LI><a href="#[78]">&gt;&gt;</a>&nbsp;&nbsp;&nbsp;FIFO_CmdCheck
</UL>
<BR>[Called By]<UL><LI><a href="#[69]">&gt;&gt;</a>&nbsp;&nbsp;&nbsp;CameraGetImage
</UL>

<P><STRONG><a name="[a7]"></a>OV528_New</STRONG> (Thumb, 42 bytes, Stack size 40 bytes, cj_ov528.o(i.OV528_New))
<BR><BR>[Stack]<UL><LI>Max Depth = 192 + Unknown Stack Size
<LI>Call Chain = OV528_New &rArr; FIFO_New &rArr; __2printf &rArr; _printf_char_file &rArr; _printf_char_common &rArr; __printf
</UL>
<BR>[Calls]<UL><LI><a href="#[80]">&gt;&gt;</a>&nbsp;&nbsp;&nbsp;vMemAlloc
<LI><a href="#[7f]">&gt;&gt;</a>&nbsp;&nbsp;&nbsp;FIFO_New
</UL>
<BR>[Called By]<UL><LI><a href="#[a6]">&gt;&gt;</a>&nbsp;&nbsp;&nbsp;MOD_CameraInit
</UL>

<P><STRONG><a name="[6d]"></a>OV528_SNYC</STRONG> (Thumb, 96 bytes, Stack size 40 bytes, cj_ov528.o(i.OV528_SNYC))
<BR><BR>[Stack]<UL><LI>Max Depth = 96<LI>Call Chain = OV528_SNYC &rArr; FIFO_CmdCheck &rArr; FIFO_ReadData
</UL>
<BR>[Calls]<UL><LI><a href="#[6c]">&gt;&gt;</a>&nbsp;&nbsp;&nbsp;FIFO_Rst
<LI><a href="#[78]">&gt;&gt;</a>&nbsp;&nbsp;&nbsp;FIFO_CmdCheck
</UL>
<BR>[Called By]<UL><LI><a href="#[69]">&gt;&gt;</a>&nbsp;&nbsp;&nbsp;CameraGetImage
</UL>

<P><STRONG><a name="[70]"></a>OV528_SetPacketSize</STRONG> (Thumb, 104 bytes, Stack size 48 bytes, cj_ov528.o(i.OV528_SetPacketSize))
<BR><BR>[Stack]<UL><LI>Max Depth = 104<LI>Call Chain = OV528_SetPacketSize &rArr; FIFO_CmdCheck &rArr; FIFO_ReadData
</UL>
<BR>[Calls]<UL><LI><a href="#[6c]">&gt;&gt;</a>&nbsp;&nbsp;&nbsp;FIFO_Rst
<LI><a href="#[78]">&gt;&gt;</a>&nbsp;&nbsp;&nbsp;FIFO_CmdCheck
</UL>
<BR>[Called By]<UL><LI><a href="#[69]">&gt;&gt;</a>&nbsp;&nbsp;&nbsp;CameraGetImage
</UL>

<P><STRONG><a name="[6f]"></a>OV528_Snapshout</STRONG> (Thumb, 110 bytes, Stack size 48 bytes, cj_ov528.o(i.OV528_Snapshout))
<BR><BR>[Stack]<UL><LI>Max Depth = 104<LI>Call Chain = OV528_Snapshout &rArr; FIFO_CmdCheck &rArr; FIFO_ReadData
</UL>
<BR>[Calls]<UL><LI><a href="#[6c]">&gt;&gt;</a>&nbsp;&nbsp;&nbsp;FIFO_Rst
<LI><a href="#[78]">&gt;&gt;</a>&nbsp;&nbsp;&nbsp;FIFO_CmdCheck
</UL>
<BR>[Called By]<UL><LI><a href="#[69]">&gt;&gt;</a>&nbsp;&nbsp;&nbsp;CameraGetImage
</UL>

<P><STRONG><a name="[26]"></a>PDWU_IRQHandler</STRONG> (Thumb, 28 bytes, Stack size 8 bytes, main.o(i.PDWU_IRQHandler))
<BR><BR>[Stack]<UL><LI>Max Depth = 152 + Unknown Stack Size
<LI>Call Chain = PDWU_IRQHandler &rArr; MCU_PowerDownRestore &rArr; __2printf &rArr; _printf_char_file &rArr; _printf_char_common &rArr; __printf
</UL>
<BR>[Calls]<UL><LI><a href="#[7d]">&gt;&gt;</a>&nbsp;&nbsp;&nbsp;NRF_PowerOn
<LI><a href="#[98]">&gt;&gt;</a>&nbsp;&nbsp;&nbsp;MCU_PowerDownRestore
<LI><a href="#[51]">&gt;&gt;</a>&nbsp;&nbsp;&nbsp;__2printf
</UL>
<BR>[Address Reference Count : 1]<UL><LI> startup_nano103.o(RESET)
</UL>
<P><STRONG><a name="[9c]"></a>RTC_EnableInt</STRONG> (Thumb, 18 bytes, Stack size 4 bytes, rtc.o(i.RTC_EnableInt))
<BR><BR>[Stack]<UL><LI>Max Depth = 4<LI>Call Chain = RTC_EnableInt
</UL>
<BR>[Calls]<UL><LI><a href="#[b4]">&gt;&gt;</a>&nbsp;&nbsp;&nbsp;RTC_RWEN
</UL>
<BR>[Called By]<UL><LI><a href="#[99]">&gt;&gt;</a>&nbsp;&nbsp;&nbsp;MCU_RtcInit
</UL>

<P><STRONG><a name="[29]"></a>RTC_IRQHandler</STRONG> (Thumb, 26 bytes, Stack size 8 bytes, irq.o(i.RTC_IRQHandler))
<BR><BR>[Stack]<UL><LI>Max Depth = 32<LI>Call Chain = RTC_IRQHandler &rArr; RTC_SetDateAndTime
</UL>
<BR>[Calls]<UL><LI><a href="#[7b]">&gt;&gt;</a>&nbsp;&nbsp;&nbsp;RTC_SetDateAndTime
</UL>
<BR>[Address Reference Count : 1]<UL><LI> startup_nano103.o(RESET)
</UL>
<P><STRONG><a name="[9b]"></a>RTC_Open</STRONG> (Thumb, 198 bytes, Stack size 24 bytes, rtc.o(i.RTC_Open))
<BR><BR>[Stack]<UL><LI>Max Depth = 24<LI>Call Chain = RTC_Open
</UL>
<BR>[Calls]<UL><LI><a href="#[66]">&gt;&gt;</a>&nbsp;&nbsp;&nbsp;__aeabi_uidivmod
<LI><a href="#[b4]">&gt;&gt;</a>&nbsp;&nbsp;&nbsp;RTC_RWEN
</UL>
<BR>[Called By]<UL><LI><a href="#[99]">&gt;&gt;</a>&nbsp;&nbsp;&nbsp;MCU_RtcInit
</UL>

<P><STRONG><a name="[b4]"></a>RTC_RWEN</STRONG> (Thumb, 20 bytes, Stack size 0 bytes, rtc.o(i.RTC_RWEN))
<BR><BR>[Called By]<UL><LI><a href="#[7b]">&gt;&gt;</a>&nbsp;&nbsp;&nbsp;RTC_SetDateAndTime
<LI><a href="#[7c]">&gt;&gt;</a>&nbsp;&nbsp;&nbsp;RTC_SetAlarmDateAndTime
<LI><a href="#[9b]">&gt;&gt;</a>&nbsp;&nbsp;&nbsp;RTC_Open
<LI><a href="#[9c]">&gt;&gt;</a>&nbsp;&nbsp;&nbsp;RTC_EnableInt
</UL>

<P><STRONG><a name="[7c]"></a>RTC_SetAlarmDateAndTime</STRONG> (Thumb, 174 bytes, Stack size 24 bytes, rtc.o(i.RTC_SetAlarmDateAndTime))
<BR><BR>[Stack]<UL><LI>Max Depth = 24<LI>Call Chain = RTC_SetAlarmDateAndTime
</UL>
<BR>[Calls]<UL><LI><a href="#[66]">&gt;&gt;</a>&nbsp;&nbsp;&nbsp;__aeabi_uidivmod
<LI><a href="#[b4]">&gt;&gt;</a>&nbsp;&nbsp;&nbsp;RTC_RWEN
</UL>
<BR>[Called By]<UL><LI><a href="#[99]">&gt;&gt;</a>&nbsp;&nbsp;&nbsp;MCU_RtcInit
<LI><a href="#[76]">&gt;&gt;</a>&nbsp;&nbsp;&nbsp;CmdDecoder
</UL>

<P><STRONG><a name="[7b]"></a>RTC_SetDateAndTime</STRONG> (Thumb, 176 bytes, Stack size 24 bytes, rtc.o(i.RTC_SetDateAndTime))
<BR><BR>[Stack]<UL><LI>Max Depth = 24<LI>Call Chain = RTC_SetDateAndTime
</UL>
<BR>[Calls]<UL><LI><a href="#[66]">&gt;&gt;</a>&nbsp;&nbsp;&nbsp;__aeabi_uidivmod
<LI><a href="#[b4]">&gt;&gt;</a>&nbsp;&nbsp;&nbsp;RTC_RWEN
</UL>
<BR>[Called By]<UL><LI><a href="#[29]">&gt;&gt;</a>&nbsp;&nbsp;&nbsp;RTC_IRQHandler
<LI><a href="#[99]">&gt;&gt;</a>&nbsp;&nbsp;&nbsp;MCU_RtcInit
<LI><a href="#[76]">&gt;&gt;</a>&nbsp;&nbsp;&nbsp;CmdDecoder
</UL>

<P><STRONG><a name="[31]"></a>ResetCE</STRONG> (Thumb, 8 bytes, Stack size 0 bytes, portable.o(i.ResetCE))
<BR>[Address Reference Count : 1]<UL><LI> project.o(i.MOD_NrfInit)
</UL>
<P><STRONG><a name="[88]"></a>RstWwdt</STRONG> (Thumb, 28 bytes, Stack size 8 bytes, main.o(i.RstWwdt))
<BR><BR>[Stack]<UL><LI>Max Depth = 144 + Unknown Stack Size
<LI>Call Chain = RstWwdt &rArr; __2printf &rArr; _printf_char_file &rArr; _printf_char_common &rArr; __printf
</UL>
<BR>[Calls]<UL><LI><a href="#[51]">&gt;&gt;</a>&nbsp;&nbsp;&nbsp;__2printf
</UL>
<BR>[Called By]<UL><LI><a href="#[4b]">&gt;&gt;</a>&nbsp;&nbsp;&nbsp;main
<LI><a href="#[87]">&gt;&gt;</a>&nbsp;&nbsp;&nbsp;GpsScan
</UL>

<P><STRONG><a name="[36]"></a>SPI0_DSS</STRONG> (Thumb, 12 bytes, Stack size 0 bytes, portable.o(i.SPI0_DSS))
<BR>[Address Reference Count : 1]<UL><LI> portable.o(.data)
</UL>
<P><STRONG><a name="[37]"></a>SPI0_Dummy</STRONG> (Thumb, 20 bytes, Stack size 0 bytes, portable.o(i.SPI0_Dummy))
<BR>[Address Reference Count : 1]<UL><LI> portable.o(.data)
</UL>
<P><STRONG><a name="[34]"></a>SPI0_ReadByte</STRONG> (Thumb, 24 bytes, Stack size 0 bytes, portable.o(i.SPI0_ReadByte))
<BR>[Address Reference Count : 1]<UL><LI> portable.o(.data)
</UL>
<P><STRONG><a name="[35]"></a>SPI0_SS</STRONG> (Thumb, 14 bytes, Stack size 0 bytes, portable.o(i.SPI0_SS))
<BR>[Address Reference Count : 1]<UL><LI> portable.o(.data)
</UL>
<P><STRONG><a name="[33]"></a>SPI0_WriteByte</STRONG> (Thumb, 26 bytes, Stack size 0 bytes, portable.o(i.SPI0_WriteByte))
<BR>[Address Reference Count : 1]<UL><LI> portable.o(.data)
</UL>
<P><STRONG><a name="[9f]"></a>SPI_Open</STRONG> (Thumb, 26 bytes, Stack size 8 bytes, spi.o(i.SPI_Open))
<BR><BR>[Stack]<UL><LI>Max Depth = 64<LI>Call Chain = SPI_Open &rArr; SPI_SetBusClock &rArr; CLK_GetHCLKFreq &rArr; SystemCoreClockUpdate &rArr; SysGet_HCLKFreq &rArr; SysGet_PLLClockFreq
</UL>
<BR>[Calls]<UL><LI><a href="#[b5]">&gt;&gt;</a>&nbsp;&nbsp;&nbsp;SPI_SetBusClock
</UL>
<BR>[Called By]<UL><LI><a href="#[9d]">&gt;&gt;</a>&nbsp;&nbsp;&nbsp;MCU_SpiInit
</UL>

<P><STRONG><a name="[b5]"></a>SPI_SetBusClock</STRONG> (Thumb, 216 bytes, Stack size 24 bytes, spi.o(i.SPI_SetBusClock))
<BR><BR>[Stack]<UL><LI>Max Depth = 56<LI>Call Chain = SPI_SetBusClock &rArr; CLK_GetHCLKFreq &rArr; SystemCoreClockUpdate &rArr; SysGet_HCLKFreq &rArr; SysGet_PLLClockFreq
</UL>
<BR>[Calls]<UL><LI><a href="#[65]">&gt;&gt;</a>&nbsp;&nbsp;&nbsp;CLK_GetPLLClockFreq
<LI><a href="#[63]">&gt;&gt;</a>&nbsp;&nbsp;&nbsp;CLK_GetHCLKFreq
<LI><a href="#[66]">&gt;&gt;</a>&nbsp;&nbsp;&nbsp;__aeabi_uidivmod
</UL>
<BR>[Called By]<UL><LI><a href="#[9f]">&gt;&gt;</a>&nbsp;&nbsp;&nbsp;SPI_Open
</UL>

<P><STRONG><a name="[8d]"></a>SYS_EnableHIRC0Trim</STRONG> (Thumb, 26 bytes, Stack size 8 bytes, sys.o(i.SYS_EnableHIRC0Trim))
<BR><BR>[Stack]<UL><LI>Max Depth = 8<LI>Call Chain = SYS_EnableHIRC0Trim
</UL>
<BR>[Called By]<UL><LI><a href="#[8a]">&gt;&gt;</a>&nbsp;&nbsp;&nbsp;MCU_ClkInit
</UL>

<P><STRONG><a name="[bc]"></a>SendChar_ToUART</STRONG> (Thumb, 26 bytes, Stack size 0 bytes, retarget.o(i.SendChar_ToUART))
<BR><BR>[Called By]<UL><LI><a href="#[2d]">&gt;&gt;</a>&nbsp;&nbsp;&nbsp;fputc
</UL>

<P><STRONG><a name="[32]"></a>SetCE</STRONG> (Thumb, 16 bytes, Stack size 8 bytes, portable.o(i.SetCE))
<BR><BR>[Stack]<UL><LI>Max Depth = 32<LI>Call Chain = SetCE &rArr; DelayUs
</UL>
<BR>[Calls]<UL><LI><a href="#[68]">&gt;&gt;</a>&nbsp;&nbsp;&nbsp;DelayUs
</UL>
<BR>[Address Reference Count : 1]<UL><LI> project.o(i.MOD_NrfInit)
</UL>
<P><STRONG><a name="[b6]"></a>SysGet_HCLKFreq</STRONG> (Thumb, 88 bytes, Stack size 8 bytes, system_nano103.o(i.SysGet_HCLKFreq))
<BR><BR>[Stack]<UL><LI>Max Depth = 16<LI>Call Chain = SysGet_HCLKFreq &rArr; SysGet_PLLClockFreq
</UL>
<BR>[Calls]<UL><LI><a href="#[b7]">&gt;&gt;</a>&nbsp;&nbsp;&nbsp;SysGet_PLLClockFreq
<LI><a href="#[66]">&gt;&gt;</a>&nbsp;&nbsp;&nbsp;__aeabi_uidivmod
</UL>
<BR>[Called By]<UL><LI><a href="#[64]">&gt;&gt;</a>&nbsp;&nbsp;&nbsp;SystemCoreClockUpdate
</UL>

<P><STRONG><a name="[b7]"></a>SysGet_PLLClockFreq</STRONG> (Thumb, 74 bytes, Stack size 8 bytes, system_nano103.o(i.SysGet_PLLClockFreq))
<BR><BR>[Stack]<UL><LI>Max Depth = 8<LI>Call Chain = SysGet_PLLClockFreq
</UL>
<BR>[Calls]<UL><LI><a href="#[66]">&gt;&gt;</a>&nbsp;&nbsp;&nbsp;__aeabi_uidivmod
</UL>
<BR>[Called By]<UL><LI><a href="#[b6]">&gt;&gt;</a>&nbsp;&nbsp;&nbsp;SysGet_HCLKFreq
<LI><a href="#[bb]">&gt;&gt;</a>&nbsp;&nbsp;&nbsp;_UART_GetUartClk
</UL>

<P><STRONG><a name="[64]"></a>SystemCoreClockUpdate</STRONG> (Thumb, 24 bytes, Stack size 8 bytes, system_nano103.o(i.SystemCoreClockUpdate))
<BR><BR>[Stack]<UL><LI>Max Depth = 24<LI>Call Chain = SystemCoreClockUpdate &rArr; SysGet_HCLKFreq &rArr; SysGet_PLLClockFreq
</UL>
<BR>[Calls]<UL><LI><a href="#[b6]">&gt;&gt;</a>&nbsp;&nbsp;&nbsp;SysGet_HCLKFreq
<LI><a href="#[66]">&gt;&gt;</a>&nbsp;&nbsp;&nbsp;__aeabi_uidivmod
</UL>
<BR>[Called By]<UL><LI><a href="#[63]">&gt;&gt;</a>&nbsp;&nbsp;&nbsp;CLK_GetHCLKFreq
<LI><a href="#[67]">&gt;&gt;</a>&nbsp;&nbsp;&nbsp;CLK_SetHCLK
</UL>

<P><STRONG><a name="[2b]"></a>SystemInit</STRONG> (Thumb, 42 bytes, Stack size 0 bytes, system_nano103.o(i.SystemInit))
<BR>[Address Reference Count : 1]<UL><LI> startup_nano103.o(.text)
</UL>
<P><STRONG><a name="[18]"></a>UART0_IRQHandler</STRONG> (Thumb, 116 bytes, Stack size 16 bytes, irq.o(i.UART0_IRQHandler))
<BR><BR>[Stack]<UL><LI>Max Depth = 32<LI>Call Chain = UART0_IRQHandler &rArr; UART_Read
</UL>
<BR>[Calls]<UL><LI><a href="#[b8]">&gt;&gt;</a>&nbsp;&nbsp;&nbsp;UART_Read
<LI><a href="#[b9]">&gt;&gt;</a>&nbsp;&nbsp;&nbsp;UART_ClearIntFlag
<LI><a href="#[84]">&gt;&gt;</a>&nbsp;&nbsp;&nbsp;FIFO_ByteIn
<LI><a href="#[6c]">&gt;&gt;</a>&nbsp;&nbsp;&nbsp;FIFO_Rst
</UL>
<BR>[Address Reference Count : 1]<UL><LI> startup_nano103.o(RESET)
</UL>
<P><STRONG><a name="[19]"></a>UART1_IRQHandler</STRONG> (Thumb, 70 bytes, Stack size 16 bytes, irq.o(i.UART1_IRQHandler))
<BR><BR>[Stack]<UL><LI>Max Depth = 16<LI>Call Chain = UART1_IRQHandler
</UL>
<BR>[Calls]<UL><LI><a href="#[b9]">&gt;&gt;</a>&nbsp;&nbsp;&nbsp;UART_ClearIntFlag
</UL>
<BR>[Address Reference Count : 1]<UL><LI> startup_nano103.o(RESET)
</UL>
<P><STRONG><a name="[39]"></a>UART1_Read</STRONG> (Thumb, 32 bytes, Stack size 16 bytes, portable.o(i.UART1_Read))
<BR><BR>[Stack]<UL><LI>Max Depth = 32<LI>Call Chain = UART1_Read &rArr; UART_Read
</UL>
<BR>[Calls]<UL><LI><a href="#[b8]">&gt;&gt;</a>&nbsp;&nbsp;&nbsp;UART_Read
<LI><a href="#[84]">&gt;&gt;</a>&nbsp;&nbsp;&nbsp;FIFO_ByteIn
</UL>
<BR>[Address Reference Count : 1]<UL><LI> portable.o(.data)
</UL>
<P><STRONG><a name="[38]"></a>UART1_Write</STRONG> (Thumb, 14 bytes, Stack size 8 bytes, portable.o(i.UART1_Write))
<BR><BR>[Stack]<UL><LI>Max Depth = 24<LI>Call Chain = UART1_Write &rArr; UART_Write
</UL>
<BR>[Calls]<UL><LI><a href="#[ba]">&gt;&gt;</a>&nbsp;&nbsp;&nbsp;UART_Write
</UL>
<BR>[Address Reference Count : 1]<UL><LI> portable.o(.data)
</UL>
<P><STRONG><a name="[b9]"></a>UART_ClearIntFlag</STRONG> (Thumb, 62 bytes, Stack size 0 bytes, uart.o(i.UART_ClearIntFlag))
<BR><BR>[Called By]<UL><LI><a href="#[19]">&gt;&gt;</a>&nbsp;&nbsp;&nbsp;UART1_IRQHandler
<LI><a href="#[18]">&gt;&gt;</a>&nbsp;&nbsp;&nbsp;UART0_IRQHandler
</UL>

<P><STRONG><a name="[a3]"></a>UART_EnableInt</STRONG> (Thumb, 8 bytes, Stack size 0 bytes, uart.o(i.UART_EnableInt))
<BR><BR>[Called By]<UL><LI><a href="#[a0]">&gt;&gt;</a>&nbsp;&nbsp;&nbsp;MCU_UartInit
</UL>

<P><STRONG><a name="[a1]"></a>UART_Open</STRONG> (Thumb, 74 bytes, Stack size 16 bytes, uart.o(i.UART_Open))
<BR><BR>[Stack]<UL><LI>Max Depth = 32<LI>Call Chain = UART_Open &rArr; _UART_GetUartClk &rArr; SysGet_PLLClockFreq
</UL>
<BR>[Calls]<UL><LI><a href="#[66]">&gt;&gt;</a>&nbsp;&nbsp;&nbsp;__aeabi_uidivmod
<LI><a href="#[bb]">&gt;&gt;</a>&nbsp;&nbsp;&nbsp;_UART_GetUartClk
</UL>
<BR>[Called By]<UL><LI><a href="#[a0]">&gt;&gt;</a>&nbsp;&nbsp;&nbsp;MCU_UartInit
</UL>

<P><STRONG><a name="[b8]"></a>UART_Read</STRONG> (Thumb, 44 bytes, Stack size 16 bytes, uart.o(i.UART_Read))
<BR><BR>[Stack]<UL><LI>Max Depth = 16<LI>Call Chain = UART_Read
</UL>
<BR>[Called By]<UL><LI><a href="#[18]">&gt;&gt;</a>&nbsp;&nbsp;&nbsp;UART0_IRQHandler
<LI><a href="#[39]">&gt;&gt;</a>&nbsp;&nbsp;&nbsp;UART1_Read
</UL>

<P><STRONG><a name="[a2]"></a>UART_SetTimeoutCnt</STRONG> (Thumb, 20 bytes, Stack size 0 bytes, uart.o(i.UART_SetTimeoutCnt))
<BR><BR>[Called By]<UL><LI><a href="#[a0]">&gt;&gt;</a>&nbsp;&nbsp;&nbsp;MCU_UartInit
</UL>

<P><STRONG><a name="[ba]"></a>UART_Write</STRONG> (Thumb, 44 bytes, Stack size 16 bytes, uart.o(i.UART_Write))
<BR><BR>[Stack]<UL><LI>Max Depth = 16<LI>Call Chain = UART_Write
</UL>
<BR>[Called By]<UL><LI><a href="#[38]">&gt;&gt;</a>&nbsp;&nbsp;&nbsp;UART1_Write
</UL>

<P><STRONG><a name="[e]"></a>WDT_IRQHandler</STRONG> (Thumb, 40 bytes, Stack size 8 bytes, main.o(i.WDT_IRQHandler))
<BR><BR>[Stack]<UL><LI>Max Depth = 144 + Unknown Stack Size
<LI>Call Chain = WDT_IRQHandler &rArr; __2printf &rArr; _printf_char_file &rArr; _printf_char_common &rArr; __printf
</UL>
<BR>[Calls]<UL><LI><a href="#[51]">&gt;&gt;</a>&nbsp;&nbsp;&nbsp;__2printf
</UL>
<BR>[Address Reference Count : 1]<UL><LI> startup_nano103.o(RESET)
</UL>
<P><STRONG><a name="[a5]"></a>WWDT_Open</STRONG> (Thumb, 30 bytes, Stack size 0 bytes, wwdt.o(i.WWDT_Open))
<BR><BR>[Called By]<UL><LI><a href="#[a4]">&gt;&gt;</a>&nbsp;&nbsp;&nbsp;MCU_WdtInit
</UL>

<P><STRONG><a name="[bb]"></a>_UART_GetUartClk</STRONG> (Thumb, 148 bytes, Stack size 8 bytes, uart.o(i._UART_GetUartClk))
<BR><BR>[Stack]<UL><LI>Max Depth = 16<LI>Call Chain = _UART_GetUartClk &rArr; SysGet_PLLClockFreq
</UL>
<BR>[Calls]<UL><LI><a href="#[b7]">&gt;&gt;</a>&nbsp;&nbsp;&nbsp;SysGet_PLLClockFreq
<LI><a href="#[66]">&gt;&gt;</a>&nbsp;&nbsp;&nbsp;__aeabi_uidivmod
</UL>
<BR>[Called By]<UL><LI><a href="#[a1]">&gt;&gt;</a>&nbsp;&nbsp;&nbsp;UART_Open
</UL>

<P><STRONG><a name="[58]"></a>_is_digit</STRONG> (Thumb, 14 bytes, Stack size 0 bytes, __printf_wp.o(i._is_digit))
<BR><BR>[Called By]<UL><LI><a href="#[57]">&gt;&gt;</a>&nbsp;&nbsp;&nbsp;__printf
</UL>

<P><STRONG><a name="[5f]"></a>ferror</STRONG> (Thumb, 6 bytes, Stack size 0 bytes, retarget.o(i.ferror))
<BR><BR>[Called By]<UL><LI><a href="#[52]">&gt;&gt;</a>&nbsp;&nbsp;&nbsp;_printf_char_file
</UL>

<P><STRONG><a name="[2d]"></a>fputc</STRONG> (Thumb, 12 bytes, Stack size 4 bytes, retarget.o(i.fputc))
<BR><BR>[Stack]<UL><LI>Max Depth = 4<LI>Call Chain = fputc
</UL>
<BR>[Calls]<UL><LI><a href="#[bc]">&gt;&gt;</a>&nbsp;&nbsp;&nbsp;SendChar_ToUART
</UL>
<BR>[Address Reference Count : 1]<UL><LI> _printf_char_file.o(.text)
</UL>
<P><STRONG><a name="[4b]"></a>main</STRONG> (Thumb, 132 bytes, Stack size 0 bytes, main.o(i.main))
<BR><BR>[Stack]<UL><LI>Max Depth = 216 + Unknown Stack Size
<LI>Call Chain = main &rArr; CameraGetImage &rArr; __2printf &rArr; _printf_char_file &rArr; _printf_char_common &rArr; __printf
</UL>
<BR>[Calls]<UL><LI><a href="#[af]">&gt;&gt;</a>&nbsp;&nbsp;&nbsp;NRF_PowerDown
<LI><a href="#[a9]">&gt;&gt;</a>&nbsp;&nbsp;&nbsp;MOD_NrfInit
<LI><a href="#[a8]">&gt;&gt;</a>&nbsp;&nbsp;&nbsp;MOD_GpsInit
<LI><a href="#[a6]">&gt;&gt;</a>&nbsp;&nbsp;&nbsp;MOD_CameraInit
<LI><a href="#[a4]">&gt;&gt;</a>&nbsp;&nbsp;&nbsp;MCU_WdtInit
<LI><a href="#[a0]">&gt;&gt;</a>&nbsp;&nbsp;&nbsp;MCU_UartInit
<LI><a href="#[9d]">&gt;&gt;</a>&nbsp;&nbsp;&nbsp;MCU_SpiInit
<LI><a href="#[99]">&gt;&gt;</a>&nbsp;&nbsp;&nbsp;MCU_RtcInit
<LI><a href="#[96]">&gt;&gt;</a>&nbsp;&nbsp;&nbsp;MCU_PowerDown
<LI><a href="#[95]">&gt;&gt;</a>&nbsp;&nbsp;&nbsp;MCU_PinInit
<LI><a href="#[93]">&gt;&gt;</a>&nbsp;&nbsp;&nbsp;MCU_NvicInit
<LI><a href="#[90]">&gt;&gt;</a>&nbsp;&nbsp;&nbsp;MCU_GpioInit
<LI><a href="#[8a]">&gt;&gt;</a>&nbsp;&nbsp;&nbsp;MCU_ClkInit
<LI><a href="#[76]">&gt;&gt;</a>&nbsp;&nbsp;&nbsp;CmdDecoder
<LI><a href="#[69]">&gt;&gt;</a>&nbsp;&nbsp;&nbsp;CameraGetImage
<LI><a href="#[88]">&gt;&gt;</a>&nbsp;&nbsp;&nbsp;RstWwdt
<LI><a href="#[87]">&gt;&gt;</a>&nbsp;&nbsp;&nbsp;GpsScan
<LI><a href="#[51]">&gt;&gt;</a>&nbsp;&nbsp;&nbsp;__2printf
</UL>
<BR>[Called By]<UL><LI><a href="#[4a]">&gt;&gt;</a>&nbsp;&nbsp;&nbsp;__rt_entry_main
</UL>

<P><STRONG><a name="[ae]"></a>nrfP2P_EnableTxAutoAck</STRONG> (Thumb, 58 bytes, Stack size 16 bytes, nrf_p2p.o(i.nrfP2P_EnableTxAutoAck))
<BR><BR>[Stack]<UL><LI>Max Depth = 40<LI>Call Chain = nrfP2P_EnableTxAutoAck &rArr; NRF_WriteRegArray
</UL>
<BR>[Calls]<UL><LI><a href="#[85]">&gt;&gt;</a>&nbsp;&nbsp;&nbsp;NRF_WriteRegByte
<LI><a href="#[bd]">&gt;&gt;</a>&nbsp;&nbsp;&nbsp;NRF_WriteRegArray
<LI><a href="#[b0]">&gt;&gt;</a>&nbsp;&nbsp;&nbsp;NRF_ReadRegByte
</UL>
<BR>[Called By]<UL><LI><a href="#[a9]">&gt;&gt;</a>&nbsp;&nbsp;&nbsp;MOD_NrfInit
</UL>

<P><STRONG><a name="[ad]"></a>nrfP2P_EnableTxDypw</STRONG> (Thumb, 48 bytes, Stack size 8 bytes, nrf_p2p.o(i.nrfP2P_EnableTxDypw))
<BR><BR>[Stack]<UL><LI>Max Depth = 24<LI>Call Chain = nrfP2P_EnableTxDypw &rArr; NRF_WriteRegByte
</UL>
<BR>[Calls]<UL><LI><a href="#[85]">&gt;&gt;</a>&nbsp;&nbsp;&nbsp;NRF_WriteRegByte
<LI><a href="#[b0]">&gt;&gt;</a>&nbsp;&nbsp;&nbsp;NRF_ReadRegByte
</UL>
<BR>[Called By]<UL><LI><a href="#[a9]">&gt;&gt;</a>&nbsp;&nbsp;&nbsp;MOD_NrfInit
</UL>

<P><STRONG><a name="[ab]"></a>nrfP2P_InitNrf</STRONG> (Thumb, 144 bytes, Stack size 16 bytes, nrf_p2p.o(i.nrfP2P_InitNrf))
<BR><BR>[Stack]<UL><LI>Max Depth = 32<LI>Call Chain = nrfP2P_InitNrf &rArr; NRF_WriteRegByte
</UL>
<BR>[Calls]<UL><LI><a href="#[85]">&gt;&gt;</a>&nbsp;&nbsp;&nbsp;NRF_WriteRegByte
<LI><a href="#[81]">&gt;&gt;</a>&nbsp;&nbsp;&nbsp;NRF_Nop
<LI><a href="#[6b]">&gt;&gt;</a>&nbsp;&nbsp;&nbsp;NRF_FlushTx
<LI><a href="#[75]">&gt;&gt;</a>&nbsp;&nbsp;&nbsp;NRF_FlushRx
</UL>
<BR>[Called By]<UL><LI><a href="#[a9]">&gt;&gt;</a>&nbsp;&nbsp;&nbsp;MOD_NrfInit
</UL>

<P><STRONG><a name="[ac]"></a>nrfP2P_NewChannel</STRONG> (Thumb, 180 bytes, Stack size 48 bytes, nrf_p2p.o(i.nrfP2P_NewChannel))
<BR><BR>[Stack]<UL><LI>Max Depth = 80<LI>Call Chain = nrfP2P_NewChannel &rArr; vMemAlloc &rArr; vMemInit
</UL>
<BR>[Calls]<UL><LI><a href="#[85]">&gt;&gt;</a>&nbsp;&nbsp;&nbsp;NRF_WriteRegByte
<LI><a href="#[bd]">&gt;&gt;</a>&nbsp;&nbsp;&nbsp;NRF_WriteRegArray
<LI><a href="#[b0]">&gt;&gt;</a>&nbsp;&nbsp;&nbsp;NRF_ReadRegByte
<LI><a href="#[80]">&gt;&gt;</a>&nbsp;&nbsp;&nbsp;vMemAlloc
<LI><a href="#[5a]">&gt;&gt;</a>&nbsp;&nbsp;&nbsp;__aeabi_memcpy
</UL>
<BR>[Called By]<UL><LI><a href="#[a9]">&gt;&gt;</a>&nbsp;&nbsp;&nbsp;MOD_NrfInit
</UL>

<P><STRONG><a name="[b2]"></a>nrfP2P_SendPacket</STRONG> (Thumb, 74 bytes, Stack size 16 bytes, nrf_p2p.o(i.nrfP2P_SendPacket))
<BR><BR>[Stack]<UL><LI>Max Depth = 40<LI>Call Chain = nrfP2P_SendPacket &rArr; NRF_WriteRegArray
</UL>
<BR>[Calls]<UL><LI><a href="#[85]">&gt;&gt;</a>&nbsp;&nbsp;&nbsp;NRF_WriteRegByte
<LI><a href="#[bd]">&gt;&gt;</a>&nbsp;&nbsp;&nbsp;NRF_WriteRegArray
<LI><a href="#[be]">&gt;&gt;</a>&nbsp;&nbsp;&nbsp;NRF_TxPayload
<LI><a href="#[b0]">&gt;&gt;</a>&nbsp;&nbsp;&nbsp;NRF_ReadRegByte
</UL>
<BR>[Called By]<UL><LI><a href="#[72]">&gt;&gt;</a>&nbsp;&nbsp;&nbsp;NrfSendData
</UL>

<P><STRONG><a name="[b3]"></a>nrfP2P_TxReuse</STRONG> (Thumb, 90 bytes, Stack size 32 bytes, nrf_p2p.o(i.nrfP2P_TxReuse))
<BR><BR>[Stack]<UL><LI>Max Depth = 48<LI>Call Chain = nrfP2P_TxReuse &rArr; NRF_WriteRegByte
</UL>
<BR>[Calls]<UL><LI><a href="#[85]">&gt;&gt;</a>&nbsp;&nbsp;&nbsp;NRF_WriteRegByte
<LI><a href="#[bf]">&gt;&gt;</a>&nbsp;&nbsp;&nbsp;NRF_ReuseTx
<LI><a href="#[b0]">&gt;&gt;</a>&nbsp;&nbsp;&nbsp;NRF_ReadRegByte
<LI><a href="#[81]">&gt;&gt;</a>&nbsp;&nbsp;&nbsp;NRF_Nop
<LI><a href="#[6b]">&gt;&gt;</a>&nbsp;&nbsp;&nbsp;NRF_FlushTx
</UL>
<BR>[Called By]<UL><LI><a href="#[72]">&gt;&gt;</a>&nbsp;&nbsp;&nbsp;NrfSendData
</UL>

<P><STRONG><a name="[89]"></a>stackDump</STRONG> (Thumb, 70 bytes, Stack size 8 bytes, retarget.o(i.stackDump))
<BR><BR>[Stack]<UL><LI>Max Depth = 144 + Unknown Stack Size
<LI>Call Chain = stackDump &rArr; __2printf &rArr; _printf_char_file &rArr; _printf_char_common &rArr; __printf
</UL>
<BR>[Calls]<UL><LI><a href="#[51]">&gt;&gt;</a>&nbsp;&nbsp;&nbsp;__2printf
</UL>
<BR>[Called By]<UL><LI><a href="#[2a]">&gt;&gt;</a>&nbsp;&nbsp;&nbsp;Hard_Fault_Handler
</UL>

<P><STRONG><a name="[80]"></a>vMemAlloc</STRONG> (Thumb, 146 bytes, Stack size 24 bytes, vmemalloc.o(i.vMemAlloc))
<BR><BR>[Stack]<UL><LI>Max Depth = 32<LI>Call Chain = vMemAlloc &rArr; vMemInit
</UL>
<BR>[Calls]<UL><LI><a href="#[c0]">&gt;&gt;</a>&nbsp;&nbsp;&nbsp;vMemInit
</UL>
<BR>[Called By]<UL><LI><a href="#[aa]">&gt;&gt;</a>&nbsp;&nbsp;&nbsp;NRF_New
<LI><a href="#[ac]">&gt;&gt;</a>&nbsp;&nbsp;&nbsp;nrfP2P_NewChannel
<LI><a href="#[7f]">&gt;&gt;</a>&nbsp;&nbsp;&nbsp;FIFO_New
<LI><a href="#[a7]">&gt;&gt;</a>&nbsp;&nbsp;&nbsp;OV528_New
</UL>
<P>
<H3>
Local Symbols
</H3>
<P><STRONG><a name="[c0]"></a>vMemInit</STRONG> (Thumb, 62 bytes, Stack size 8 bytes, vmemalloc.o(i.vMemInit))
<BR><BR>[Stack]<UL><LI>Max Depth = 8<LI>Call Chain = vMemInit
</UL>
<BR>[Called By]<UL><LI><a href="#[80]">&gt;&gt;</a>&nbsp;&nbsp;&nbsp;vMemAlloc
</UL>

<P><STRONG><a name="[94]"></a>NVIC_EnableIRQ</STRONG> (Thumb, 14 bytes, Stack size 0 bytes, project.o(i.NVIC_EnableIRQ))
<BR><BR>[Called By]<UL><LI><a href="#[93]">&gt;&gt;</a>&nbsp;&nbsp;&nbsp;MCU_NvicInit
</UL>

<P><STRONG><a name="[20]"></a>Default_Handler</STRONG> (Thumb, 2 bytes, Stack size 0 bytes, startup_nano103.o(.text))
<BR><BR>[Calls]<UL><LI><a href="#[20]">&gt;&gt;</a>&nbsp;&nbsp;&nbsp;Default_Handler
</UL>
<BR>[Called By]<UL><LI><a href="#[20]">&gt;&gt;</a>&nbsp;&nbsp;&nbsp;Default_Handler
</UL>
<BR>[Address Reference Count : 1]<UL><LI> startup_nano103.o(RESET)
</UL>
<P><STRONG><a name="[2e]"></a>_printf_input_char</STRONG> (Thumb, 10 bytes, Stack size 0 bytes, _printf_char_common.o(.text))
<BR>[Address Reference Count : 1]<UL><LI> _printf_char_common.o(.text)
</UL><P>
<H3>
Undefined Global Symbols
</H3>
<P><STRONG><a name="[61]"></a>_call_atexit_fns</STRONG> (ARM, 0 bytes, Stack size 0 bytes, UNDEFINED)
<BR><BR>[Called By]<UL><LI><a href="#[4c]">&gt;&gt;</a>&nbsp;&nbsp;&nbsp;exit
</UL>

<P><STRONG><a name="[53]"></a>_printf_truncate_signed</STRONG> (ARM, 0 bytes, Stack size 0 bytes, UNDEFINED)
<BR><BR>[Called By]<UL><LI><a href="#[43]">&gt;&gt;</a>&nbsp;&nbsp;&nbsp;_printf_int_dec
</UL>

<P><STRONG><a name="[54]"></a>_printf_truncate_unsigned</STRONG> (ARM, 0 bytes, Stack size 0 bytes, UNDEFINED)
<BR><BR>[Called By]<UL><LI><a href="#[45]">&gt;&gt;</a>&nbsp;&nbsp;&nbsp;_printf_int_hex
<LI><a href="#[43]">&gt;&gt;</a>&nbsp;&nbsp;&nbsp;_printf_int_dec
</UL>
<HR></body></html>
