Component: ARM Compiler 5.06 update 6 (build 750) Tool: armlink [4d35ed]

==============================================================================

Section Cross References

    main.o(i.main) refers to user_lib.o(i.PIN_SETUP) for PIN_SETUP
    main.o(i.main) refers to user_lib.o(i.CLK_SETUP) for CLK_SETUP
    main.o(i.main) refers to user_lib.o(i.UART_SETUP) for UART_SETUP
    main.o(i.main) refers to user_lib.o(i.RTC_SETUP) for RTC_SETUP
    main.o(i.main) refers to user_lib.o(i.GPIO_SETUP) for GPIO_SETUP
    main.o(i.main) refers to user_lib.o(i.SPI_SETUP) for SPI_SETUP
    main.o(i.main) refers to user_lib.o(i.TIMER_SETUP) for TIMER_SETUP
    main.o(i.main) refers to irq.o(i.NVIC_INIT) for NVIC_INIT
    main.o(i.main) refers to noretval__2printf.o(.text) for __2printf
    main.o(i.main) refers to tasks.o(i.xTaskCreate) for xTaskCreate
    main.o(i.main) refers to tasks.o(i.vTaskStartScheduler) for vTaskStartScheduler
    main.o(i.main) refers to rtos_task.o(.data) for taskBootCreate_handler
    main.o(i.main) refers to rtos_task.o(i.taskBootCreate) for taskBootCreate
    rtos_task.o(i.taskBootCreate) refers to noretval__2printf.o(.text) for __2printf
    rtos_task.o(i.taskBootCreate) refers to port.o(i.vPortEnterCritical) for vPortEnterCritical
    rtos_task.o(i.taskBootCreate) refers to tasks.o(i.xTaskCreate) for xTaskCreate
    rtos_task.o(i.taskBootCreate) refers to tasks.o(i.vTaskDelete) for vTaskDelete
    rtos_task.o(i.taskBootCreate) refers to port.o(i.vPortExitCritical) for vPortExitCritical
    rtos_task.o(i.taskBootCreate) refers to rtos_task.o(.data) for .data
    rtos_task.o(i.taskBootCreate) refers to rtos_task.o(i.taskLEDControl) for taskLEDControl
    rtos_task.o(i.taskLEDControl) refers to noretval__2printf.o(.text) for __2printf
    rtos_task.o(i.taskLEDControl) refers to tasks.o(i.vTaskDelay) for vTaskDelay
    system_nano103.o(i.SysGet_HCLKFreq) refers to aeabi_sdiv.o(.text) for __aeabi_uidivmod
    system_nano103.o(i.SysGet_HCLKFreq) refers to system_nano103.o(i.SysGet_PLLClockFreq) for SysGet_PLLClockFreq
    system_nano103.o(i.SysGet_PLLClockFreq) refers to aeabi_sdiv.o(.text) for __aeabi_uidivmod
    system_nano103.o(i.SystemCoreClockUpdate) refers to system_nano103.o(i.SysGet_HCLKFreq) for SysGet_HCLKFreq
    system_nano103.o(i.SystemCoreClockUpdate) refers to aeabi_sdiv.o(.text) for __aeabi_uidivmod
    system_nano103.o(i.SystemCoreClockUpdate) refers to system_nano103.o(.data) for .data
    startup_nano103.o(STACK) refers (Special) to heapauxi.o(.text) for __use_two_region_memory
    startup_nano103.o(HEAP) refers (Special) to heapauxi.o(.text) for __use_two_region_memory
    startup_nano103.o(RESET) refers (Special) to heapauxi.o(.text) for __use_two_region_memory
    startup_nano103.o(RESET) refers to startup_nano103.o(STACK) for __initial_sp
    startup_nano103.o(RESET) refers to startup_nano103.o(.text) for Reset_Handler
    startup_nano103.o(RESET) refers to retarget.o(.emb_text) for HardFault_Handler
    startup_nano103.o(RESET) refers to port.o(i.SVC_Handler) for SVC_Handler
    startup_nano103.o(RESET) refers to port.o(.emb_text) for PendSV_Handler
    startup_nano103.o(RESET) refers to port.o(i.SysTick_Handler) for SysTick_Handler
    startup_nano103.o(RESET) refers to irq.o(i.GPABC_IRQHandler) for GPABC_IRQHandler
    startup_nano103.o(RESET) refers to irq.o(i.TMR0_IRQHandler) for TMR0_IRQHandler
    startup_nano103.o(RESET) refers to irq.o(i.UART1_IRQHandler) for UART1_IRQHandler
    startup_nano103.o(.text) refers (Special) to heapauxi.o(.text) for __use_two_region_memory
    startup_nano103.o(.text) refers to system_nano103.o(i.SystemInit) for SystemInit
    startup_nano103.o(.text) refers to __main.o(!!!main) for __main
    startup_nano103.o(.text) refers to startup_nano103.o(HEAP) for Heap_Mem
    startup_nano103.o(.text) refers to startup_nano103.o(STACK) for Stack_Mem
    clk.o(i.CLK_EnablePLL) refers to aeabi_sdiv.o(.text) for __aeabi_uidivmod
    clk.o(i.CLK_EnablePLL) refers to clk.o(i.CLK_GetPLLClockFreq) for CLK_GetPLLClockFreq
    clk.o(i.CLK_GetCPUFreq) refers to system_nano103.o(i.SystemCoreClockUpdate) for SystemCoreClockUpdate
    clk.o(i.CLK_GetCPUFreq) refers to system_nano103.o(.data) for SystemCoreClock
    clk.o(i.CLK_GetHCLKFreq) refers to system_nano103.o(i.SystemCoreClockUpdate) for SystemCoreClockUpdate
    clk.o(i.CLK_GetHCLKFreq) refers to system_nano103.o(.data) for SystemCoreClock
    clk.o(i.CLK_GetPCLK0Freq) refers to rt_memcpy.o(.emb_text) for __aeabi_memcpy4
    clk.o(i.CLK_GetPCLK0Freq) refers to system_nano103.o(i.SystemCoreClockUpdate) for SystemCoreClockUpdate
    clk.o(i.CLK_GetPCLK0Freq) refers to aeabi_sdiv.o(.text) for __aeabi_uidivmod
    clk.o(i.CLK_GetPCLK0Freq) refers to clk.o(.constdata) for .constdata
    clk.o(i.CLK_GetPCLK0Freq) refers to system_nano103.o(.data) for SystemCoreClock
    clk.o(i.CLK_GetPCLK1Freq) refers to rt_memcpy.o(.emb_text) for __aeabi_memcpy4
[...]
    ..\FreeRTOS\Source\tasks.c               0x00000000   Number         0  tasks.o ABSOLUTE
    ..\FreeRTOS\Source\timers.c              0x00000000   Number         0  timers.o ABSOLUTE
    ..\Libraries\Device\Nuvoton\Nano103\Source\ARM\startup_Nano103.s 0x00000000   Number         0  startup_nano103.o ABSOLUTE
    ..\Libraries\Device\Nuvoton\Nano103\Source\system_Nano103.c 0x00000000   Number         0  system_nano103.o ABSOLUTE
    ..\Libraries\StdDriver\src\acmp.c        0x00000000   Number         0  acmp.o ABSOLUTE
    ..\Libraries\StdDriver\src\adc.c         0x00000000   Number         0  adc.o ABSOLUTE
    ..\Libraries\StdDriver\src\clk.c         0x00000000   Number         0  clk.o ABSOLUTE
    ..\Libraries\StdDriver\src\crc.c         0x00000000   Number         0  crc.o ABSOLUTE
    ..\Libraries\StdDriver\src\fmc.c         0x00000000   Number         0  fmc.o ABSOLUTE
    ..\Libraries\StdDriver\src\gpio.c        0x00000000   Number         0  gpio.o ABSOLUTE
    ..\Libraries\StdDriver\src\i2c.c         0x00000000   Number         0  i2c.o ABSOLUTE
    ..\Libraries\StdDriver\src\pdma.c        0x00000000   Number         0  pdma.o ABSOLUTE
    ..\Libraries\StdDriver\src\pwm.c         0x00000000   Number         0  pwm.o ABSOLUTE
    ..\Libraries\StdDriver\src\retarget.c    0x00000000   Number         0  retarget.o ABSOLUTE
    ..\Libraries\StdDriver\src\rtc.c         0x00000000   Number         0  rtc.o ABSOLUTE
    ..\Libraries\StdDriver\src\sc.c          0x00000000   Number         0  sc.o ABSOLUTE
    ..\Libraries\StdDriver\src\scuart.c      0x00000000   Number         0  scuart.o ABSOLUTE
    ..\Libraries\StdDriver\src\spi.c         0x00000000   Number         0  spi.o ABSOLUTE
    ..\Libraries\StdDriver\src\sys.c         0x00000000   Number         0  sys.o ABSOLUTE
    ..\Libraries\StdDriver\src\timer.c       0x00000000   Number         0  timer.o ABSOLUTE
    ..\Libraries\StdDriver\src\uart.c        0x00000000   Number         0  uart.o ABSOLUTE
    ..\Libraries\StdDriver\src\wdt.c         0x00000000   Number         0  wdt.o ABSOLUTE
    ..\Libraries\StdDriver\src\wwdt.c        0x00000000   Number         0  wwdt.o ABSOLUTE
    ..\Libraries\User\src\FIFO.c             0x00000000   Number         0  fifo.o ABSOLUTE
    ..\Libraries\User\src\Flash.c            0x00000000   Number         0  flash.o ABSOLUTE
    ..\Libraries\User\src\IRQ.c              0x00000000   Number         0  irq.o ABSOLUTE
    ..\Libraries\User\src\OV2640.c           0x00000000   Number         0  ov2640.o ABSOLUTE
    ..\Libraries\User\src\W25QXX.c           0x00000000   Number         0  w25qxx.o ABSOLUTE
    ..\Libraries\User\src\nrf24l01.c         0x00000000   Number         0  nrf24l01.o ABSOLUTE
    ..\Libraries\User\src\user_lib.c         0x00000000   Number         0  user_lib.o ABSOLUTE
    ..\\FreeRTOS\\Source\\croutine.c         0x00000000   Number         0  croutine.o ABSOLUTE
    ..\\FreeRTOS\\Source\\event_groups.c     0x00000000   Number         0  event_groups.o ABSOLUTE
    ..\\FreeRTOS\\Source\\list.c             0x00000000   Number         0  list.o ABSOLUTE
    ..\\FreeRTOS\\Source\\portable\\MemMang\\heap_4.c 0x00000000   Number         0  heap_4.o ABSOLUTE
    ..\\FreeRTOS\\Source\\portable\\RVDS\\ARM_CM0\\port.c 0x00000000   Number         0  port.o ABSOLUTE
    ..\\FreeRTOS\\Source\\queue.c            0x00000000   Number         0  queue.o ABSOLUTE
    ..\\FreeRTOS\\Source\\stream_buffer.c    0x00000000   Number         0  stream_buffer.o ABSOLUTE
    ..\\FreeRTOS\\Source\\tasks.c            0x00000000   Number         0  tasks.o ABSOLUTE
    ..\\FreeRTOS\\Source\\timers.c           0x00000000   Number         0  timers.o ABSOLUTE
    ..\\Libraries\\Device\\Nuvoton\\Nano103\\Source\\system_Nano103.c 0x00000000   Number         0  system_nano103.o ABSOLUTE
    ..\\Libraries\\StdDriver\\src\\acmp.c    0x00000000   Number         0  acmp.o ABSOLUTE
    ..\\Libraries\\StdDriver\\src\\adc.c     0x00000000   Number         0  adc.o ABSOLUTE
    ..\\Libraries\\StdDriver\\src\\clk.c     0x00000000   Number         0  clk.o ABSOLUTE
    ..\\Libraries\\StdDriver\\src\\crc.c     0x00000000   Number         0  crc.o ABSOLUTE
    ..\\Libraries\\StdDriver\\src\\fmc.c     0x00000000   Number         0  fmc.o ABSOLUTE
    ..\\Libraries\\StdDriver\\src\\gpio.c    0x00000000   Number         0  gpio.o ABSOLUTE
    ..\\Libraries\\StdDriver\\src\\i2c.c     0x00000000   Number         0  i2c.o ABSOLUTE
    ..\\Libraries\\StdDriver\\src\\pdma.c    0x00000000   Number         0  pdma.o ABSOLUTE
    ..\\Libraries\\StdDriver\\src\\pwm.c     0x00000000   Number         0  pwm.o ABSOLUTE
    ..\\Libraries\\StdDriver\\src\\retarget.c 0x00000000   Number         0  retarget.o ABSOLUTE
    ..\\Libraries\\StdDriver\\src\\rtc.c     0x00000000   Number         0  rtc.o ABSOLUTE
    ..\\Libraries\\StdDriver\\src\\sc.c      0x00000000   Number         0  sc.o ABSOLUTE
    ..\\Libraries\\StdDriver\\src\\scuart.c  0x00000000   Number         0  scuart.o ABSOLUTE
    ..\\Libraries\\StdDriver\\src\\spi.c     0x00000000   Number         0  spi.o ABSOLUTE
    ..\\Libraries\\StdDriver\\src\\sys.c     0x00000000   Number         0  sys.o ABSOLUTE
    ..\\Libraries\\StdDriver\\src\\timer.c   0x00000000   Number         0  timer.o ABSOLUTE
    ..\\Libraries\\StdDriver\\src\\uart.c    0x00000000   Number         0  uart.o ABSOLUTE
    ..\\Libraries\\StdDriver\\src\\wdt.c     0x00000000   Number         0  wdt.o ABSOLUTE
    ..\\Libraries\\StdDriver\\src\\wwdt.c    0x00000000   Number         0  wwdt.o ABSOLUTE
    ..\\Libraries\\User\\src\\FIFO.c         0x00000000   Number         0  fifo.o ABSOLUTE
    ..\\Libraries\\User\\src\\Flash.c        0x00000000   Number         0  flash.o ABSOLUTE
    ..\\Libraries\\User\\src\\IRQ.c          0x00000000   Number         0  irq.o ABSOLUTE
    ..\\Libraries\\User\\src\\OV2640.c       0x00000000   Number         0  ov2640.o ABSOLUTE
    ..\\Libraries\\User\\src\\W25QXX.c       0x00000000   Number         0  w25qxx.o ABSOLUTE
    ..\\Libraries\\User\\src\\nrf24l01.c     0x00000000   Number         0  nrf24l01.o ABSOLUTE
    ..\\Libraries\\User\\src\\user_lib.c     0x00000000   Number         0  user_lib.o ABSOLUTE
    ..\\main.c                               0x00000000   Number         0  main.o ABSOLUTE
    ..\\rtos_task.c                          0x00000000   Number         0  rtos_task.o ABSOLUTE
    ..\main.c                                0x00000000   Number         0  main.o ABSOLUTE
    ..\rtos_task.c                           0x00000000   Number         0  rtos_task.o ABSOLUTE
    dc.s                                     0x00000000   Number         0  dc.o ABSOLUTE
    !!!main                                  0x000000c0   Section        8  __main.o(!!!main)
    !!!scatter                               0x000000c8   Section       60  __scatter.o(!!!scatter)
    !!handler_copy                           0x00000104   Section       26  __scatter_copy.o(!!handler_copy)
    !!handler_zi                             0x00000120   Section       28  __scatter_zi.o(!!handler_zi)
    .ARM.Collect$$_printf_percent$$00000000  0x0000013c   Section        2  _printf_percent.o(.ARM.Collect$$_printf_percent$$00000000)
    .ARM.Collect$$_printf_percent$$00000009  0x0000013e   Section       10  _printf_d.o(.ARM.Collect$$_printf_percent$$00000009)
    .ARM.Collect$$_printf_percent$$0000000C  0x00000148   Section       10  _printf_x.o(.ARM.Collect$$_printf_percent$$0000000C)
    .ARM.Collect$$_printf_percent$$00000017  0x00000152   Section        4  _printf_percent_end.o(.ARM.Collect$$_printf_percent$$00000017)
    .ARM.Collect$$libinit$$00000000          0x00000156   Section        2  libinit.o(.ARM.Collect$$libinit$$00000000)
    .ARM.Collect$$libinit$$00000002          0x00000158   Section        0  libinit2.o(.ARM.Collect$$libinit$$00000002)
    .ARM.Collect$$libinit$$00000004          0x00000158   Section        0  libinit2.o(.ARM.Collect$$libinit$$00000004)
    .ARM.Collect$$libinit$$0000000A          0x00000158   Section        0  libinit2.o(.ARM.Collect$$libinit$$0000000A)
    .ARM.Collect$$libinit$$0000000C          0x00000158   Section        0  libinit2.o(.ARM.Collect$$libinit$$0000000C)
    .ARM.Collect$$libinit$$0000000E          0x00000158   Section        0  libinit2.o(.ARM.Collect$$libinit$$0000000E)
    .ARM.Collect$$libinit$$00000011          0x00000158   Section        0  libinit2.o(.ARM.Collect$$libinit$$00000011)
    .ARM.Collect$$libinit$$00000013          0x00000158   Section        0  libinit2.o(.ARM.Collect$$libinit$$00000013)
    .ARM.Collect$$libinit$$00000015          0x00000158   Section        0  libinit2.o(.ARM.Collect$$libinit$$00000015)
    .ARM.Collect$$libinit$$00000017          0x00000158   Section        0  libinit2.o(.ARM.Collect$$libinit$$00000017)
    .ARM.Collect$$libinit$$00000019          0x00000158   Section        0  libinit2.o(.ARM.Collect$$libinit$$00000019)
    .ARM.Collect$$libinit$$0000001B          0x00000158   Section        0  libinit2.o(.ARM.Collect$$libinit$$0000001B)
    .ARM.Collect$$libinit$$0000001D          0x00000158   Section        0  libinit2.o(.ARM.Collect$$libinit$$0000001D)
    .ARM.Collect$$libinit$$0000001F          0x00000158   Section        0  libinit2.o(.ARM.Collect$$libinit$$0000001F)
    .ARM.Collect$$libinit$$00000021          0x00000158   Section        0  libinit2.o(.ARM.Collect$$libinit$$00000021)
    .ARM.Collect$$libinit$$00000023          0x00000158   Section        0  libinit2.o(.ARM.Collect$$libinit$$00000023)
    .ARM.Collect$$libinit$$00000025          0x00000158   Section        0  libinit2.o(.ARM.Collect$$libinit$$00000025)
    .ARM.Collect$$libinit$$0000002C          0x00000158   Section        0  libinit2.o(.ARM.Collect$$libinit$$0000002C)
    .ARM.Collect$$libinit$$0000002E          0x00000158   Section        0  libinit2.o(.ARM.Collect$$libinit$$0000002E)
    .ARM.Collect$$libinit$$00000030          0x00000158   Section        0  libinit2.o(.ARM.Collect$$libinit$$00000030)
    .ARM.Collect$$libinit$$00000032          0x00000158   Section        0  libinit2.o(.ARM.Collect$$libinit$$00000032)
    .ARM.Collect$$libinit$$00000033          0x00000158   Section        2  libinit2.o(.ARM.Collect$$libinit$$00000033)
    .ARM.Collect$$libshutdown$$00000000      0x0000015a   Section        2  libshutdown.o(.ARM.Collect$$libshutdown$$00000000)
    .ARM.Collect$$libshutdown$$00000002      0x0000015c   Section        0  libshutdown2.o(.ARM.Collect$$libshutdown$$00000002)
    .ARM.Collect$$libshutdown$$00000004      0x0000015c   Section        0  libshutdown2.o(.ARM.Collect$$libshutdown$$00000004)
    .ARM.Collect$$libshutdown$$00000007      0x0000015c   Section        0  libshutdown2.o(.ARM.Collect$$libshutdown$$00000007)
    .ARM.Collect$$libshutdown$$0000000A      0x0000015c   Section        0  libshutdown2.o(.ARM.Collect$$libshutdown$$0000000A)
    .ARM.Collect$$libshutdown$$0000000C      0x0000015c   Section        0  libshutdown2.o(.ARM.Collect$$libshutdown$$0000000C)
    .ARM.Collect$$libshutdown$$0000000F      0x0000015c   Section        0  libshutdown2.o(.ARM.Collect$$libshutdown$$0000000F)
    .ARM.Collect$$libshutdown$$00000010      0x0000015c   Section        2  libshutdown2.o(.ARM.Collect$$libshutdown$$00000010)
    .ARM.Collect$$rtentry$$00000000          0x0000015e   Section        0  __rtentry.o(.ARM.Collect$$rtentry$$00000000)
    .ARM.Collect$$rtentry$$00000002          0x0000015e   Section        0  __rtentry2.o(.ARM.Collect$$rtentry$$00000002)
    .ARM.Collect$$rtentry$$00000004          0x0000015e   Section        6  __rtentry4.o(.ARM.Collect$$rtentry$$00000004)
    .ARM.Collect$$rtentry$$00000009          0x00000164   Section        0  __rtentry2.o(.ARM.Collect$$rtentry$$00000009)
    .ARM.Collect$$rtentry$$0000000A          0x00000164   Section        4  __rtentry2.o(.ARM.Collect$$rtentry$$0000000A)
    .ARM.Collect$$rtentry$$0000000C          0x00000168   Section        0  __rtentry2.o(.ARM.Collect$$rtentry$$0000000C)
    .ARM.Collect$$rtentry$$0000000D          0x00000168   Section        8  __rtentry2.o(.ARM.Collect$$rtentry$$0000000D)
    .ARM.Collect$$rtexit$$00000000           0x00000170   Section        2  rtexit.o(.ARM.Collect$$rtexit$$00000000)
    .ARM.Collect$$rtexit$$00000002           0x00000172   Section        0  rtexit2.o(.ARM.Collect$$rtexit$$00000002)
    .ARM.Collect$$rtexit$$00000003           0x00000172   Section        4  rtexit2.o(.ARM.Collect$$rtexit$$00000003)
    .ARM.Collect$$rtexit$$00000004           0x00000176   Section        6  rtexit2.o(.ARM.Collect$$rtexit$$00000004)
    .emb_text                                0x0000017c   Section       28  retarget.o(.emb_text)
    .emb_text                                0x00000198   Section      120  port.o(.emb_text)
    .emb_text                                0x00000210   Section       56  rt_memcpy.o(.emb_text)
    .text                                    0x00000248   Section      120  startup_nano103.o(.text)
    Default_Handler                          0x0000027b   Thumb Code     2  startup_nano103.o(.text)
    .text                                    0x000002c0   Section        0  noretval__2printf.o(.text)
    .text                                    0x000002dc   Section        0  _printf_dec.o(.text)
    .text                                    0x00000348   Section        0  _printf_hex_int.o(.text)
    .text                                    0x000003a0   Section        0  __printf_wp.o(.text)
    .text                                    0x000004ae   Section        0  rt_memcpy.o(.text)
    .text                                    0x00000530   Section        0  aeabi_memset.o(.text)
    .text                                    0x00000542   Section        0  rt_memclr.o(.text)
    .text                                    0x00000582   Section      346  aeabi_sdiv.o(.text)
    .text                                    0x000006dc   Section        0  heapauxi.o(.text)
    .text                                    0x000006e2   Section        0  _printf_intcommon.o(.text)
    .text                                    0x00000794   Section        0  _printf_char_file.o(.text)
    .text                                    0x000007bc   Section        0  rtudiv10.o(.text)
    .text                                    0x000007e4   Section        8  libspace.o(.text)
    .text                                    0x000007ec   Section        0  _printf_char_common.o(.text)
    _printf_input_char                       0x000007ed   Thumb Code    10  _printf_char_common.o(.text)
    .text                                    0x0000081c   Section        2  use_no_semi.o(.text)
    .text                                    0x0000081e   Section       62  sys_stackheap_outer.o(.text)
    .text                                    0x0000081e   Section        0  indicate_semi.o(.text)
    .text                                    0x0000085c   Section        0  exit.o(.text)
    .text                                    0x0000086c   Section        0  sys_exit.o(.text)
    i.CLK_EnableModuleClock                  0x00000878   Section        0  clk.o(i.CLK_EnableModuleClock)
    i.CLK_EnableXtalRC                       0x00000894   Section        0  clk.o(i.CLK_EnableXtalRC)
    i.CLK_GetCPUFreq                         0x000008a4   Section        0  clk.o(i.CLK_GetCPUFreq)
    i.CLK_GetHCLKFreq                        0x000008b4   Section        0  clk.o(i.CLK_GetHCLKFreq)
    i.CLK_GetHXTFreq                         0x000008c4   Section        0  clk.o(i.CLK_GetHXTFreq)
    i.CLK_GetLXTFreq                         0x000008d8   Section        0  clk.o(i.CLK_GetLXTFreq)
    i.CLK_GetPCLK0Freq                       0x000008f0   Section        0  clk.o(i.CLK_GetPCLK0Freq)
    i.CLK_GetPCLK1Freq                       0x00000928   Section        0  clk.o(i.CLK_GetPCLK1Freq)
    i.CLK_GetPLLClockFreq                    0x00000960   Section        0  clk.o(i.CLK_GetPLLClockFreq)
    i.CLK_SETUP                              0x000009c4   Section        0  user_lib.o(i.CLK_SETUP)
    i.CLK_SetHCLK                            0x00000a50   Section        0  clk.o(i.CLK_SetHCLK)
    i.CLK_SetModuleClock                     0x00000a74   Section        0  clk.o(i.CLK_SetModuleClock)
    i.CLK_WaitClockReady                     0x00000ac4   Section        0  clk.o(i.CLK_WaitClockReady)
    i.FIFO_countTime                         0x00000af0   Section        0  fifo.o(i.FIFO_countTime)
    i.FIFO_data_byte_in                      0x00000b00   Section        0  fifo.o(i.FIFO_data_byte_in)
    i.GPABC_IRQHandler                       0x00000b50   Section        0  irq.o(i.GPABC_IRQHandler)
    i.GPIO_EnableInt                         0x00000b98   Section        0  gpio.o(i.GPIO_EnableInt)
    i.GPIO_SETUP                             0x00000bb4   Section        0  user_lib.o(i.GPIO_SETUP)
    i.GPIO_SetMode                           0x00000c58   Section        0  gpio.o(i.GPIO_SetMode)
    i.Hard_Fault_Handler                     0x00000c80   Section        0  retarget.o(i.Hard_Fault_Handler)
    __tagsym$$used                           0x00000c81   Number         0  retarget.o(i.Hard_Fault_Handler)
    i.NVIC_INIT                              0x00000ca8   Section        0  irq.o(i.NVIC_INIT)
    i.PIN_SETUP                              0x00000cbc   Section        0  user_lib.o(i.PIN_SETUP)
    i.RTC_Open                               0x00000d08   Section        0  rtc.o(i.RTC_Open)
    i.RTC_RWEN                               0x00000ddc   Section        0  rtc.o(i.RTC_RWEN)
    i.RTC_SETUP                              0x00000df8   Section        0  user_lib.o(i.RTC_SETUP)
    i.RTC_SetTickPeriod                      0x00000e18   Section        0  rtc.o(i.RTC_SetTickPeriod)
    i.SPI_Open                               0x00000e34   Section        0  spi.o(i.SPI_Open)
    i.SPI_SETUP                              0x00000e50   Section        0  user_lib.o(i.SPI_SETUP)
    i.SPI_SetBusClock                        0x00000e94   Section        0  spi.o(i.SPI_SetBusClock)
    i.SVC_Handler                            0x00000f88   Section        0  port.o(i.SVC_Handler)
    i.SendChar_ToUART                        0x00000f8c   Section        0  retarget.o(i.SendChar_ToUART)
    i.SysGet_HCLKFreq                        0x00000fac   Section        0  system_nano103.o(i.SysGet_HCLKFreq)
    i.SysGet_PLLClockFreq                    0x00001020   Section        0  system_nano103.o(i.SysGet_PLLClockFreq)
    i.SysTick_Handler                        0x00001084   Section        0  port.o(i.SysTick_Handler)
    i.SystemCoreClockUpdate                  0x000010a8   Section        0  system_nano103.o(i.SystemCoreClockUpdate)
    i.SystemInit                             0x000010c8   Section        0  system_nano103.o(i.SystemInit)
    i.TIMER_GetModuleClock                   0x0000110c   Section        0  timer.o(i.TIMER_GetModuleClock)
    i.TIMER_Open                             0x000011c8   Section        0  timer.o(i.TIMER_Open)
    i.TIMER_SETUP                            0x0000120c   Section        0  user_lib.o(i.TIMER_SETUP)
    i.TMR0_IRQHandler                        0x00001234   Section        0  irq.o(i.TMR0_IRQHandler)
    i.UART1_IRQHandler                       0x00001264   Section        0  irq.o(i.UART1_IRQHandler)
    i.UART_ClearIntFlag                      0x000012bc   Section        0  uart.o(i.UART_ClearIntFlag)
    i.UART_EnableInt                         0x000012fa   Section        0  uart.o(i.UART_EnableInt)
    i.UART_Open                              0x00001304   Section        0  uart.o(i.UART_Open)
    i.UART_Read                              0x00001354   Section        0  uart.o(i.UART_Read)
    i.UART_SETUP                             0x00001380   Section        0  user_lib.o(i.UART_SETUP)
    i.UART_SetTimeoutCnt                     0x000014c0   Section        0  uart.o(i.UART_SetTimeoutCnt)
    i._UART_GetUartClk                       0x000014d4   Section        0  uart.o(i._UART_GetUartClk)
    i.__ARM_common_switch8                   0x00001568   Section        0  w25qxx.o(i.__ARM_common_switch8)
    i._is_digit                              0x00001582   Section        0  __printf_wp.o(i._is_digit)
    i.ferror                                 0x00001590   Section        0  retarget.o(i.ferror)
    i.fputc                                  0x00001596   Section        0  retarget.o(i.fputc)
    i.main                                   0x000015a4   Section        0  main.o(i.main)
    i.prvAddCurrentTaskToDelayedList         0x00001624   Section        0  tasks.o(i.prvAddCurrentTaskToDelayedList)
    prvAddCurrentTaskToDelayedList           0x00001625   Thumb Code    78  tasks.o(i.prvAddCurrentTaskToDelayedList)
    i.prvAddNewTaskToReadyList               0x0000167c   Section        0  tasks.o(i.prvAddNewTaskToReadyList)
    prvAddNewTaskToReadyList                 0x0000167d   Thumb Code   178  tasks.o(i.prvAddNewTaskToReadyList)
    i.prvCheckForValidListAndQueue           0x00001738   Section        0  timers.o(i.prvCheckForValidListAndQueue)
    prvCheckForValidListAndQueue             0x00001739   Thumb Code    64  timers.o(i.prvCheckForValidListAndQueue)
    i.prvCopyDataFromQueue                   0x00001788   Section        0  queue.o(i.prvCopyDataFromQueue)
    prvCopyDataFromQueue                     0x00001789   Thumb Code    38  queue.o(i.prvCopyDataFromQueue)
    i.prvCopyDataToQueue                     0x000017ae   Section        0  queue.o(i.prvCopyDataToQueue)
    prvCopyDataToQueue                       0x000017af   Thumb Code   112  queue.o(i.prvCopyDataToQueue)
    i.prvDeleteTCB                           0x0000181e   Section        0  tasks.o(i.prvDeleteTCB)
    prvDeleteTCB                             0x0000181f   Thumb Code    18  tasks.o(i.prvDeleteTCB)
    i.prvHeapInit                            0x00001830   Section        0  heap_4.o(i.prvHeapInit)
    prvHeapInit                              0x00001831   Thumb Code    58  heap_4.o(i.prvHeapInit)
    i.prvIdleTask                            0x00001878   Section        0  tasks.o(i.prvIdleTask)
    prvIdleTask                              0x00001879   Thumb Code    64  tasks.o(i.prvIdleTask)
    i.prvInitialiseNewTask                   0x000018c0   Section        0  tasks.o(i.prvInitialiseNewTask)
    prvInitialiseNewTask                     0x000018c1   Thumb Code   148  tasks.o(i.prvInitialiseNewTask)
    i.prvInsertBlockIntoFreeList             0x00001954   Section        0  heap_4.o(i.prvInsertBlockIntoFreeList)
    prvInsertBlockIntoFreeList               0x00001955   Thumb Code    72  heap_4.o(i.prvInsertBlockIntoFreeList)
    i.prvInsertTimerInActiveList             0x000019a0   Section        0  timers.o(i.prvInsertTimerInActiveList)
    prvInsertTimerInActiveList               0x000019a1   Thumb Code    52  timers.o(i.prvInsertTimerInActiveList)
    i.prvIsQueueEmpty                        0x000019d8   Section        0  queue.o(i.prvIsQueueEmpty)
    prvIsQueueEmpty                          0x000019d9   Thumb Code    28  queue.o(i.prvIsQueueEmpty)
    i.prvProcessReceivedCommands             0x000019f4   Section        0  timers.o(i.prvProcessReceivedCommands)
    prvProcessReceivedCommands               0x000019f5   Thumb Code   214  timers.o(i.prvProcessReceivedCommands)
    i.prvProcessTimerOrBlockTask             0x00001ad0   Section        0  timers.o(i.prvProcessTimerOrBlockTask)
    prvProcessTimerOrBlockTask               0x00001ad1   Thumb Code   162  timers.o(i.prvProcessTimerOrBlockTask)
    i.prvResetNextTaskUnblockTime            0x00001b78   Section        0  tasks.o(i.prvResetNextTaskUnblockTime)
    prvResetNextTaskUnblockTime              0x00001b79   Thumb Code    28  tasks.o(i.prvResetNextTaskUnblockTime)
    i.prvSampleTimeNow                       0x00001b98   Section        0  timers.o(i.prvSampleTimeNow)
    prvSampleTimeNow                         0x00001b99   Thumb Code    36  timers.o(i.prvSampleTimeNow)
    i.prvSwitchTimerLists                    0x00001bc0   Section        0  timers.o(i.prvSwitchTimerLists)
    prvSwitchTimerLists                      0x00001bc1   Thumb Code    94  timers.o(i.prvSwitchTimerLists)
    i.prvTaskExitError                       0x00001c24   Section        0  port.o(i.prvTaskExitError)
    prvTaskExitError                         0x00001c25   Thumb Code    14  port.o(i.prvTaskExitError)
    i.prvTimerTask                           0x00001c38   Section        0  timers.o(i.prvTimerTask)
    prvTimerTask                             0x00001c39   Thumb Code    38  timers.o(i.prvTimerTask)
    i.prvUnlockQueue                         0x00001c64   Section        0  queue.o(i.prvUnlockQueue)
    prvUnlockQueue                           0x00001c65   Thumb Code   112  queue.o(i.prvUnlockQueue)
    i.pvPortMalloc                           0x00001cd4   Section        0  heap_4.o(i.pvPortMalloc)
    i.pxPortInitialiseStack                  0x00001d84   Section        0  port.o(i.pxPortInitialiseStack)
    i.stackDump                              0x00001da4   Section        0  retarget.o(i.stackDump)
    i.taskBootCreate                         0x00001e4c   Section        0  rtos_task.o(i.taskBootCreate)
    i.taskLEDControl                         0x00001ea8   Section        0  rtos_task.o(i.taskLEDControl)
    i.uxListRemove                           0x00001ee0   Section        0  list.o(i.uxListRemove)
    i.vListInitialise                        0x00001f06   Section        0  list.o(i.vListInitialise)
    i.vListInitialiseItem                    0x00001f1c   Section        0  list.o(i.vListInitialiseItem)
    i.vListInsert                            0x00001f22   Section        0  list.o(i.vListInsert)
    i.vListInsertEnd                         0x00001f52   Section        0  list.o(i.vListInsertEnd)
    i.vPortEnterCritical                     0x00001f6c   Section        0  port.o(i.vPortEnterCritical)
    i.vPortExitCritical                      0x00001f84   Section        0  port.o(i.vPortExitCritical)
    i.vPortFree                              0x00001fa0   Section        0  heap_4.o(i.vPortFree)
    i.vPortYield                             0x00001fe4   Section        0  port.o(i.vPortYield)
    i.vQueueAddToRegistry                    0x00001ffc   Section        0  queue.o(i.vQueueAddToRegistry)
    i.vQueueWaitForMessageRestricted         0x00002020   Section        0  queue.o(i.vQueueWaitForMessageRestricted)
    i.vTaskDelay                             0x00002064   Section        0  tasks.o(i.vTaskDelay)
    i.vTaskDelete                            0x00002094   Section        0  tasks.o(i.vTaskDelete)
    i.vTaskInternalSetTimeOutState           0x0000210c   Section        0  tasks.o(i.vTaskInternalSetTimeOutState)
    i.vTaskMissedYield                       0x0000211c   Section        0  tasks.o(i.vTaskMissedYield)
    i.vTaskPlaceOnEventList                  0x00002128   Section        0  tasks.o(i.vTaskPlaceOnEventList)
    i.vTaskPlaceOnEventListRestricted        0x0000214c   Section        0  tasks.o(i.vTaskPlaceOnEventListRestricted)
    i.vTaskStartScheduler                    0x0000217c   Section        0  tasks.o(i.vTaskStartScheduler)
    i.vTaskSuspendAll                        0x000021d0   Section        0  tasks.o(i.vTaskSuspendAll)
    i.vTaskSwitchContext                     0x000021e0   Section        0  tasks.o(i.vTaskSwitchContext)
    i.xPortStartScheduler                    0x00002238   Section        0  port.o(i.xPortStartScheduler)
    i.xQueueGenericCreate                    0x00002288   Section        0  queue.o(i.xQueueGenericCreate)
    i.xQueueGenericReset                     0x000022cc   Section        0  queue.o(i.xQueueGenericReset)
    i.xQueueGenericSend                      0x0000233a   Section        0  queue.o(i.xQueueGenericSend)
    i.xQueueGenericSendFromISR               0x00002458   Section        0  queue.o(i.xQueueGenericSendFromISR)
    i.xQueueReceive                          0x000024e4   Section        0  queue.o(i.xQueueReceive)
    i.xTaskCheckForTimeOut                   0x000025e8   Section        0  tasks.o(i.xTaskCheckForTimeOut)
    i.xTaskCreate                            0x00002644   Section        0  tasks.o(i.xTaskCreate)
    i.xTaskGetSchedulerState                 0x00002694   Section        0  tasks.o(i.xTaskGetSchedulerState)
    i.xTaskGetTickCount                      0x000026b4   Section        0  tasks.o(i.xTaskGetTickCount)
    i.xTaskIncrementTick                     0x000026c0   Section        0  tasks.o(i.xTaskIncrementTick)
    i.xTaskPriorityDisinherit                0x0000277c   Section        0  tasks.o(i.xTaskPriorityDisinherit)
    i.xTaskRemoveFromEventList               0x000027e0   Section        0  tasks.o(i.xTaskRemoveFromEventList)
    i.xTaskResumeAll                         0x00002844   Section        0  tasks.o(i.xTaskResumeAll)
    i.xTimerCreateTimerTask                  0x000028f0   Section        0  timers.o(i.xTimerCreateTimerTask)
    i.xTimerGenericCommand                   0x00002930   Section        0  timers.o(i.xTimerGenericCommand)
    .constdata                               0x00002980   Section       64  clk.o(.constdata)
    .constdata                               0x000029c0   Section       16  timer.o(.constdata)
    .constdata                               0x000029d0   Section       40  _printf_hex_int.o(.constdata)
    uc_hextab                                0x000029d0   Data          20  _printf_hex_int.o(.constdata)
    lc_hextab                                0x000029e4   Data          20  _printf_hex_int.o(.constdata)
    .data                                    0x20000000   Section        8  rtos_task.o(.data)
    .data                                    0x20000008   Section        8  system_nano103.o(.data)
    .data                                    0x20000010   Section        4  retarget.o(.data)
    .data                                    0x20000014   Section       52  rtc.o(.data)
    g_u32Reg                                 0x20000014   Data           4  rtc.o(.data)
    g_u32hiYear                              0x20000018   Data           4  rtc.o(.data)
    g_u32loYear                              0x2000001c   Data           4  rtc.o(.data)
    g_u32hiMonth                             0x20000020   Data           4  rtc.o(.data)
    g_u32loMonth                             0x20000024   Data           4  rtc.o(.data)
    g_u32hiDay                               0x20000028   Data           4  rtc.o(.data)
    g_u32loDay                               0x2000002c   Data           4  rtc.o(.data)
    g_u32hiHour                              0x20000030   Data           4  rtc.o(.data)
    g_u32loHour                              0x20000034   Data           4  rtc.o(.data)
    g_u32hiMin                               0x20000038   Data           4  rtc.o(.data)
    g_u32loMin                               0x2000003c   Data           4  rtc.o(.data)
    g_u32hiSec                               0x20000040   Data           4  rtc.o(.data)
    g_u32loSec                               0x20000044   Data           4  rtc.o(.data)
    .data                                    0x20000048   Section        4  fifo.o(.data)
    .data                                    0x2000004c   Section        2  irq.o(.data)
    .data                                    0x20000050   Section       36  user_lib.o(.data)
    .data                                    0x20000074   Section        1  user_lib.o(.data)
    .data                                    0x20000075   Section        1  user_lib.o(.data)
    .data                                    0x20000076   Section        1  user_lib.o(.data)
    .data                                    0x20000078   Section       60  tasks.o(.data)
    uxDeletedTasksWaitingCleanUp             0x2000007c   Data           4  tasks.o(.data)
    uxCurrentNumberOfTasks                   0x20000080   Data           4  tasks.o(.data)
    xTickCount                               0x20000084   Data           4  tasks.o(.data)
    uxTopReadyPriority                       0x20000088   Data           4  tasks.o(.data)
    xSchedulerRunning                        0x2000008c   Data           4  tasks.o(.data)
    uxPendedTicks                            0x20000090   Data           4  tasks.o(.data)
    xYieldPending                            0x20000094   Data           4  tasks.o(.data)
    xNumOfOverflows                          0x20000098   Data           4  tasks.o(.data)
    uxTaskNumber                             0x2000009c   Data           4  tasks.o(.data)
    xNextTaskUnblockTime                     0x200000a0   Data           4  tasks.o(.data)
    xIdleTaskHandle                          0x200000a4   Data           4  tasks.o(.data)
    uxSchedulerSuspended                     0x200000a8   Data           4  tasks.o(.data)
    pxDelayedTaskList                        0x200000ac   Data           4  tasks.o(.data)
    pxOverflowDelayedTaskList                0x200000b0   Data           4  tasks.o(.data)
    .data                                    0x200000b4   Section       20  timers.o(.data)
    xTimerQueue                              0x200000b4   Data           4  timers.o(.data)
    xTimerTaskHandle                         0x200000b8   Data           4  timers.o(.data)
    xLastTime                                0x200000bc   Data           4  timers.o(.data)
    pxCurrentTimerList                       0x200000c0   Data           4  timers.o(.data)
    pxOverflowTimerList                      0x200000c4   Data           4  timers.o(.data)
    .data                                    0x200000c8   Section        4  port.o(.data)
    uxCriticalNesting                        0x200000c8   Data           4  port.o(.data)
    .data                                    0x200000cc   Section       24  heap_4.o(.data)
    pxEnd                                    0x200000cc   Data           4  heap_4.o(.data)
    xFreeBytesRemaining                      0x200000d0   Data           4  heap_4.o(.data)
    xMinimumEverFreeBytesRemaining           0x200000d4   Data           4  heap_4.o(.data)
    xBlockAllocatedBit                       0x200000d8   Data           4  heap_4.o(.data)
    xStart                                   0x200000dc   Data           8  heap_4.o(.data)
    .bss                                     0x200000e4   Section     1036  fifo.o(.bss)
    .bss                                     0x200004f0   Section       64  queue.o(.bss)
    .bss                                     0x20000530   Section      200  tasks.o(.bss)
    pxReadyTasksLists                        0x20000530   Data         100  tasks.o(.bss)
    xDelayedTaskList1                        0x20000594   Data          20  tasks.o(.bss)
    xDelayedTaskList2                        0x200005a8   Data          20  tasks.o(.bss)
    xPendingReadyList                        0x200005bc   Data          20  tasks.o(.bss)
    xTasksWaitingTermination                 0x200005d0   Data          20  tasks.o(.bss)
    xSuspendedTaskList                       0x200005e4   Data          20  tasks.o(.bss)
    .bss                                     0x200005f8   Section       40  timers.o(.bss)
    xActiveTimerList1                        0x200005f8   Data          20  timers.o(.bss)
    xActiveTimerList2                        0x2000060c   Data          20  timers.o(.bss)
    .bss                                     0x20000620   Section     6500  heap_4.o(.bss)
    ucHeap                                   0x20000620   Data        6500  heap_4.o(.bss)
    .bss                                     0x20001f84   Section       96  libspace.o(.bss)
    HEAP                                     0x20001fe8   Section      512  startup_nano103.o(HEAP)
    Heap_Mem                                 0x20001fe8   Data         512  startup_nano103.o(HEAP)
    STACK                                    0x200021e8   Section     1280  startup_nano103.o(STACK)
    Stack_Mem                                0x200021e8   Data        1280  startup_nano103.o(STACK)
    __initial_sp                             0x200026e8   Data           0  startup_nano103.o(STACK)

    Global Symbols

    Symbol Name                              Value     Ov Type        Size  Object(Section)

    BuildAttributes$$THM_ISAv3M$S$PE$A:L22$X:L11$S22$IEEE1$IW$USESV6$~STKCKD$USESV7$~SHL$OTIME$ROPI$EBA8$UX$STANDARDLIB$REQ8$PRES8$EABIv2 0x00000000   Number         0  anon$$obj.o ABSOLUTE
    __ARM_use_no_argv                        0x00000000   Number         0  main.o ABSOLUTE
    __Vectors                                0x00000000   Data           4  startup_nano103.o(RESET)
    _printf_flags                            0x00000000   Number         0  printf_stubs.o ABSOLUTE
    _printf_return_value                     0x00000000   Number         0  printf_stubs.o ABSOLUTE
    _printf_sizespec                         0x00000000   Number         0  printf_stubs.o ABSOLUTE
    _printf_widthprec                        0x00000000   Number         0  printf_stubs.o ABSOLUTE
    __ARM_exceptions_init                     - Undefined Weak Reference
    __alloca_initialize                       - Undefined Weak Reference
    __arm_preinit_                            - Undefined Weak Reference
    __cpp_initialize__aeabi_                  - Undefined Weak Reference
    __cxa_finalize                            - Undefined Weak Reference
    __rt_locale                               - Undefined Weak Reference
    __sigvec_lookup                           - Undefined Weak Reference
    __user_heap_extent                        - Undefined Weak Reference
    _atexit_init                              - Undefined Weak Reference
    _call_atexit_fns                          - Undefined Weak Reference
    _clock_init                               - Undefined Weak Reference
    _fp_trap_init                             - Undefined Weak Reference
    _fp_trap_shutdown                         - Undefined Weak Reference
    _get_lc_collate                           - Undefined Weak Reference
    _get_lc_ctype                             - Undefined Weak Reference
    _get_lc_monetary                          - Undefined Weak Reference
    _get_lc_numeric                           - Undefined Weak Reference
    _get_lc_time                              - Undefined Weak Reference
    _getenv_init                              - Undefined Weak Reference
    _handle_redirection                       - Undefined Weak Reference
    _initio                                   - Undefined Weak Reference
    _mutex_acquire                            - Undefined Weak Reference
    _mutex_free                               - Undefined Weak Reference
    _mutex_release                            - Undefined Weak Reference
    _printf_post_padding                      - Undefined Weak Reference
    _printf_pre_padding                       - Undefined Weak Reference
    _printf_truncate_signed                   - Undefined Weak Reference
    _printf_truncate_unsigned                 - Undefined Weak Reference
    _rand_init                                - Undefined Weak Reference
    _signal_finish                            - Undefined Weak Reference
    _signal_init                              - Undefined Weak Reference
    _terminateio                              - Undefined Weak Reference
    __main                                   0x000000c1   Thumb Code     8  __main.o(!!!main)
    __scatterload                            0x000000c9   Thumb Code     0  __scatter.o(!!!scatter)
    __scatterload_rt2                        0x000000c9   Thumb Code    52  __scatter.o(!!!scatter)
    __scatterload_rt2_thumb_only             0x000000c9   Thumb Code     0  __scatter.o(!!!scatter)
    __scatterload_null                       0x000000d9   Thumb Code     0  __scatter.o(!!!scatter)
    __scatterload_copy                       0x00000105   Thumb Code    26  __scatter_copy.o(!!handler_copy)
    __scatterload_zeroinit                   0x00000121   Thumb Code    28  __scatter_zi.o(!!handler_zi)
    _printf_percent                          0x0000013d   Thumb Code     0  _printf_percent.o(.ARM.Collect$$_printf_percent$$00000000)
    _printf_d                                0x0000013f   Thumb Code     0  _printf_d.o(.ARM.Collect$$_printf_percent$$00000009)
    _printf_x                                0x00000149   Thumb Code     0  _printf_x.o(.ARM.Collect$$_printf_percent$$0000000C)
    _printf_percent_end                      0x00000153   Thumb Code     0  _printf_percent_end.o(.ARM.Collect$$_printf_percent$$00000017)
    __rt_lib_init                            0x00000157   Thumb Code     0  libinit.o(.ARM.Collect$$libinit$$00000000)
    __rt_lib_init_alloca_1                   0x00000159   Thumb Code     0  libinit2.o(.ARM.Collect$$libinit$$0000002E)
    __rt_lib_init_argv_1                     0x00000159   Thumb Code     0  libinit2.o(.ARM.Collect$$libinit$$0000002C)
    __rt_lib_init_atexit_1                   0x00000159   Thumb Code     0  libinit2.o(.ARM.Collect$$libinit$$0000001B)
    __rt_lib_init_clock_1                    0x00000159   Thumb Code     0  libinit2.o(.ARM.Collect$$libinit$$00000021)
    __rt_lib_init_cpp_1                      0x00000159   Thumb Code     0  libinit2.o(.ARM.Collect$$libinit$$00000032)
    __rt_lib_init_exceptions_1               0x00000159   Thumb Code     0  libinit2.o(.ARM.Collect$$libinit$$00000030)
    __rt_lib_init_fp_1                       0x00000159   Thumb Code     0  libinit2.o(.ARM.Collect$$libinit$$00000002)
    __rt_lib_init_fp_trap_1                  0x00000159   Thumb Code     0  libinit2.o(.ARM.Collect$$libinit$$0000001F)
    __rt_lib_init_getenv_1                   0x00000159   Thumb Code     0  libinit2.o(.ARM.Collect$$libinit$$00000023)
    __rt_lib_init_heap_1                     0x00000159   Thumb Code     0  libinit2.o(.ARM.Collect$$libinit$$0000000A)
    __rt_lib_init_lc_collate_1               0x00000159   Thumb Code     0  libinit2.o(.ARM.Collect$$libinit$$00000011)
    __rt_lib_init_lc_ctype_1                 0x00000159   Thumb Code     0  libinit2.o(.ARM.Collect$$libinit$$00000013)
    __rt_lib_init_lc_monetary_1              0x00000159   Thumb Code     0  libinit2.o(.ARM.Collect$$libinit$$00000015)
    __rt_lib_init_lc_numeric_1               0x00000159   Thumb Code     0  libinit2.o(.ARM.Collect$$libinit$$00000017)
    __rt_lib_init_lc_time_1                  0x00000159   Thumb Code     0  libinit2.o(.ARM.Collect$$libinit$$00000019)
    __rt_lib_init_preinit_1                  0x00000159   Thumb Code     0  libinit2.o(.ARM.Collect$$libinit$$00000004)
    __rt_lib_init_rand_1                     0x00000159   Thumb Code     0  libinit2.o(.ARM.Collect$$libinit$$0000000E)
    __rt_lib_init_return                     0x00000159   Thumb Code     0  libinit2.o(.ARM.Collect$$libinit$$00000033)
    __rt_lib_init_signal_1                   0x00000159   Thumb Code     0  libinit2.o(.ARM.Collect$$libinit$$0000001D)
    __rt_lib_init_stdio_1                    0x00000159   Thumb Code     0  libinit2.o(.ARM.Collect$$libinit$$00000025)
    __rt_lib_init_user_alloc_1               0x00000159   Thumb Code     0  libinit2.o(.ARM.Collect$$libinit$$0000000C)
    __rt_lib_shutdown                        0x0000015b   Thumb Code     0  libshutdown.o(.ARM.Collect$$libshutdown$$00000000)
    __rt_lib_shutdown_cpp_1                  0x0000015d   Thumb Code     0  libshutdown2.o(.ARM.Collect$$libshutdown$$00000002)
    __rt_lib_shutdown_fp_trap_1              0x0000015d   Thumb Code     0  libshutdown2.o(.ARM.Collect$$libshutdown$$00000007)
    __rt_lib_shutdown_heap_1                 0x0000015d   Thumb Code     0  libshutdown2.o(.ARM.Collect$$libshutdown$$0000000F)
    __rt_lib_shutdown_return                 0x0000015d   Thumb Code     0  libshutdown2.o(.ARM.Collect$$libshutdown$$00000010)
    __rt_lib_shutdown_signal_1               0x0000015d   Thumb Code     0  libshutdown2.o(.ARM.Collect$$libshutdown$$0000000A)
    __rt_lib_shutdown_stdio_1                0x0000015d   Thumb Code     0  libshutdown2.o(.ARM.Collect$$libshutdown$$00000004)
    __rt_lib_shutdown_user_alloc_1           0x0000015d   Thumb Code     0  libshutdown2.o(.ARM.Collect$$libshutdown$$0000000C)
    __rt_entry                               0x0000015f   Thumb Code     0  __rtentry.o(.ARM.Collect$$rtentry$$00000000)
    __rt_entry_presh_1                       0x0000015f   Thumb Code     0  __rtentry2.o(.ARM.Collect$$rtentry$$00000002)
    __rt_entry_sh                            0x0000015f   Thumb Code     0  __rtentry4.o(.ARM.Collect$$rtentry$$00000004)
    __rt_entry_li                            0x00000165   Thumb Code     0  __rtentry2.o(.ARM.Collect$$rtentry$$0000000A)
    __rt_entry_postsh_1                      0x00000165   Thumb Code     0  __rtentry2.o(.ARM.Collect$$rtentry$$00000009)
    __rt_entry_main                          0x00000169   Thumb Code     0  __rtentry2.o(.ARM.Collect$$rtentry$$0000000D)
    __rt_entry_postli_1                      0x00000169   Thumb Code     0  __rtentry2.o(.ARM.Collect$$rtentry$$0000000C)
    __rt_exit                                0x00000171   Thumb Code     0  rtexit.o(.ARM.Collect$$rtexit$$00000000)
    __rt_exit_ls                             0x00000173   Thumb Code     0  rtexit2.o(.ARM.Collect$$rtexit$$00000003)
    __rt_exit_prels_1                        0x00000173   Thumb Code     0  rtexit2.o(.ARM.Collect$$rtexit$$00000002)
    __rt_exit_exit                           0x00000177   Thumb Code     0  rtexit2.o(.ARM.Collect$$rtexit$$00000004)
    HardFault_Handler                        0x0000017d   Thumb Code    24  retarget.o(.emb_text)
    __asm___6_port_c_39a90d8d__prvPortStartFirstTask 0x00000199   Thumb Code    36  port.o(.emb_text)
    ulSetInterruptMaskFromISR                0x000001c1   Thumb Code     8  port.o(.emb_text)
    vClearInterruptMaskFromISR               0x000001c9   Thumb Code     6  port.o(.emb_text)
    PendSV_Handler                           0x000001cf   Thumb Code    62  port.o(.emb_text)
    __aeabi_memcpy4                          0x00000211   Thumb Code    56  rt_memcpy.o(.emb_text)
    __aeabi_memcpy8                          0x00000211   Thumb Code     0  rt_memcpy.o(.emb_text)
    Reset_Handler                            0x00000249   Thumb Code    40  startup_nano103.o(.text)
    NMI_Handler                              0x00000271   Thumb Code     2  startup_nano103.o(.text)
    ACMP_IRQHandler                          0x0000027b   Thumb Code     0  startup_nano103.o(.text)
    ADC_IRQHandler                           0x0000027b   Thumb Code     0  startup_nano103.o(.text)
    BOD_IRQHandler                           0x0000027b   Thumb Code     0  startup_nano103.o(.text)
    EINT0_IRQHandler                         0x0000027b   Thumb Code     0  startup_nano103.o(.text)
    EINT1_IRQHandler                         0x0000027b   Thumb Code     0  startup_nano103.o(.text)
    GPDEF_IRQHandler                         0x0000027b   Thumb Code     0  startup_nano103.o(.text)
    HIRC_IRQHandler                          0x0000027b   Thumb Code     0  startup_nano103.o(.text)
    I2C0_IRQHandler                          0x0000027b   Thumb Code     0  startup_nano103.o(.text)
    I2C1_IRQHandler                          0x0000027b   Thumb Code     0  startup_nano103.o(.text)
    PDMA_IRQHandler                          0x0000027b   Thumb Code     0  startup_nano103.o(.text)
    PDWU_IRQHandler                          0x0000027b   Thumb Code     0  startup_nano103.o(.text)
    PWM0_IRQHandler                          0x0000027b   Thumb Code     0  startup_nano103.o(.text)
    RTC_IRQHandler                           0x0000027b   Thumb Code     0  startup_nano103.o(.text)
    SC0_IRQHandler                           0x0000027b   Thumb Code     0  startup_nano103.o(.text)
    SC1_IRQHandler                           0x0000027b   Thumb Code     0  startup_nano103.o(.text)
    SPI0_IRQHandler                          0x0000027b   Thumb Code     0  startup_nano103.o(.text)
    SPI1_IRQHandler                          0x0000027b   Thumb Code     0  startup_nano103.o(.text)
    SPI2_IRQHandler                          0x0000027b   Thumb Code     0  startup_nano103.o(.text)
    SPI3_IRQHandler                          0x0000027b   Thumb Code     0  startup_nano103.o(.text)
    TMR1_IRQHandler                          0x0000027b   Thumb Code     0  startup_nano103.o(.text)
    TMR2_IRQHandler                          0x0000027b   Thumb Code     0  startup_nano103.o(.text)
    TMR3_IRQHandler                          0x0000027b   Thumb Code     0  startup_nano103.o(.text)
    UART0_IRQHandler                         0x0000027b   Thumb Code     0  startup_nano103.o(.text)
    WDT_IRQHandler                           0x0000027b   Thumb Code     0  startup_nano103.o(.text)
    __user_initial_stackheap                 0x0000027d   Thumb Code     0  startup_nano103.o(.text)
    __2printf                                0x000002c1   Thumb Code    22  noretval__2printf.o(.text)
    _printf_int_dec                          0x000002dd   Thumb Code    90  _printf_dec.o(.text)
    _printf_int_hex                          0x00000349   Thumb Code    84  _printf_hex_int.o(.text)
    _printf_longlong_hex                     0x00000349   Thumb Code     0  _printf_hex_int.o(.text)
    __printf                                 0x000003a1   Thumb Code   270  __printf_wp.o(.text)
    __aeabi_memcpy                           0x000004af   Thumb Code   130  rt_memcpy.o(.text)
    __rt_memcpy                              0x000004af   Thumb Code     0  rt_memcpy.o(.text)
    __aeabi_memset                           0x00000531   Thumb Code    18  aeabi_memset.o(.text)
    _memset_w                                0x00000543   Thumb Code    26  rt_memclr.o(.text)
    _memset                                  0x0000055d   Thumb Code    30  rt_memclr.o(.text)
    __aeabi_memclr                           0x0000057b   Thumb Code     4  rt_memclr.o(.text)
    __rt_memclr                              0x0000057b   Thumb Code     0  rt_memclr.o(.text)
    __aeabi_memclr4                          0x0000057f   Thumb Code     0  rt_memclr.o(.text)
    __aeabi_memclr8                          0x0000057f   Thumb Code     0  rt_memclr.o(.text)
    __rt_memclr_w                            0x0000057f   Thumb Code     4  rt_memclr.o(.text)
    __aeabi_uidiv                            0x00000583   Thumb Code     0  aeabi_sdiv.o(.text)
    __aeabi_uidivmod                         0x00000583   Thumb Code    20  aeabi_sdiv.o(.text)
    __aeabi_idiv                             0x00000597   Thumb Code     0  aeabi_sdiv.o(.text)
    __aeabi_idivmod                          0x00000597   Thumb Code   326  aeabi_sdiv.o(.text)
    __use_two_region_memory                  0x000006dd   Thumb Code     2  heapauxi.o(.text)
    __rt_heap_escrow                         0x000006df   Thumb Code     2  heapauxi.o(.text)
    __rt_heap_expand                         0x000006e1   Thumb Code     2  heapauxi.o(.text)
    _printf_int_common                       0x000006e3   Thumb Code   176  _printf_intcommon.o(.text)
    _printf_char_file                        0x00000795   Thumb Code    34  _printf_char_file.o(.text)
    __rt_udiv10                              0x000007bd   Thumb Code    40  rtudiv10.o(.text)
    __user_libspace                          0x000007e5   Thumb Code     8  libspace.o(.text)
    __user_perproc_libspace                  0x000007e5   Thumb Code     0  libspace.o(.text)
    __user_perthread_libspace                0x000007e5   Thumb Code     0  libspace.o(.text)
    _printf_char_common                      0x000007f7   Thumb Code    32  _printf_char_common.o(.text)
    __I$use$semihosting                      0x0000081d   Thumb Code     0  use_no_semi.o(.text)
    __use_no_semihosting_swi                 0x0000081d   Thumb Code     2  use_no_semi.o(.text)
    __semihosting_library_function           0x0000081f   Thumb Code     0  indicate_semi.o(.text)
    __user_setup_stackheap                   0x0000081f   Thumb Code    62  sys_stackheap_outer.o(.text)
    exit                                     0x0000085d   Thumb Code    16  exit.o(.text)
    _sys_exit                                0x0000086d   Thumb Code     8  sys_exit.o(.text)
    CLK_EnableModuleClock                    0x00000879   Thumb Code    24  clk.o(i.CLK_EnableModuleClock)
    CLK_EnableXtalRC                         0x00000895   Thumb Code    10  clk.o(i.CLK_EnableXtalRC)
    CLK_GetCPUFreq                           0x000008a5   Thumb Code    12  clk.o(i.CLK_GetCPUFreq)
    CLK_GetHCLKFreq                          0x000008b5   Thumb Code    12  clk.o(i.CLK_GetHCLKFreq)
    CLK_GetHXTFreq                           0x000008c5   Thumb Code    12  clk.o(i.CLK_GetHXTFreq)
    CLK_GetLXTFreq                           0x000008d9   Thumb Code    18  clk.o(i.CLK_GetLXTFreq)
    CLK_GetPCLK0Freq                         0x000008f1   Thumb Code    44  clk.o(i.CLK_GetPCLK0Freq)
    CLK_GetPCLK1Freq                         0x00000929   Thumb Code    44  clk.o(i.CLK_GetPCLK1Freq)
    CLK_GetPLLClockFreq                      0x00000961   Thumb Code    74  clk.o(i.CLK_GetPLLClockFreq)
    CLK_SETUP                                0x000009c5   Thumb Code   118  user_lib.o(i.CLK_SETUP)
    CLK_SetHCLK                              0x00000a51   Thumb Code    30  clk.o(i.CLK_SetHCLK)
    CLK_SetModuleClock                       0x00000a75   Thumb Code    74  clk.o(i.CLK_SetModuleClock)
    CLK_WaitClockReady                       0x00000ac5   Thumb Code    34  clk.o(i.CLK_WaitClockReady)
    FIFO_countTime                           0x00000af1   Thumb Code    10  fifo.o(i.FIFO_countTime)
    FIFO_data_byte_in                        0x00000b01   Thumb Code    80  fifo.o(i.FIFO_data_byte_in)
    GPABC_IRQHandler                         0x00000b51   Thumb Code    56  irq.o(i.GPABC_IRQHandler)
    GPIO_EnableInt                           0x00000b99   Thumb Code    26  gpio.o(i.GPIO_EnableInt)
    GPIO_SETUP                               0x00000bb5   Thumb Code   156  user_lib.o(i.GPIO_SETUP)
    GPIO_SetMode                             0x00000c59   Thumb Code    40  gpio.o(i.GPIO_SetMode)
    Hard_Fault_Handler                       0x00000c81   Thumb Code    16  retarget.o(i.Hard_Fault_Handler)
    NVIC_INIT                                0x00000ca9   Thumb Code    16  irq.o(i.NVIC_INIT)
    PIN_SETUP                                0x00000cbd   Thumb Code    60  user_lib.o(i.PIN_SETUP)
    RTC_Open                                 0x00000d09   Thumb Code   198  rtc.o(i.RTC_Open)
    RTC_RWEN                                 0x00000ddd   Thumb Code    20  rtc.o(i.RTC_RWEN)
    RTC_SETUP                                0x00000df9   Thumb Code    22  user_lib.o(i.RTC_SETUP)
    RTC_SetTickPeriod                        0x00000e19   Thumb Code    22  rtc.o(i.RTC_SetTickPeriod)
    SPI_Open                                 0x00000e35   Thumb Code    26  spi.o(i.SPI_Open)
    SPI_SETUP                                0x00000e51   Thumb Code    46  user_lib.o(i.SPI_SETUP)
    SPI_SetBusClock                          0x00000e95   Thumb Code   216  spi.o(i.SPI_SetBusClock)
    SVC_Handler                              0x00000f89   Thumb Code     2  port.o(i.SVC_Handler)
    SendChar_ToUART                          0x00000f8d   Thumb Code    26  retarget.o(i.SendChar_ToUART)
    SysGet_HCLKFreq                          0x00000fad   Thumb Code    88  system_nano103.o(i.SysGet_HCLKFreq)
    SysGet_PLLClockFreq                      0x00001021   Thumb Code    74  system_nano103.o(i.SysGet_PLLClockFreq)
    SysTick_Handler                          0x00001085   Thumb Code    32  port.o(i.SysTick_Handler)
    SystemCoreClockUpdate                    0x000010a9   Thumb Code    24  system_nano103.o(i.SystemCoreClockUpdate)
    SystemInit                               0x000010c9   Thumb Code    42  system_nano103.o(i.SystemInit)
    TIMER_GetModuleClock                     0x0000110d   Thumb Code   152  timer.o(i.TIMER_GetModuleClock)
    TIMER_Open                               0x000011c9   Thumb Code    64  timer.o(i.TIMER_Open)
    TIMER_SETUP                              0x0000120d   Thumb Code    30  user_lib.o(i.TIMER_SETUP)
    TMR0_IRQHandler                          0x00001235   Thumb Code    38  irq.o(i.TMR0_IRQHandler)
    UART1_IRQHandler                         0x00001265   Thumb Code    78  irq.o(i.UART1_IRQHandler)
    UART_ClearIntFlag                        0x000012bd   Thumb Code    62  uart.o(i.UART_ClearIntFlag)
    UART_EnableInt                           0x000012fb   Thumb Code     8  uart.o(i.UART_EnableInt)
    UART_Open                                0x00001305   Thumb Code    74  uart.o(i.UART_Open)
    UART_Read                                0x00001355   Thumb Code    44  uart.o(i.UART_Read)
    UART_SETUP                               0x00001381   Thumb Code   164  user_lib.o(i.UART_SETUP)
    UART_SetTimeoutCnt                       0x000014c1   Thumb Code    20  uart.o(i.UART_SetTimeoutCnt)
    _UART_GetUartClk                         0x000014d5   Thumb Code   114  uart.o(i._UART_GetUartClk)
    __ARM_common_switch8                     0x00001569   Thumb Code    26  w25qxx.o(i.__ARM_common_switch8)
    _is_digit                                0x00001583   Thumb Code    14  __printf_wp.o(i._is_digit)
    ferror                                   0x00001591   Thumb Code     6  retarget.o(i.ferror)
    fputc                                    0x00001597   Thumb Code    12  retarget.o(i.fputc)
    main                                     0x000015a5   Thumb Code    94  main.o(i.main)
    pvPortMalloc                             0x00001cd5   Thumb Code   172  heap_4.o(i.pvPortMalloc)
    pxPortInitialiseStack                    0x00001d85   Thumb Code    28  port.o(i.pxPortInitialiseStack)
    stackDump                                0x00001da5   Thumb Code    70  retarget.o(i.stackDump)
    taskBootCreate                           0x00001e4d   Thumb Code    46  rtos_task.o(i.taskBootCreate)
    taskLEDControl                           0x00001ea9   Thumb Code    28  rtos_task.o(i.taskLEDControl)
    uxListRemove                             0x00001ee1   Thumb Code    38  list.o(i.uxListRemove)
    vListInitialise                          0x00001f07   Thumb Code    22  list.o(i.vListInitialise)
    vListInitialiseItem                      0x00001f1d   Thumb Code     6  list.o(i.vListInitialiseItem)
    vListInsert                              0x00001f23   Thumb Code    48  list.o(i.vListInsert)
    vListInsertEnd                           0x00001f53   Thumb Code    24  list.o(i.vListInsertEnd)
    vPortEnterCritical                       0x00001f6d   Thumb Code    20  port.o(i.vPortEnterCritical)
    vPortExitCritical                        0x00001f85   Thumb Code    22  port.o(i.vPortExitCritical)
    vPortFree                                0x00001fa1   Thumb Code    62  heap_4.o(i.vPortFree)
    vPortYield                               0x00001fe5   Thumb Code    18  port.o(i.vPortYield)
    vQueueAddToRegistry                      0x00001ffd   Thumb Code    32  queue.o(i.vQueueAddToRegistry)
    vQueueWaitForMessageRestricted           0x00002021   Thumb Code    68  queue.o(i.vQueueWaitForMessageRestricted)
    vTaskDelay                               0x00002065   Thumb Code    44  tasks.o(i.vTaskDelay)
    vTaskDelete                              0x00002095   Thumb Code   112  tasks.o(i.vTaskDelete)
    vTaskInternalSetTimeOutState             0x0000210d   Thumb Code    12  tasks.o(i.vTaskInternalSetTimeOutState)
    vTaskMissedYield                         0x0000211d   Thumb Code     8  tasks.o(i.vTaskMissedYield)
    vTaskPlaceOnEventList                    0x00002129   Thumb Code    32  tasks.o(i.vTaskPlaceOnEventList)
    vTaskPlaceOnEventListRestricted          0x0000214d   Thumb Code    42  tasks.o(i.vTaskPlaceOnEventListRestricted)
    vTaskStartScheduler                      0x0000217d   Thumb Code    66  tasks.o(i.vTaskStartScheduler)
    vTaskSuspendAll                          0x000021d1   Thumb Code    10  tasks.o(i.vTaskSuspendAll)
    vTaskSwitchContext                       0x000021e1   Thumb Code    78  tasks.o(i.vTaskSwitchContext)
    xPortStartScheduler                      0x00002239   Thumb Code    62  port.o(i.xPortStartScheduler)
    xQueueGenericCreate                      0x00002289   Thumb Code    68  queue.o(i.xQueueGenericCreate)
    xQueueGenericReset                       0x000022cd   Thumb Code   110  queue.o(i.xQueueGenericReset)
    xQueueGenericSend                        0x0000233b   Thumb Code   286  queue.o(i.xQueueGenericSend)
    xQueueGenericSendFromISR                 0x00002459   Thumb Code   140  queue.o(i.xQueueGenericSendFromISR)
    xQueueReceive                            0x000024e5   Thumb Code   260  queue.o(i.xQueueReceive)
    xTaskCheckForTimeOut                     0x000025e9   Thumb Code    86  tasks.o(i.xTaskCheckForTimeOut)
    xTaskCreate                              0x00002645   Thumb Code    78  tasks.o(i.xTaskCreate)
    xTaskGetSchedulerState                   0x00002695   Thumb Code    26  tasks.o(i.xTaskGetSchedulerState)
    xTaskGetTickCount                        0x000026b5   Thumb Code     6  tasks.o(i.xTaskGetTickCount)
    xTaskIncrementTick                       0x000026c1   Thumb Code   180  tasks.o(i.xTaskIncrementTick)
    xTaskPriorityDisinherit                  0x0000277d   Thumb Code    92  tasks.o(i.xTaskPriorityDisinherit)
    xTaskRemoveFromEventList                 0x000027e1   Thumb Code    90  tasks.o(i.xTaskRemoveFromEventList)
    xTaskResumeAll                           0x00002845   Thumb Code   162  tasks.o(i.xTaskResumeAll)
    xTimerCreateTimerTask                    0x000028f1   Thumb Code    46  timers.o(i.xTimerCreateTimerTask)
    xTimerGenericCommand                     0x00002931   Thumb Code    76  timers.o(i.xTimerGenericCommand)
    Region$$Table$$Base                      0x000029f8   Number         0  anon$$obj.o(Region$$Table)
    Region$$Table$$Limit                     0x00002a18   Number         0  anon$$obj.o(Region$$Table)
    taskLEDControl_handler                   0x20000000   Data           4  rtos_task.o(.data)
    taskBootCreate_handler                   0x20000004   Data           4  rtos_task.o(.data)
    SystemCoreClock                          0x20000008   Data           4  system_nano103.o(.data)
    CyclesPerUs                              0x2000000c   Data           4  system_nano103.o(.data)
    __stdout                                 0x20000010   Data           4  retarget.o(.data)
    FIFO_cmd_countTime                       0x20000048   Data           4  fifo.o(.data)
    IRQ_timer0_flag_1                        0x2000004c   Data           1  irq.o(.data)
    IRQ_timer0_flag_2                        0x2000004d   Data           1  irq.o(.data)
    RTC_TIME                                 0x20000050   Data          36  user_lib.o(.data)
    g_button_flag                            0x20000074   Data           1  user_lib.o(.data)
    g_ext_int_flag                           0x20000075   Data           1  user_lib.o(.data)
    g_nrf_irq_flag                           0x20000076   Data           1  user_lib.o(.data)
    pxCurrentTCB                             0x20000078   Data           4  tasks.o(.data)
    FIFO_uart1_buf                           0x200000e4   Data        1036  fifo.o(.bss)
    xQueueRegistry                           0x200004f0   Data          64  queue.o(.bss)
    __libspace_start                         0x20001f84   Data          96  libspace.o(.bss)
    __temporary_stack_top$libspace           0x20001fe4   Data           0  libspace.o(.bss)



==============================================================================

Memory Map of the image

  Image Entry point : 0x00000249

  Load Region LR_1 (Base: 0x00000000, Size: 0x00002afc, Max: 0xffffffff, ABSOLUTE)

    Execution Region ER_RO (Exec base: 0x00000000, Load base: 0x00000000, Size: 0x00002a18, Max: 0xffffffff, ABSOLUTE)

    Exec Addr    Load Addr    Size         Type   Attr      Idx    E Section Name        Object

    0x00000000   0x00000000   0x000000c0   Data   RO          255    RESET               startup_nano103.o
    0x000000c0   0x000000c0   0x00000008   Code   RO         3895  * !!!main             c_p.l(__main.o)
    0x000000c8   0x000000c8   0x0000003c   Code   RO         4121    !!!scatter          c_p.l(__scatter.o)
    0x00000104   0x00000104   0x0000001a   Code   RO         4123    !!handler_copy      c_p.l(__scatter_copy.o)
    0x0000011e   0x0000011e   0x00000002   PAD
    0x00000120   0x00000120   0x0000001c   Code   RO         4125    !!handler_zi        c_p.l(__scatter_zi.o)
    0x0000013c   0x0000013c   0x00000002   Code   RO         3876    .ARM.Collect$$_printf_percent$$00000000  c_p.l(_printf_percent.o)
    0x0000013e   0x0000013e   0x0000000a   Code   RO         3875    .ARM.Collect$$_printf_percent$$00000009  c_p.l(_printf_d.o)
    0x00000148   0x00000148   0x0000000a   Code   RO         3874    .ARM.Collect$$_printf_percent$$0000000C  c_p.l(_printf_x.o)
    0x00000152   0x00000152   0x00000004   Code   RO         3937    .ARM.Collect$$_printf_percent$$00000017  c_p.l(_printf_percent_end.o)
    0x00000156   0x00000156   0x00000002   Code   RO         4061    .ARM.Collect$$libinit$$00000000  c_p.l(libinit.o)
    0x00000158   0x00000158   0x00000000   Code   RO         3943    .ARM.Collect$$libinit$$00000002  c_p.l(libinit2.o)
    0x00000158   0x00000158   0x00000000   Code   RO         3945    .ARM.Collect$$libinit$$00000004  c_p.l(libinit2.o)
    0x00000158   0x00000158   0x00000000   Code   RO         3948    .ARM.Collect$$libinit$$0000000A  c_p.l(libinit2.o)
    0x00000158   0x00000158   0x00000000   Code   RO         3950    .ARM.Collect$$libinit$$0000000C  c_p.l(libinit2.o)
    0x00000158   0x00000158   0x00000000   Code   RO         3952    .ARM.Collect$$libinit$$0000000E  c_p.l(libinit2.o)
    0x00000158   0x00000158   0x00000000   Code   RO         3955    .ARM.Collect$$libinit$$00000011  c_p.l(libinit2.o)
    0x00000158   0x00000158   0x00000000   Code   RO         3957    .ARM.Collect$$libinit$$00000013  c_p.l(libinit2.o)
    0x00000158   0x00000158   0x00000000   Code   RO         3959    .ARM.Collect$$libinit$$00000015  c_p.l(libinit2.o)
    0x00000158   0x00000158   0x00000000   Code   RO         3961    .ARM.Collect$$libinit$$00000017  c_p.l(libinit2.o)
    0x00000158   0x00000158   0x00000000   Code   RO         3963    .ARM.Collect$$libinit$$00000019  c_p.l(libinit2.o)
    0x00000158   0x00000158   0x00000000   Code   RO         3965    .ARM.Collect$$libinit$$0000001B  c_p.l(libinit2.o)
    0x00000158   0x00000158   0x00000000   Code   RO         3967    .ARM.Collect$$libinit$$0000001D  c_p.l(libinit2.o)
    0x00000158   0x00000158   0x00000000   Code   RO         3969    .ARM.Collect$$libinit$$0000001F  c_p.l(libinit2.o)
    0x00000158   0x00000158   0x00000000   Code   RO         3971    .ARM.Collect$$libinit$$00000021  c_p.l(libinit2.o)
    0x00000158   0x00000158   0x00000000   Code   RO         3973    .ARM.Collect$$libinit$$00000023  c_p.l(libinit2.o)
    0x00000158   0x00000158   0x00000000   Code   RO         3975    .ARM.Collect$$libinit$$00000025  c_p.l(libinit2.o)
    0x00000158   0x00000158   0x00000000   Code   RO         3979    .ARM.Collect$$libinit$$0000002C  c_p.l(libinit2.o)
    0x00000158   0x00000158   0x00000000   Code   RO         3981    .ARM.Collect$$libinit$$0000002E  c_p.l(libinit2.o)
    0x00000158   0x00000158   0x00000000   Code   RO         3983    .ARM.Collect$$libinit$$00000030  c_p.l(libinit2.o)
    0x00000158   0x00000158   0x00000000   Code   RO         3985    .ARM.Collect$$libinit$$00000032  c_p.l(libinit2.o)
    0x00000158   0x00000158   0x00000002   Code   RO         3986    .ARM.Collect$$libinit$$00000033  c_p.l(libinit2.o)
    0x0000015a   0x0000015a   0x00000002   Code   RO         4118    .ARM.Collect$$libshutdown$$00000000  c_p.l(libshutdown.o)
    0x0000015c   0x0000015c   0x00000000   Code   RO         4078    .ARM.Collect$$libshutdown$$00000002  c_p.l(libshutdown2.o)
    0x0000015c   0x0000015c   0x00000000   Code   RO         4080    .ARM.Collect$$libshutdown$$00000004  c_p.l(libshutdown2.o)
    0x0000015c   0x0000015c   0x00000000   Code   RO         4083    .ARM.Collect$$libshutdown$$00000007  c_p.l(libshutdown2.o)
    0x0000015c   0x0000015c   0x00000000   Code   RO         4086    .ARM.Collect$$libshutdown$$0000000A  c_p.l(libshutdown2.o)
    0x0000015c   0x0000015c   0x00000000   Code   RO         4088    .ARM.Collect$$libshutdown$$0000000C  c_p.l(libshutdown2.o)
    0x0000015c   0x0000015c   0x00000000   Code   RO         4091    .ARM.Collect$$libshutdown$$0000000F  c_p.l(libshutdown2.o)
    0x0000015c   0x0000015c   0x00000002   Code   RO         4092    .ARM.Collect$$libshutdown$$00000010  c_p.l(libshutdown2.o)
    0x0000015e   0x0000015e   0x00000000   Code   RO         3899    .ARM.Collect$$rtentry$$00000000  c_p.l(__rtentry.o)
    0x0000015e   0x0000015e   0x00000000   Code   RO         3993    .ARM.Collect$$rtentry$$00000002  c_p.l(__rtentry2.o)
    0x0000015e   0x0000015e   0x00000006   Code   RO         4005    .ARM.Collect$$rtentry$$00000004  c_p.l(__rtentry4.o)
    0x00000164   0x00000164   0x00000000   Code   RO         3995    .ARM.Collect$$rtentry$$00000009  c_p.l(__rtentry2.o)
    0x00000164   0x00000164   0x00000004   Code   RO         3996    .ARM.Collect$$rtentry$$0000000A  c_p.l(__rtentry2.o)
    0x00000168   0x00000168   0x00000000   Code   RO         3998    .ARM.Collect$$rtentry$$0000000C  c_p.l(__rtentry2.o)
    0x00000168   0x00000168   0x00000008   Code   RO         3999    .ARM.Collect$$rtentry$$0000000D  c_p.l(__rtentry2.o)
    0x00000170   0x00000170   0x00000002   Code   RO         4065    .ARM.Collect$$rtexit$$00000000  c_p.l(rtexit.o)
    0x00000172   0x00000172   0x00000000   Code   RO         4094    .ARM.Collect$$rtexit$$00000002  c_p.l(rtexit2.o)
    0x00000172   0x00000172   0x00000004   Code   RO         4095    .ARM.Collect$$rtexit$$00000003  c_p.l(rtexit2.o)
    0x00000176   0x00000176   0x00000006   Code   RO         4096    .ARM.Collect$$rtexit$$00000004  c_p.l(rtexit2.o)
    0x0000017c   0x0000017c   0x0000001c   Code   RO         1231    .emb_text           retarget.o
    0x00000198   0x00000198   0x00000078   Code   RO         3629    .emb_text           port.o
    0x00000210   0x00000210   0x00000038   Code   RO         3879    .emb_text           c_p.l(rt_memcpy.o)
    0x00000248   0x00000248   0x00000078   Code   RO          256  * .text               startup_nano103.o
    0x000002c0   0x000002c0   0x0000001c   Code   RO         3827    .text               c_p.l(noretval__2printf.o)
    0x000002dc   0x000002dc   0x0000006c   Code   RO         3831    .text               c_p.l(_printf_dec.o)
    0x00000348   0x00000348   0x00000058   Code   RO         3836    .text               c_p.l(_printf_hex_int.o)
    0x000003a0   0x000003a0   0x0000010e   Code   RO         3862    .text               c_p.l(__printf_wp.o)
    0x000004ae   0x000004ae   0x00000082   Code   RO         3880    .text               c_p.l(rt_memcpy.o)
    0x00000530   0x00000530   0x00000012   Code   RO         3885    .text               c_p.l(aeabi_memset.o)
    0x00000542   0x00000542   0x00000040   Code   RO         3887    .text               c_p.l(rt_memclr.o)
    0x00000582   0x00000582   0x0000015a   Code   RO         3889    .text               c_p.l(aeabi_sdiv.o)
    0x000006dc   0x000006dc   0x00000006   Code   RO         3893    .text               c_p.l(heapauxi.o)
    0x000006e2   0x000006e2   0x000000b0   Code   RO         3933    .text               c_p.l(_printf_intcommon.o)
    0x00000792   0x00000792   0x00000002   PAD
    0x00000794   0x00000794   0x00000028   Code   RO         3935    .text               c_p.l(_printf_char_file.o)
    0x000007bc   0x000007bc   0x00000028   Code   RO         3938    .text               c_p.l(rtudiv10.o)
    0x000007e4   0x000007e4   0x00000008   Code   RO         3989    .text               c_p.l(libspace.o)
    0x000007ec   0x000007ec   0x00000030   Code   RO         4017    .text               c_p.l(_printf_char_common.o)
    0x0000081c   0x0000081c   0x00000002   Code   RO         4030    .text               c_p.l(use_no_semi.o)
    0x0000081e   0x0000081e   0x00000000   Code   RO         4032    .text               c_p.l(indicate_semi.o)
    0x0000081e   0x0000081e   0x0000003e   Code   RO         4033    .text               c_p.l(sys_stackheap_outer.o)
    0x0000085c   0x0000085c   0x00000010   Code   RO         4042    .text               c_p.l(exit.o)
    0x0000086c   0x0000086c   0x0000000c   Code   RO         4062    .text               c_p.l(sys_exit.o)
    0x00000878   0x00000878   0x0000001c   Code   RO          362    i.CLK_EnableModuleClock  clk.o
    0x00000894   0x00000894   0x00000010   Code   RO          365    i.CLK_EnableXtalRC  clk.o
    0x000008a4   0x000008a4   0x00000010   Code   RO          366    i.CLK_GetCPUFreq    clk.o
    0x000008b4   0x000008b4   0x00000010   Code   RO          367    i.CLK_GetHCLKFreq   clk.o
    0x000008c4   0x000008c4   0x00000014   Code   RO          368    i.CLK_GetHXTFreq    clk.o
    0x000008d8   0x000008d8   0x00000018   Code   RO          369    i.CLK_GetLXTFreq    clk.o
    0x000008f0   0x000008f0   0x00000038   Code   RO          370    i.CLK_GetPCLK0Freq  clk.o
    0x00000928   0x00000928   0x00000038   Code   RO          371    i.CLK_GetPCLK1Freq  clk.o
    0x00000960   0x00000960   0x00000064   Code   RO          372    i.CLK_GetPLLClockFreq  clk.o
    0x000009c4   0x000009c4   0x0000008c   Code   RO         2375    i.CLK_SETUP         user_lib.o
    0x00000a50   0x00000a50   0x00000024   Code   RO          376    i.CLK_SetHCLK       clk.o
    0x00000a74   0x00000a74   0x00000050   Code   RO          377    i.CLK_SetModuleClock  clk.o
    0x00000ac4   0x00000ac4   0x0000002c   Code   RO          381    i.CLK_WaitClockReady  clk.o
    0x00000af0   0x00000af0   0x00000010   Code   RO         2043    i.FIFO_countTime    fifo.o
    0x00000b00   0x00000b00   0x00000050   Code   RO         2047    i.FIFO_data_byte_in  fifo.o
    0x00000b50   0x00000b50   0x00000048   Code   RO         2162    i.GPABC_IRQHandler  irq.o
    0x00000b98   0x00000b98   0x0000001a   Code   RO          709    i.GPIO_EnableInt    gpio.o
    0x00000bb2   0x00000bb2   0x00000002   PAD
    0x00000bb4   0x00000bb4   0x000000a4   Code   RO         2377    i.GPIO_SETUP        user_lib.o
    0x00000c58   0x00000c58   0x00000028   Code   RO          710    i.GPIO_SetMode      gpio.o
    0x00000c80   0x00000c80   0x00000028   Code   RO         1233    i.Hard_Fault_Handler  retarget.o
    0x00000ca8   0x00000ca8   0x00000014   Code   RO         2163    i.NVIC_INIT         irq.o
    0x00000cbc   0x00000cbc   0x0000004c   Code   RO         2379    i.PIN_SETUP         user_lib.o
    0x00000d08   0x00000d08   0x000000d4   Code   RO         1330    i.RTC_Open          rtc.o
    0x00000ddc   0x00000ddc   0x0000001c   Code   RO         1331    i.RTC_RWEN          rtc.o
    0x00000df8   0x00000df8   0x00000020   Code   RO         2380    i.RTC_SETUP         user_lib.o
    0x00000e18   0x00000e18   0x0000001c   Code   RO         1337    i.RTC_SetTickPeriod  rtc.o
    0x00000e34   0x00000e34   0x0000001a   Code   RO         1594    i.SPI_Open          spi.o
    0x00000e4e   0x00000e4e   0x00000002   PAD
    0x00000e50   0x00000e50   0x00000044   Code   RO         2381    i.SPI_SETUP         user_lib.o
    0x00000e94   0x00000e94   0x000000f4   Code   RO         1595    i.SPI_SetBusClock   spi.o
    0x00000f88   0x00000f88   0x00000002   Code   RO         3630    i.SVC_Handler       port.o
    0x00000f8a   0x00000f8a   0x00000002   PAD
    0x00000f8c   0x00000f8c   0x00000020   Code   RO         1236    i.SendChar_ToUART   retarget.o
    0x00000fac   0x00000fac   0x00000074   Code   RO          211    i.SysGet_HCLKFreq   system_nano103.o
    0x00001020   0x00001020   0x00000064   Code   RO          212    i.SysGet_PLLClockFreq  system_nano103.o
    0x00001084   0x00001084   0x00000024   Code   RO         3631    i.SysTick_Handler   port.o
    0x000010a8   0x000010a8   0x00000020   Code   RO          213    i.SystemCoreClockUpdate  system_nano103.o
    0x000010c8   0x000010c8   0x00000044   Code   RO          214    i.SystemInit        system_nano103.o
    0x0000110c   0x0000110c   0x000000bc   Code   RO         1810    i.TIMER_GetModuleClock  timer.o
    0x000011c8   0x000011c8   0x00000044   Code   RO         1811    i.TIMER_Open        timer.o
    0x0000120c   0x0000120c   0x00000028   Code   RO         2382    i.TIMER_SETUP       user_lib.o
    0x00001234   0x00001234   0x00000030   Code   RO         2164    i.TMR0_IRQHandler   irq.o
    0x00001264   0x00001264   0x00000058   Code   RO         2165    i.UART1_IRQHandler  irq.o
    0x000012bc   0x000012bc   0x0000003e   Code   RO         1897    i.UART_ClearIntFlag  uart.o
    0x000012fa   0x000012fa   0x00000008   Code   RO         1902    i.UART_EnableInt    uart.o
    0x00001302   0x00001302   0x00000002   PAD
    0x00001304   0x00001304   0x00000050   Code   RO         1903    i.UART_Open         uart.o
    0x00001354   0x00001354   0x0000002c   Code   RO         1904    i.UART_Read         uart.o
    0x00001380   0x00001380   0x00000140   Code   RO         2383    i.UART_SETUP        user_lib.o
    0x000014c0   0x000014c0   0x00000014   Code   RO         1909    i.UART_SetTimeoutCnt  uart.o
    0x000014d4   0x000014d4   0x00000094   Code   RO         1911    i._UART_GetUartClk  uart.o
    0x00001568   0x00001568   0x0000001a   Code   RO         2610    i.__ARM_common_switch8  w25qxx.o
    0x00001582   0x00001582   0x0000000e   Code   RO         3864    i._is_digit         c_p.l(__printf_wp.o)
    0x00001590   0x00001590   0x00000006   Code   RO         1238    i.ferror            retarget.o
    0x00001596   0x00001596   0x0000000c   Code   RO         1240    i.fputc             retarget.o
    0x000015a2   0x000015a2   0x00000002   PAD
    0x000015a4   0x000015a4   0x00000080   Code   RO            3    i.main              main.o
    0x00001624   0x00001624   0x00000058   Code   RO         3153    i.prvAddCurrentTaskToDelayedList  tasks.o
    0x0000167c   0x0000167c   0x000000bc   Code   RO         3154    i.prvAddNewTaskToReadyList  tasks.o
    0x00001738   0x00001738   0x00000050   Code   RO         3497    i.prvCheckForValidListAndQueue  timers.o
    0x00001788   0x00001788   0x00000026   Code   RO         2780    i.prvCopyDataFromQueue  queue.o
    0x000017ae   0x000017ae   0x00000070   Code   RO         2781    i.prvCopyDataToQueue  queue.o
    0x0000181e   0x0000181e   0x00000012   Code   RO         3155    i.prvDeleteTCB      tasks.o
    0x00001830   0x00001830   0x00000048   Code   RO         3702    i.prvHeapInit       heap_4.o
    0x00001878   0x00001878   0x00000048   Code   RO         3156    i.prvIdleTask       tasks.o
    0x000018c0   0x000018c0   0x00000094   Code   RO         3157    i.prvInitialiseNewTask  tasks.o
    0x00001954   0x00001954   0x0000004c   Code   RO         3703    i.prvInsertBlockIntoFreeList  heap_4.o
    0x000019a0   0x000019a0   0x00000038   Code   RO         3498    i.prvInsertTimerInActiveList  timers.o
    0x000019d8   0x000019d8   0x0000001c   Code   RO         2782    i.prvIsQueueEmpty   queue.o
    0x000019f4   0x000019f4   0x000000dc   Code   RO         3499    i.prvProcessReceivedCommands  timers.o
    0x00001ad0   0x00001ad0   0x000000a8   Code   RO         3500    i.prvProcessTimerOrBlockTask  timers.o
    0x00001b78   0x00001b78   0x00000020   Code   RO         3159    i.prvResetNextTaskUnblockTime  tasks.o
    0x00001b98   0x00001b98   0x00000028   Code   RO         3501    i.prvSampleTimeNow  timers.o
    0x00001bc0   0x00001bc0   0x00000064   Code   RO         3502    i.prvSwitchTimerLists  timers.o
    0x00001c24   0x00001c24   0x00000014   Code   RO         3632    i.prvTaskExitError  port.o
    0x00001c38   0x00001c38   0x0000002c   Code   RO         3503    i.prvTimerTask      timers.o
    0x00001c64   0x00001c64   0x00000070   Code   RO         2783    i.prvUnlockQueue    queue.o
    0x00001cd4   0x00001cd4   0x000000b0   Code   RO         3704    i.pvPortMalloc      heap_4.o
    0x00001d84   0x00001d84   0x00000020   Code   RO         3633    i.pxPortInitialiseStack  port.o
    0x00001da4   0x00001da4   0x000000a8   Code   RO         1242    i.stackDump         retarget.o
    0x00001e4c   0x00001e4c   0x0000005c   Code   RO          176    i.taskBootCreate    rtos_task.o
    0x00001ea8   0x00001ea8   0x00000038   Code   RO          177    i.taskLEDControl    rtos_task.o
    0x00001ee0   0x00001ee0   0x00000026   Code   RO         2735    i.uxListRemove      list.o
    0x00001f06   0x00001f06   0x00000016   Code   RO         2736    i.vListInitialise   list.o
    0x00001f1c   0x00001f1c   0x00000006   Code   RO         2737    i.vListInitialiseItem  list.o
    0x00001f22   0x00001f22   0x00000030   Code   RO         2738    i.vListInsert       list.o
    0x00001f52   0x00001f52   0x00000018   Code   RO         2739    i.vListInsertEnd    list.o
    0x00001f6a   0x00001f6a   0x00000002   PAD
    0x00001f6c   0x00001f6c   0x00000018   Code   RO         3635    i.vPortEnterCritical  port.o
    0x00001f84   0x00001f84   0x0000001c   Code   RO         3636    i.vPortExitCritical  port.o
    0x00001fa0   0x00001fa0   0x00000044   Code   RO         3705    i.vPortFree         heap_4.o
    0x00001fe4   0x00001fe4   0x00000018   Code   RO         3637    i.vPortYield        port.o
    0x00001ffc   0x00001ffc   0x00000024   Code   RO         2789    i.vQueueAddToRegistry  queue.o
    0x00002020   0x00002020   0x00000044   Code   RO         2793    i.vQueueWaitForMessageRestricted  queue.o
    0x00002064   0x00002064   0x00000030   Code   RO         3169    i.vTaskDelay        tasks.o
    0x00002094   0x00002094   0x00000078   Code   RO         3171    i.vTaskDelete       tasks.o
    0x0000210c   0x0000210c   0x00000010   Code   RO         3174    i.vTaskInternalSetTimeOutState  tasks.o
    0x0000211c   0x0000211c   0x0000000c   Code   RO         3175    i.vTaskMissedYield  tasks.o
    0x00002128   0x00002128   0x00000024   Code   RO         3177    i.vTaskPlaceOnEventList  tasks.o
    0x0000214c   0x0000214c   0x00000030   Code   RO         3178    i.vTaskPlaceOnEventListRestricted  tasks.o
    0x0000217c   0x0000217c   0x00000054   Code   RO         3186    i.vTaskStartScheduler  tasks.o
    0x000021d0   0x000021d0   0x00000010   Code   RO         3188    i.vTaskSuspendAll   tasks.o
    0x000021e0   0x000021e0   0x00000058   Code   RO         3189    i.vTaskSwitchContext  tasks.o
    0x00002238   0x00002238   0x00000050   Code   RO         3638    i.xPortStartScheduler  port.o
    0x00002288   0x00002288   0x00000044   Code   RO         2796    i.xQueueGenericCreate  queue.o
    0x000022cc   0x000022cc   0x0000006e   Code   RO         2797    i.xQueueGenericReset  queue.o
    0x0000233a   0x0000233a   0x0000011e   Code   RO         2798    i.xQueueGenericSend  queue.o
    0x00002458   0x00002458   0x0000008c   Code   RO         2799    i.xQueueGenericSendFromISR  queue.o
    0x000024e4   0x000024e4   0x00000104   Code   RO         2806    i.xQueueReceive     queue.o
    0x000025e8   0x000025e8   0x0000005c   Code   RO         3190    i.xTaskCheckForTimeOut  tasks.o
    0x00002644   0x00002644   0x0000004e   Code   RO         3191    i.xTaskCreate       tasks.o
    0x00002692   0x00002692   0x00000002   PAD
    0x00002694   0x00002694   0x00000020   Code   RO         3195    i.xTaskGetSchedulerState  tasks.o
    0x000026b4   0x000026b4   0x0000000c   Code   RO         3196    i.xTaskGetTickCount  tasks.o
    0x000026c0   0x000026c0   0x000000bc   Code   RO         3198    i.xTaskIncrementTick  tasks.o
    0x0000277c   0x0000277c   0x00000064   Code   RO         3201    i.xTaskPriorityDisinherit  tasks.o
    0x000027e0   0x000027e0   0x00000064   Code   RO         3203    i.xTaskRemoveFromEventList  tasks.o
    0x00002844   0x00002844   0x000000ac   Code   RO         3204    i.xTaskResumeAll    tasks.o
    0x000028f0   0x000028f0   0x00000040   Code   RO         3510    i.xTimerCreateTimerTask  timers.o
    0x00002930   0x00002930   0x00000050   Code   RO         3511    i.xTimerGenericCommand  timers.o
    0x00002980   0x00002980   0x00000040   Data   RO          382    .constdata          clk.o
    0x000029c0   0x000029c0   0x00000010   Data   RO         1815    .constdata          timer.o
    0x000029d0   0x000029d0   0x00000028   Data   RO         3837    .constdata          c_p.l(_printf_hex_int.o)
    0x000029f8   0x000029f8   0x00000020   Data   RO         4119    Region$$Table       anon$$obj.o


    Execution Region ER_RW (Exec base: 0x20000000, Load base: 0x00002a18, Size: 0x000000e4, Max: 0xffffffff, ABSOLUTE)

    Exec Addr    Load Addr    Size         Type   Attr      Idx    E Section Name        Object

    0x20000000   0x00002a18   0x00000008   Data   RW          178    .data               rtos_task.o
    0x20000008   0x00002a20   0x00000008   Data   RW          215    .data               system_nano103.o
    0x20000010   0x00002a28   0x00000004   Data   RW         1243    .data               retarget.o
    0x20000014   0x00002a2c   0x00000034   Data   RW         1339    .data               rtc.o
    0x20000048   0x00002a60   0x00000004   Data   RW         2054    .data               fifo.o
    0x2000004c   0x00002a64   0x00000002   Data   RW         2166    .data               irq.o
    0x2000004e   0x00002a66   0x00000002   PAD
    0x20000050   0x00002a68   0x00000024   Data   RW         2385    .data               user_lib.o
    0x20000074   0x00002a8c   0x00000001   Data   RW         2386    .data               user_lib.o
    0x20000075   0x00002a8d   0x00000001   Data   RW         2387    .data               user_lib.o
    0x20000076   0x00002a8e   0x00000001   Data   RW         2388    .data               user_lib.o
    0x20000077   0x00002a8f   0x00000001   PAD
    0x20000078   0x00002a90   0x0000003c   Data   RW         3207    .data               tasks.o
    0x200000b4   0x00002acc   0x00000014   Data   RW         3517    .data               timers.o
    0x200000c8   0x00002ae0   0x00000004   Data   RW         3639    .data               port.o
    0x200000cc   0x00002ae4   0x00000018   Data   RW         3710    .data               heap_4.o


    Execution Region ER_ZI (Exec base: 0x200000e4, Load base: 0x00002afc, Size: 0x00002604, Max: 0xffffffff, ABSOLUTE)

    Exec Addr    Load Addr    Size         Type   Attr      Idx    E Section Name        Object

    0x200000e4        -       0x0000040c   Zero   RW         2053    .bss                fifo.o
    0x200004f0        -       0x00000040   Zero   RW         2810    .bss                queue.o
    0x20000530        -       0x000000c8   Zero   RW         3206    .bss                tasks.o
    0x200005f8        -       0x00000028   Zero   RW         3516    .bss                timers.o
    0x20000620        -       0x00001964   Zero   RW         3709    .bss                heap_4.o
    0x20001f84        -       0x00000060   Zero   RW         3990    .bss                c_p.l(libspace.o)
    0x20001fe4   0x00002afc   0x00000004   PAD
    0x20001fe8        -       0x00000200   Zero   RW          254    HEAP                startup_nano103.o
    0x200021e8        -       0x00000500   Zero   RW          253    STACK               startup_nano103.o


==============================================================================

Image component sizes


      Code (inc. data)   RO Data    RW Data    ZI Data      Debug   Object Name

       492        104         64          0          0       6694   clk.o
         0          0          0          0          0       1452   event_groups.o
        96          6          0          4       1036       2392   fifo.o
         0          0          0          0          0     123784   fmc.o
        66          0          0          0          0       1436   gpio.o
       392         28          0         24       6500       3747   heap_4.o
       228         40          0          2          0      10838   irq.o
       138          0          0          0          0       2818   list.o
       128         34          0          0          0     162639   main.o
       366         58          0          4          0       5732   port.o
      1258          4          0          0         64      13702   queue.o
       286        132          0          4          0       4767   retarget.o
       268         28          0         52          0       2374   rtc.o
       148         74          0          8          0       1058   rtos_task.o
       270         28          0          0          0       1849   spi.o
       120         58        192          0       1792        668   startup_nano103.o
       316         88          0          8          0       2727   system_nano103.o
      1788        150          0         60        200      21290   tasks.o
       256         40         16          0          0       1988   timer.o
       852         82          0         20         40      10307   timers.o
       362         40          0          0          0       4041   uart.o
       840        244          0         39          0       5695   user_lib.o
        26          0          0          0          0         72   w25qxx.o

    ----------------------------------------------------------------------
      8710       1238        304        228       9632     392070   Object Totals
         0          0         32          0          0          0   (incl. Generated)
        14          0          0          3          0          0   (incl. Padding)

    ----------------------------------------------------------------------

      Code (inc. data)   RO Data    RW Data    ZI Data      Debug   Library Member Name

         8          0          0          0          0         68   __main.o
       284          0          0          0          0        136   __printf_wp.o
         0          0          0          0          0          0   __rtentry.o
        12          0          0          0          0          0   __rtentry2.o
         6          0          0          0          0          0   __rtentry4.o
        60          8          0          0          0          0   __scatter.o
        26          0          0          0          0          0   __scatter_copy.o
        28          0          0          0          0          0   __scatter_zi.o
        48          6          0          0          0         88   _printf_char_common.o
        40          6          0          0          0         72   _printf_char_file.o
        10          0          0          0          0          0   _printf_d.o
       108         18          0          0          0         76   _printf_dec.o
        88          4         40          0          0         72   _printf_hex_int.o
       176          0          0          0          0         84   _printf_intcommon.o
         2          0          0          0          0          0   _printf_percent.o
         4          0          0          0          0          0   _printf_percent_end.o
        10          0          0          0          0          0   _printf_x.o
        18          0          0          0          0         68   aeabi_memset.o
       346          0          0          0          0         92   aeabi_sdiv.o
        16          0          0          0          0         68   exit.o
         6          0          0          0          0        136   heapauxi.o
         0          0          0          0          0          0   indicate_semi.o
         2          0          0          0          0          0   libinit.o
         2          0          0          0          0          0   libinit2.o
         2          0          0          0          0          0   libshutdown.o
         2          0          0          0          0          0   libshutdown2.o
         8          4          0          0         96         68   libspace.o
        28          6          0          0          0         84   noretval__2printf.o
        64          0          0          0          0        108   rt_memclr.o
       186          0          0          0          0        144   rt_memcpy.o
         2          0          0          0          0          0   rtexit.o
        10          0          0          0          0          0   rtexit2.o
        40          0          0          0          0         60   rtudiv10.o
        12          4          0          0          0         60   sys_exit.o
        62          0          0          0          0         80   sys_stackheap_outer.o
         2          0          0          0          0         68   use_no_semi.o

    ----------------------------------------------------------------------
      1722         56         40          0        100       1632   Library Totals
         4          0          0          0          4          0   (incl. Padding)

    ----------------------------------------------------------------------

      Code (inc. data)   RO Data    RW Data    ZI Data      Debug   Library Name

      1718         56         40          0         96       1632   c_p.l

    ----------------------------------------------------------------------
      1722         56         40          0        100       1632   Library Totals

    ----------------------------------------------------------------------

==============================================================================


      Code (inc. data)   RO Data    RW Data    ZI Data      Debug   

     10432       1294        344        228       9732     388078   Grand Totals
     10432       1294        344        228       9732     388078   ELF Image Totals
     10432       1294        344        228          0          0   ROM Totals

==============================================================================

    Total RO  Size (Code + RO Data)                10776 (  10.52kB)
    Total RW  Size (RW Data + ZI Data)              9960 (   9.73kB)
    Total ROM Size (Code + RO Data + RW Data)      11004 (  10.75kB)

==============================================================================

