Component: ARM Compiler 5.06 update 6 (build 750) Tool: armlink [4d35ed]

==============================================================================

Section Cross References

    main.o(i.main) refers to user_lib.o(i.PinSetup) for PinSetup
    main.o(i.main) refers to user_lib.o(i.ClkSetup) for ClkSetup
    main.o(i.main) refers to user_lib.o(i.UartSetup) for UartSetup
    main.o(i.main) refers to user_lib.o(i.GpioSetup) for GpioSetup
    main.o(i.main) refers to fifo.o(i.FIFO_New) for FIFO_New
    main.o(i.main) refers to cj_ov528.o(i.OV528_New) for OV528_New
    main.o(i.main) refers to user_lib.o(i.DelayUs) for DelayUs
    main.o(i.main) refers to irq.o(i.NVIC_Init) for NVIC_Init
    main.o(i.main) refers to cj_ov528.o(i.OV528_SNYC) for OV528_SNYC
    main.o(i.main) refers to cj_ov528.o(i.OV528_Init) for OV528_Init
    main.o(i.main) refers to cj_ov528.o(i.OV528_Snapshout) for OV528_Snapshout
    main.o(i.main) refers to cj_ov528.o(i.OV528_SetPacketSize) for OV528_SetPacketSize
    main.o(i.main) refers to cj_ov528.o(i.OV528_GetPictue) for OV528_GetPictue
    main.o(i.main) refers to cj_ov528.o(i.OV528_GetPacket) for OV528_GetPacket
    main.o(i.main) refers to uart.o(i.UART_Write) for UART_Write
    main.o(i.main) refers to user_lib.o(.data) for g_stUart1_buf
    main.o(i.main) refers to portable.o(i.CameraDelay) for CameraDelay
    main.o(i.main) refers to portable.o(i.CameraUartRead) for CameraUartRead
    main.o(i.main) refers to portable.o(i.CameraUartWrite) for CameraUartWrite
    main.o(i.main) refers to user_lib.o(.data) for g_stOv528_s0
    main.o(i.main) refers to main.o(.data) for .data
    main.o(i.main) refers to main.o(.bss) for .bss
    portable.o(i.CameraDelay) refers to user_lib.o(i.DelayUs) for DelayUs
    portable.o(i.CameraUartRead) refers to uart.o(i.UART_Read) for UART_Read
    portable.o(i.CameraUartRead) refers to fifo.o(i.FIFO_ByteIn) for FIFO_ByteIn
    portable.o(i.CameraUartRead) refers to user_lib.o(.data) for g_stOv528_s0
    portable.o(i.CameraUartWrite) refers to uart.o(i.UART_Write) for UART_Write
    system_nano103.o(i.SysGet_HCLKFreq) refers to aeabi_sdiv.o(.text) for __aeabi_uidivmod
    system_nano103.o(i.SysGet_HCLKFreq) refers to system_nano103.o(i.SysGet_PLLClockFreq) for SysGet_PLLClockFreq
    system_nano103.o(i.SysGet_PLLClockFreq) refers to aeabi_sdiv.o(.text) for __aeabi_uidivmod
    system_nano103.o(i.SystemCoreClockUpdate) refers to system_nano103.o(i.SysGet_HCLKFreq) for SysGet_HCLKFreq
    system_nano103.o(i.SystemCoreClockUpdate) refers to aeabi_sdiv.o(.text) for __aeabi_uidivmod
    system_nano103.o(i.SystemCoreClockUpdate) refers to system_nano103.o(.data) for .data
    startup_nano103.o(STACK) refers (Special) to heapauxi.o(.text) for __use_two_region_memory
    startup_nano103.o(HEAP) refers (Special) to heapauxi.o(.text) for __use_two_region_memory
    startup_nano103.o(RESET) refers (Special) to heapauxi.o(.text) for __use_two_region_memory
    startup_nano103.o(RESET) refers to startup_nano103.o(STACK) for __initial_sp
    startup_nano103.o(RESET) refers to startup_nano103.o(.text) for Reset_Handler
    startup_nano103.o(RESET) refers to retarget.o(.emb_text) for HardFault_Handler
    startup_nano103.o(RESET) refers to irq.o(i.GPABC_IRQHandler) for GPABC_IRQHandler
    startup_nano103.o(RESET) refers to irq.o(i.TMR0_IRQHandler) for TMR0_IRQHandler
    startup_nano103.o(RESET) refers to irq.o(i.UART1_IRQHandler) for UART1_IRQHandler
    startup_nano103.o(.text) refers (Special) to heapauxi.o(.text) for __use_two_region_memory
    startup_nano103.o(.text) refers to system_nano103.o(i.SystemInit) for SystemInit
    startup_nano103.o(.text) refers to __main.o(!!!main) for __main
    startup_nano103.o(.text) refers to startup_nano103.o(HEAP) for Heap_Mem
    startup_nano103.o(.text) refers to startup_nano103.o(STACK) for Stack_Mem
    clk.o(i.CLK_EnablePLL) refers to aeabi_sdiv.o(.text) for __aeabi_uidivmod
    clk.o(i.CLK_EnablePLL) refers to clk.o(i.CLK_GetPLLClockFreq) for CLK_GetPLLClockFreq
    clk.o(i.CLK_GetCPUFreq) refers to system_nano103.o(i.SystemCoreClockUpdate) for SystemCoreClockUpdate
    clk.o(i.CLK_GetCPUFreq) refers to system_nano103.o(.data) for SystemCoreClock
    clk.o(i.CLK_GetHCLKFreq) refers to system_nano103.o(i.SystemCoreClockUpdate) for SystemCoreClockUpdate
    clk.o(i.CLK_GetHCLKFreq) refers to system_nano103.o(.data) for SystemCoreClock
    clk.o(i.CLK_GetPCLK0Freq) refers to rt_memcpy.o(.emb_text) for __aeabi_memcpy4
    clk.o(i.CLK_GetPCLK0Freq) refers to system_nano103.o(i.SystemCoreClockUpdate) for SystemCoreClockUpdate
    clk.o(i.CLK_GetPCLK0Freq) refers to aeabi_sdiv.o(.text) for __aeabi_uidivmod
    clk.o(i.CLK_GetPCLK0Freq) refers to clk.o(.constdata) for .constdata
    clk.o(i.CLK_GetPCLK0Freq) refers to system_nano103.o(.data) for SystemCoreClock
    clk.o(i.CLK_GetPCLK1Freq) refers to rt_memcpy.o(.emb_text) for __aeabi_memcpy4
[...]
    Removing pdma.o(i.PDMA_SetTransferCnt), (32 bytes).
    Removing pdma.o(i.PDMA_SetTransferMode), (76 bytes).
    Removing pdma.o(i.PDMA_Trigger), (24 bytes).
    Removing pwm.o(.rev16_text), (4 bytes).
    Removing pwm.o(.revsh_text), (4 bytes).
    Removing pwm.o(i.PWM_ClearADCTriggerFlag), (14 bytes).
    Removing pwm.o(i.PWM_ClearCaptureIntFlag), (12 bytes).
    Removing pwm.o(i.PWM_ClearDutyIntFlag), (16 bytes).
    Removing pwm.o(i.PWM_ClearFaultBrakeIntFlag), (32 bytes).
    Removing pwm.o(i.PWM_ClearPeriodIntFlag), (16 bytes).
    Removing pwm.o(i.PWM_ClearWrapAroundFlag), (16 bytes).
    Removing pwm.o(i.PWM_ClearZeroIntFlag), (14 bytes).
    Removing pwm.o(i.PWM_ConfigCaptureChannel), (152 bytes).
    Removing pwm.o(i.PWM_ConfigOutputChannel), (256 bytes).
    Removing pwm.o(i.PWM_DisableADCTrigger), (32 bytes).
    Removing pwm.o(i.PWM_DisableBrakeNoiseFilter), (16 bytes).
    Removing pwm.o(i.PWM_DisableBrakePinInverse), (16 bytes).
    Removing pwm.o(i.PWM_DisableCapture), (20 bytes).
    Removing pwm.o(i.PWM_DisableCaptureInt), (16 bytes).
    Removing pwm.o(i.PWM_DisableDeadZone), (18 bytes).
    Removing pwm.o(i.PWM_DisableDutyInt), (20 bytes).
    Removing pwm.o(i.PWM_DisableFaultBrakeInt), (36 bytes).
    Removing pwm.o(i.PWM_DisableLoadMode), (10 bytes).
    Removing pwm.o(i.PWM_DisableOutput), (10 bytes).
    Removing pwm.o(i.PWM_DisablePeriodInt), (20 bytes).
    Removing pwm.o(i.PWM_DisableZeroInt), (18 bytes).
    Removing pwm.o(i.PWM_EnableADCTrigger), (54 bytes).
    Removing pwm.o(i.PWM_EnableBrakeNoiseFilter), (30 bytes).
    Removing pwm.o(i.PWM_EnableBrakePinInverse), (16 bytes).
    Removing pwm.o(i.PWM_EnableCapture), (20 bytes).
    Removing pwm.o(i.PWM_EnableCaptureInt), (16 bytes).
    Removing pwm.o(i.PWM_EnableDeadZone), (28 bytes).
    Removing pwm.o(i.PWM_EnableDutyInt), (12 bytes).
    Removing pwm.o(i.PWM_EnableFaultBrake), (232 bytes).
    Removing pwm.o(i.PWM_EnableFaultBrakeInt), (36 bytes).
    Removing pwm.o(i.PWM_EnableLoadMode), (10 bytes).
    Removing pwm.o(i.PWM_EnableOutput), (10 bytes).
    Removing pwm.o(i.PWM_EnablePeriodInt), (20 bytes).
    Removing pwm.o(i.PWM_EnableZeroInt), (18 bytes).
    Removing pwm.o(i.PWM_ForceStop), (36 bytes).
    Removing pwm.o(i.PWM_GetADCTriggerFlag), (20 bytes).
    Removing pwm.o(i.PWM_GetCaptureIntFlag), (44 bytes).
    Removing pwm.o(i.PWM_GetDutyIntFlag), (20 bytes).
    Removing pwm.o(i.PWM_GetFaultBrakeIntFlag), (16 bytes).
    Removing pwm.o(i.PWM_GetPeriodIntFlag), (22 bytes).
    Removing pwm.o(i.PWM_GetWrapAroundFlag), (22 bytes).
    Removing pwm.o(i.PWM_GetZeroIntFlag), (20 bytes).
    Removing pwm.o(i.PWM_SetBrakePinSource), (26 bytes).
    Removing pwm.o(i.PWM_SetClockSource), (22 bytes).
    Removing pwm.o(i.PWM_Start), (36 bytes).
    Removing pwm.o(i.PWM_Stop), (32 bytes).
    Removing pwm.o(i.SYS_UnlockReg), (32 bytes).
    Removing retarget.o(.rev16_text), (4 bytes).
    Removing retarget.o(.revsh_text), (4 bytes).
    Removing retarget.o(i.GetChar), (20 bytes).
    Removing retarget.o(i.IsDebugFifoEmpty), (16 bytes).
    Removing retarget.o(i.SendChar), (8 bytes).
    Removing retarget.o(i._ttywrch), (8 bytes).
    Removing retarget.o(i.fgetc), (8 bytes).
    Removing retarget.o(i.kbhit), (16 bytes).
    Removing retarget.o(.data), (4 bytes).
    Removing rtc.o(.rev16_text), (4 bytes).
    Removing rtc.o(.revsh_text), (4 bytes).
    Removing rtc.o(i.RTC_32KCalibration), (48 bytes).
    Removing rtc.o(i.RTC_Close), (16 bytes).
    Removing rtc.o(i.RTC_DisableInt), (68 bytes).
    Removing rtc.o(i.RTC_DisableTamperDetection), (24 bytes).
    Removing rtc.o(i.RTC_EnableInt), (24 bytes).
    Removing rtc.o(i.RTC_EnableTamperDetection), (44 bytes).
    Removing rtc.o(i.RTC_GetAlarmDateAndTime), (240 bytes).
    Removing rtc.o(i.RTC_GetDateAndTime), (240 bytes).
    Removing rtc.o(i.RTC_GetDayOfWeek), (16 bytes).
    Removing rtc.o(i.RTC_Open), (212 bytes).
    Removing rtc.o(i.RTC_RWEN), (28 bytes).
    Removing rtc.o(i.RTC_SetAlarmDate), (96 bytes).
    Removing rtc.o(i.RTC_SetAlarmDateAndTime), (184 bytes).
    Removing rtc.o(i.RTC_SetAlarmTime), (136 bytes).
    Removing rtc.o(i.RTC_SetDate), (108 bytes).
    Removing rtc.o(i.RTC_SetDateAndTime), (184 bytes).
    Removing rtc.o(i.RTC_SetTickPeriod), (28 bytes).
    Removing rtc.o(i.RTC_SetTime), (136 bytes).
    Removing rtc.o(.data), (52 bytes).
    Removing sc.o(.rev16_text), (4 bytes).
    Removing sc.o(.revsh_text), (4 bytes).
    Removing sc.o(i.SC_ClearFIFO), (10 bytes).
    Removing sc.o(i.SC_Close), (12 bytes).
    Removing sc.o(i.SC_GetInterfaceClock), (132 bytes).
    Removing sc.o(i.SC_IsCardInserted), (64 bytes).
    Removing sc.o(i.SC_Open), (76 bytes).
    Removing sc.o(i.SC_ResetReader), (96 bytes).
    Removing sc.o(i.SC_SetBlockGuardTime), (20 bytes).
    Removing sc.o(i.SC_SetCharGuardTime), (18 bytes).
    Removing sc.o(i.SC_StartTimer), (44 bytes).
    Removing sc.o(i.SC_StopAllTimer), (10 bytes).
    Removing sc.o(i.SC_StopTimer), (28 bytes).
    Removing sc.o(.data), (8 bytes).
    Removing scuart.o(.rev16_text), (4 bytes).
    Removing scuart.o(.revsh_text), (4 bytes).
    Removing scuart.o(i.SCUART_Close), (10 bytes).
    Removing scuart.o(i.SCUART_GetClock), (124 bytes).
    Removing scuart.o(i.SCUART_Open), (52 bytes).
    Removing scuart.o(i.SCUART_Read), (26 bytes).
    Removing scuart.o(i.SCUART_SetLineConfig), (72 bytes).
    Removing scuart.o(i.SCUART_SetTimeoutCnt), (4 bytes).
    Removing scuart.o(i.SCUART_Write), (24 bytes).
    Removing spi.o(.rev16_text), (4 bytes).
    Removing spi.o(.revsh_text), (4 bytes).
    Removing spi.o(i.SPI_ClearRxFIFO), (10 bytes).
    Removing spi.o(i.SPI_ClearTxFIFO), (10 bytes).
    Removing spi.o(i.SPI_Close), (128 bytes).
    Removing spi.o(i.SPI_DisableAutoSS), (10 bytes).
    Removing spi.o(i.SPI_DisableFIFO), (12 bytes).
    Removing spi.o(i.SPI_DisableInt), (78 bytes).
    Removing spi.o(i.SPI_DisableWakeup), (10 bytes).
    Removing spi.o(i.SPI_EnableAutoSS), (18 bytes).
    Removing spi.o(i.SPI_EnableFIFO), (36 bytes).
    Removing spi.o(i.SPI_EnableInt), (78 bytes).
    Removing spi.o(i.SPI_EnableWakeup), (12 bytes).
    Removing spi.o(i.SPI_GetBusClock), (108 bytes).
    Removing spi.o(i.SPI_Open), (26 bytes).
    Removing spi.o(i.SPI_SetBusClock), (244 bytes).
    Removing sys.o(.rev16_text), (4 bytes).
    Removing sys.o(.revsh_text), (4 bytes).
    Removing sys.o(i.SYS_ClearResetSrc), (12 bytes).
    Removing sys.o(i.SYS_DisableBOD), (16 bytes).
    Removing sys.o(i.SYS_DisableHIRC0Trim), (12 bytes).
    Removing sys.o(i.SYS_DisableHIRC1Trim), (12 bytes).
    Removing sys.o(i.SYS_DisableLPBOD), (20 bytes).
    Removing sys.o(i.SYS_DisableMIRCTrim), (12 bytes).
    Removing sys.o(i.SYS_EnableBOD), (24 bytes).
    Removing sys.o(i.SYS_EnableHIRC0Trim), (32 bytes).
    Removing sys.o(i.SYS_EnableHIRC1Trim), (32 bytes).
    Removing sys.o(i.SYS_EnableLPBOD), (28 bytes).
    Removing sys.o(i.SYS_EnableMIRCTrim), (32 bytes).
    Removing sys.o(i.SYS_GetBODStatus), (16 bytes).
    Removing sys.o(i.SYS_GetResetSrc), (8 bytes).
    Removing sys.o(i.SYS_IsRegLocked), (16 bytes).
    Removing sys.o(i.SYS_ReadPDID), (8 bytes).
    Removing sys.o(i.SYS_ResetCPU), (14 bytes).
    Removing sys.o(i.SYS_ResetChip), (14 bytes).
    Removing sys.o(i.SYS_ResetModule), (26 bytes).
    Removing timer.o(.rev16_text), (4 bytes).
    Removing timer.o(.revsh_text), (4 bytes).
    Removing timer.o(i.TIMER_Close), (8 bytes).
    Removing timer.o(i.TIMER_Delay), (132 bytes).
    Removing timer.o(i.TIMER_DisableCapture), (12 bytes).
    Removing timer.o(i.TIMER_DisableEventCounter), (12 bytes).
    Removing timer.o(i.TIMER_DisableFreqCounter), (12 bytes).
    Removing timer.o(i.TIMER_EnableCapture), (24 bytes).
    Removing timer.o(i.TIMER_EnableEventCounter), (22 bytes).
    Removing timer.o(i.TIMER_EnableFreqCounter), (80 bytes).
    Removing timer.o(i.TIMER_GetModuleClock), (188 bytes).
    Removing timer.o(i.TIMER_Open), (68 bytes).
    Removing timer.o(i.TIMER_ResetCounter), (6 bytes).
    Removing timer.o(i.TIMER_SetTriggerSource), (14 bytes).
    Removing timer.o(i.TIMER_SetTriggerTarget), (16 bytes).
    Removing timer.o(.constdata), (16 bytes).
    Removing uart.o(.rev16_text), (4 bytes).
    Removing uart.o(.revsh_text), (4 bytes).
    Removing uart.o(i.UART_Close), (6 bytes).
    Removing uart.o(i.UART_DisableFlowCtrl), (10 bytes).
    Removing uart.o(i.UART_DisableInt), (8 bytes).
    Removing uart.o(i.UART_EnableFlowCtrl), (24 bytes).
    Removing uart.o(i.UART_SelectIrDAMode), (70 bytes).
    Removing uart.o(i.UART_SelectLINMode), (34 bytes).
    Removing uart.o(i.UART_SelectRS485Mode), (20 bytes).
    Removing uart.o(i.UART_SetLine_Config), (80 bytes).
    Removing wdt.o(.rev16_text), (4 bytes).
    Removing wdt.o(.revsh_text), (4 bytes).
    Removing wdt.o(i.WDT_Open), (24 bytes).
    Removing wwdt.o(.rev16_text), (4 bytes).
    Removing wwdt.o(.revsh_text), (4 bytes).
    Removing wwdt.o(i.WWDT_Open), (36 bytes).
    Removing fifo.o(i.FIFO_ByteOut), (46 bytes).
    Removing fifo.o(i.FIFO_CntTImeTrigger), (32 bytes).
    Removing fifo.o(i.FIFO_IsEmpty), (14 bytes).
    Removing flash.o(.rev16_text), (4 bytes).
    Removing flash.o(.revsh_text), (4 bytes).
    Removing flash.o(i.set_config), (384 bytes).
    Removing flash.o(.data), (8 bytes).
    Removing irq.o(.rev16_text), (4 bytes).
    Removing irq.o(.revsh_text), (4 bytes).
    Removing nrf24l01.o(.rev16_text), (4 bytes).
    Removing nrf24l01.o(.revsh_text), (4 bytes).
    Removing nrf24l01.o(i.NRF_Clr_FiFo), (20 bytes).
    Removing nrf24l01.o(i.NRF_Reg_Read_Arg), (84 bytes).
    Removing nrf24l01.o(i.NRF_Reg_Read_Byte), (72 bytes).
    Removing nrf24l01.o(i.NRF_Reg_Write_Arg), (88 bytes).
    Removing nrf24l01.o(i.NRF_Reg_Write_Byte), (76 bytes).
    Removing nrf24l01.o(i.NRF_Reset_IRQ), (26 bytes).
    Removing nrf24l01.o(i.NRF_Rx_Mode), (88 bytes).
    Removing nrf24l01.o(i.NRF_Rx_package), (44 bytes).
    Removing nrf24l01.o(i.NRF_Tx_Mode), (100 bytes).
    Removing nrf24l01.o(i.NRF_Tx_Package), (88 bytes).
    Removing nrf24l01.o(.data), (12 bytes).
    Removing user_lib.o(.rev16_text), (4 bytes).
    Removing user_lib.o(.revsh_text), (4 bytes).
    Removing user_lib.o(i.CameraSetup), (2 bytes).
    Removing user_lib.o(i.FifoSetup), (2 bytes).
    Removing user_lib.o(i.RtcSetup), (32 bytes).
    Removing user_lib.o(i.SpiSetup), (68 bytes).
    Removing user_lib.o(i.TimerSetup), (40 bytes).
    Removing user_lib.o(.data), (36 bytes).
    Removing user_lib.o(.data), (4 bytes).
    Removing w25qxx.o(.rev16_text), (4 bytes).
    Removing w25qxx.o(.revsh_text), (4 bytes).
    Removing w25qxx.o(i.w25qxx_CopeData), (96 bytes).
    Removing w25qxx.o(i.w25qxx_EraseChip), (40 bytes).
    Removing w25qxx.o(i.w25qxx_EraseData), (256 bytes).
    Removing w25qxx.o(i.w25qxx_EraseFullBlock), (64 bytes).
    Removing w25qxx.o(i.w25qxx_EraseHalfBlock), (64 bytes).
    Removing w25qxx.o(i.w25qxx_EraseSector), (64 bytes).
    Removing w25qxx.o(i.w25qxx_INIT), (176 bytes).
    Removing w25qxx.o(i.w25qxx_IsEmpty), (92 bytes).
    Removing w25qxx.o(i.w25qxx_ReadData), (84 bytes).
    Removing w25qxx.o(i.w25qxx_ReadID), (60 bytes).
    Removing w25qxx.o(i.w25qxx_ReadStatusRegister), (88 bytes).
    Removing w25qxx.o(i.w25qxx_ReadUniqID), (72 bytes).
    Removing w25qxx.o(i.w25qxx_VolatileSRWriteEnable), (32 bytes).
    Removing w25qxx.o(i.w25qxx_WaitForWriteEnd), (48 bytes).
    Removing w25qxx.o(i.w25qxx_WriteData), (128 bytes).
    Removing w25qxx.o(i.w25qxx_WriteDisable), (32 bytes).
    Removing w25qxx.o(i.w25qxx_WriteEnable), (32 bytes).
    Removing w25qxx.o(i.w25qxx_WriteStatusRegister), (84 bytes).
    Removing w25qxx.o(i.w25qxx_dummy), (24 bytes).
    Removing w25qxx.o(i.w25qxx_read), (28 bytes).
    Removing w25qxx.o(i.w25qxx_write), (32 bytes).
    Removing w25qxx.o(.bss), (36 bytes).
    Removing cj_ov528.o(i.OV528_ErrHook), (44 bytes).
    Removing cj_ov528.o(i.OV528_PowerDown), (104 bytes).
    Removing cj_ov528.o(i.OV528_SetBaudRate), (160 bytes).
    Removing vmemalloc.o(i.vMemFree), (108 bytes).
    Removing vmemalloc.o(i.vMemInfoPrint), (800 bytes).
    Removing vmemalloc.o(i.vMemSizeOf), (6 bytes).
    Removing timer.o(i.__ARM_common_ll_muluu), (48 bytes).
    Removing w25qxx.o(i.__ARM_common_switch8), (26 bytes).

332 unused section(s) (total 13916 bytes) removed from the image.

==============================================================================

Image Symbol Table

    Local Symbols

    Symbol Name                              Value     Ov Type        Size  Object(Section)

    RESET                                    0x00000000   Section      192  startup_nano103.o(RESET)
    ../clib/angel/boardlib.s                 0x00000000   Number         0  boardinit2.o ABSOLUTE
    ../clib/angel/boardlib.s                 0x00000000   Number         0  boardshut.o ABSOLUTE
    ../clib/angel/boardlib.s                 0x00000000   Number         0  boardinit3.o ABSOLUTE
    ../clib/angel/boardlib.s                 0x00000000   Number         0  boardinit1.o ABSOLUTE
    ../clib/angel/handlers.s                 0x00000000   Number         0  __scatter_zi.o ABSOLUTE
    ../clib/angel/handlers.s                 0x00000000   Number         0  __scatter_copy.o ABSOLUTE
    ../clib/angel/kernel.s                   0x00000000   Number         0  rtexit2.o ABSOLUTE
    ../clib/angel/kernel.s                   0x00000000   Number         0  __rtentry.o ABSOLUTE
    ../clib/angel/kernel.s                   0x00000000   Number         0  rtexit.o ABSOLUTE
    ../clib/angel/kernel.s                   0x00000000   Number         0  __rtentry4.o ABSOLUTE
    ../clib/angel/kernel.s                   0x00000000   Number         0  __rtentry2.o ABSOLUTE
    ../clib/angel/rt.s                       0x00000000   Number         0  rt_div0.o ABSOLUTE
    ../clib/angel/rt.s                       0x00000000   Number         0  rt_locale.o ABSOLUTE
    ../clib/angel/rt.s                       0x00000000   Number         0  aeabi_idiv0.o ABSOLUTE
    ../clib/angel/rt.s                       0x00000000   Number         0  aeabi_idiv0_sigfpe.o ABSOLUTE
    ../clib/angel/rt.s                       0x00000000   Number         0  aeabi_ldiv0.o ABSOLUTE
    ../clib/angel/rt.s                       0x00000000   Number         0  aeabi_ldiv0_sigfpe.o ABSOLUTE
    ../clib/angel/rt.s                       0x00000000   Number         0  rt_locale_intlibspace.o ABSOLUTE
    ../clib/angel/rt.s                       0x00000000   Number         0  rt_heap_descriptor.o ABSOLUTE
    ../clib/angel/rt.s                       0x00000000   Number         0  rt_raise.o ABSOLUTE
    ../clib/angel/rt.s                       0x00000000   Number         0  rt_heap_descriptor_intlibspace.o ABSOLUTE
    ../clib/angel/scatterp.s                 0x00000000   Number         0  __scatter.o ABSOLUTE
    ../clib/angel/startup.s                  0x00000000   Number         0  __main.o ABSOLUTE
    ../clib/angel/sys.s                      0x00000000   Number         0  libspace.o ABSOLUTE
    ../clib/angel/sys.s                      0x00000000   Number         0  mutex_dummy.o ABSOLUTE
    ../clib/angel/sys.s                      0x00000000   Number         0  tempstk.o ABSOLUTE
    ../clib/angel/sys.s                      0x00000000   Number         0  sys_stackheap_outer.o ABSOLUTE
    ../clib/angel/sys.s                      0x00000000   Number         0  indicate_semi.o ABSOLUTE
    ../clib/angel/sys.s                      0x00000000   Number         0  use_no_semi.o ABSOLUTE
    ../clib/angel/sysapp.c                   0x00000000   Number         0  sys_command.o ABSOLUTE
    ../clib/angel/sysapp.c                   0x00000000   Number         0  sys_exit.o ABSOLUTE
    ../clib/armsys.c                         0x00000000   Number         0  _get_argv.o ABSOLUTE
    ../clib/armsys.c                         0x00000000   Number         0  no_argv.o ABSOLUTE
    ../clib/armsys.c                         0x00000000   Number         0  _get_argv_nomalloc.o ABSOLUTE
    ../clib/armsys.c                         0x00000000   Number         0  argv_veneer.o ABSOLUTE
    ../clib/bigflt.c                         0x00000000   Number         0  bigflt0.o ABSOLUTE
    ../clib/btod.c                           0x00000000   Number         0  btod.o ABSOLUTE
    ../clib/division.c                       0x00000000   Number         0  lludiv10.o ABSOLUTE
    ../clib/division.c                       0x00000000   Number         0  rtudiv10.o ABSOLUTE
    ../clib/division.c                       0x00000000   Number         0  lludiv.o ABSOLUTE
    ../clib/division.c                       0x00000000   Number         0  llsdiv.o ABSOLUTE
    ../clib/division.s                       0x00000000   Number         0  aeabi_sdiv_div0.o ABSOLUTE
    ../clib/division.s                       0x00000000   Number         0  aeabi_sdiv.o ABSOLUTE
    ../clib/heap1.c                          0x00000000   Number         0  h1_alloc.o ABSOLUTE
    ../clib/heap1.c                          0x00000000   Number         0  h1_alloc_mt.o ABSOLUTE
    ../clib/heap1.c                          0x00000000   Number         0  h1_init_mt.o ABSOLUTE
    ../clib/heap1.c                          0x00000000   Number         0  h1_extend.o ABSOLUTE
    ../clib/heap1.c                          0x00000000   Number         0  h1_extend_mt.o ABSOLUTE
    ../clib/heap1.c                          0x00000000   Number         0  h1_final_mt.o ABSOLUTE
    ../clib/heap1.c                          0x00000000   Number         0  h1_init.o ABSOLUTE
    ../clib/heap1.c                          0x00000000   Number         0  h1_final.o ABSOLUTE
    ../clib/heap1.c                          0x00000000   Number         0  h1_free.o ABSOLUTE
    ../clib/heap1.c                          0x00000000   Number         0  h1_free_mt.o ABSOLUTE
    ../clib/heap2.c                          0x00000000   Number         0  fdtree.o ABSOLUTE
    ../clib/heap2.c                          0x00000000   Number         0  heap2.o ABSOLUTE
    ../clib/heap2.c                          0x00000000   Number         0  heap2mt.o ABSOLUTE
    ../clib/heapalloc.c                      0x00000000   Number         0  maybetermalloc1.o ABSOLUTE
    ../clib/heapalloc.c                      0x00000000   Number         0  init_alloc.o ABSOLUTE
    ../clib/heapalloc.c                      0x00000000   Number         0  term_alloc.o ABSOLUTE
    ../clib/heapalloc.c                      0x00000000   Number         0  hguard.o ABSOLUTE
    ../clib/heapalloc.c                      0x00000000   Number         0  free.o ABSOLUTE
    ../clib/heapalloc.c                      0x00000000   Number         0  maybetermalloc1.o ABSOLUTE
    ../clib/heapalloc.c                      0x00000000   Number         0  malloc.o ABSOLUTE
    ../clib/heapalloc.c                      0x00000000   Number         0  hrguard.o ABSOLUTE
    ../clib/heapalloc.c                      0x00000000   Number         0  maybetermalloc2.o ABSOLUTE
    ../clib/heapalloc.c                      0x00000000   Number         0  maybetermalloc2.o ABSOLUTE
    ../clib/heapalloc.c                      0x00000000   Number         0  heapstubs.o ABSOLUTE
    ../clib/heapaux.c                        0x00000000   Number         0  heapauxa.o ABSOLUTE
    ../clib/heapaux.c                        0x00000000   Number         0  heapauxi.o ABSOLUTE
    ../clib/libinit.s                        0x00000000   Number         0  libinit2.o ABSOLUTE
    ../clib/libinit.s                        0x00000000   Number         0  libinit.o ABSOLUTE
    ../clib/libinit.s                        0x00000000   Number         0  libshutdown2.o ABSOLUTE
    ../clib/libinit.s                        0x00000000   Number         0  libshutdown.o ABSOLUTE
    ../clib/locale.s                         0x00000000   Number         0  lc_numeric_c.o ABSOLUTE
    ../clib/memcpset.c                       0x00000000   Number         0  rt_memcpy.o ABSOLUTE
    ../clib/memcpset.c                       0x00000000   Number         0  rt_memcpy.o ABSOLUTE
    ../clib/misc.s                           0x00000000   Number         0  printf_stubs.o ABSOLUTE
    ../clib/printf.c                         0x00000000   Number         0  _printf_char.o ABSOLUTE
    ../clib/printf.c                         0x00000000   Number         0  _printf_char_file.o ABSOLUTE
    ../clib/printf.c                         0x00000000   Number         0  _printf_char_common.o ABSOLUTE
    ../clib/printf.c                         0x00000000   Number         0  _printf_fp_infnan.o ABSOLUTE
    ../clib/printf.c                         0x00000000   Number         0  __printf_nopercent.o ABSOLUTE
    ../clib/printf.c                         0x00000000   Number         0  __2printf.o ABSOLUTE
    ../clib/printf.c                         0x00000000   Number         0  noretval__2printf.o ABSOLUTE
    ../clib/printf.c                         0x00000000   Number         0  __printf.o ABSOLUTE
    ../clib/printf.c                         0x00000000   Number         0  _printf_str.o ABSOLUTE
    ../clib/printf.c                         0x00000000   Number         0  _printf_dec.o ABSOLUTE
    ../clib/printf.c                         0x00000000   Number         0  _printf_hex_ll.o ABSOLUTE
    ../clib/printf.c                         0x00000000   Number         0  _printf_hex_int.o ABSOLUTE
    ../clib/printf.c                         0x00000000   Number         0  _printf_hex_int_ll.o ABSOLUTE
    ../clib/printf.c                         0x00000000   Number         0  _printf_hex_ptr.o ABSOLUTE
    ../clib/printf.c                         0x00000000   Number         0  _printf_hex_int_ptr.o ABSOLUTE
    ../clib/printf.c                         0x00000000   Number         0  _printf_hex_ll_ptr.o ABSOLUTE
    ../clib/printf.c                         0x00000000   Number         0  _printf_hex_int_ll_ptr.o ABSOLUTE
    ../clib/printf.c                         0x00000000   Number         0  __printf_flags.o ABSOLUTE
    ../clib/printf.c                         0x00000000   Number         0  __printf_ss.o ABSOLUTE
    ../clib/printf.c                         0x00000000   Number         0  __printf_flags_ss.o ABSOLUTE
    ../clib/printf.c                         0x00000000   Number         0  __printf_wp.o ABSOLUTE
    ../clib/printf.c                         0x00000000   Number         0  __printf_flags_wp.o ABSOLUTE
    ../clib/printf.c                         0x00000000   Number         0  __printf_ss_wp.o ABSOLUTE
    ../clib/printf.c                         0x00000000   Number         0  __printf_flags_ss_wp.o ABSOLUTE
    ../clib/printf.c                         0x00000000   Number         0  _printf_intcommon.o ABSOLUTE
    ../clib/printf.c                         0x00000000   Number         0  _printf_fp_dec.o ABSOLUTE
    ../clib/printf_percent.s                 0x00000000   Number         0  _printf_d.o ABSOLUTE
    ../clib/printf_percent.s                 0x00000000   Number         0  _printf_percent.o ABSOLUTE
    ../clib/printf_percent.s                 0x00000000   Number         0  _printf_f.o ABSOLUTE
    ../clib/printf_percent.s                 0x00000000   Number         0  _printf_c.o ABSOLUTE
    ../clib/printf_percent.s                 0x00000000   Number         0  _printf_x.o ABSOLUTE
    ../clib/printf_percent.s                 0x00000000   Number         0  _printf_percent_end.o ABSOLUTE
    ../clib/signal.c                         0x00000000   Number         0  defsig_fpe_inner.o ABSOLUTE
    ../clib/signal.c                         0x00000000   Number         0  defsig_cppl_inner.o ABSOLUTE
    ../clib/signal.c                         0x00000000   Number         0  defsig_pvfn_inner.o ABSOLUTE
    ../clib/signal.c                         0x00000000   Number         0  defsig_stak_inner.o ABSOLUTE
    ../clib/signal.c                         0x00000000   Number         0  defsig_general.o ABSOLUTE
    ../clib/signal.c                         0x00000000   Number         0  defsig_rtred_inner.o ABSOLUTE
    ../clib/signal.c                         0x00000000   Number         0  defsig_rtmem_outer.o ABSOLUTE
    ../clib/signal.c                         0x00000000   Number         0  defsig_abrt_inner.o ABSOLUTE
    ../clib/signal.c                         0x00000000   Number         0  __raise.o ABSOLUTE
    ../clib/signal.c                         0x00000000   Number         0  defsig_rtmem_formal.o ABSOLUTE
    ../clib/signal.c                         0x00000000   Number         0  defsig_segv_inner.o ABSOLUTE
    ../clib/signal.c                         0x00000000   Number         0  defsig_rtmem_inner.o ABSOLUTE
    ../clib/signal.c                         0x00000000   Number         0  defsig_fpe_formal.o ABSOLUTE
    ../clib/signal.c                         0x00000000   Number         0  defsig_fpe_outer.o ABSOLUTE
    ../clib/signal.c                         0x00000000   Number         0  defsig_exit.o ABSOLUTE
    ../clib/signal.c                         0x00000000   Number         0  defsig_other.o ABSOLUTE
    ../clib/signal.s                         0x00000000   Number         0  defsig.o ABSOLUTE
    ../clib/stdlib.c                         0x00000000   Number         0  exit.o ABSOLUTE
    ../clib/string.c                         0x00000000   Number         0  strcmp.o ABSOLUTE
    ../fplib/cfplib/f2d.c                    0x00000000   Number         0  f2d.o ABSOLUTE
    ../fplib/cfplib/fdiv.c                   0x00000000   Number         0  fdiv.o ABSOLUTE
    ../fplib/cfplib/fflt.c                   0x00000000   Number         0  fflti.o ABSOLUTE
    ../fplib/cfplib/fpinit.c                 0x00000000   Number         0  fpinit.o ABSOLUTE
    ../fplib/cfplib/ieee_status.c            0x00000000   Number         0  ieee_status.o ABSOLUTE
    ../fplib/fmul6m.s                        0x00000000   Number         0  fmul.o ABSOLUTE
    ../fplib/printf1.s                       0x00000000   Number         0  printf1.o ABSOLUTE
    ../fplib/usenofp.s                       0x00000000   Number         0  usenofp.o ABSOLUTE
    ../mathlib/fpclassify.c                  0x00000000   Number         0  fpclassify.o ABSOLUTE
    ..\Libraries\Device\Nuvoton\Nano103\Source\ARM\startup_Nano103.s 0x00000000   Number         0  startup_nano103.o ABSOLUTE
    ..\Libraries\Device\Nuvoton\Nano103\Source\system_Nano103.c 0x00000000   Number         0  system_nano103.o ABSOLUTE
    ..\Libraries\StdDriver\src\acmp.c        0x00000000   Number         0  acmp.o ABSOLUTE
    ..\Libraries\StdDriver\src\adc.c         0x00000000   Number         0  adc.o ABSOLUTE
    ..\Libraries\StdDriver\src\clk.c         0x00000000   Number         0  clk.o ABSOLUTE
    ..\Libraries\StdDriver\src\crc.c         0x00000000   Number         0  crc.o ABSOLUTE
    ..\Libraries\StdDriver\src\fmc.c         0x00000000   Number         0  fmc.o ABSOLUTE
    ..\Libraries\StdDriver\src\gpio.c        0x00000000   Number         0  gpio.o ABSOLUTE
    ..\Libraries\StdDriver\src\i2c.c         0x00000000   Number         0  i2c.o ABSOLUTE
    ..\Libraries\StdDriver\src\pdma.c        0x00000000   Number         0  pdma.o ABSOLUTE
    ..\Libraries\StdDriver\src\pwm.c         0x00000000   Number         0  pwm.o ABSOLUTE
    ..\Libraries\StdDriver\src\retarget.c    0x00000000   Number         0  retarget.o ABSOLUTE
    ..\Libraries\StdDriver\src\rtc.c         0x00000000   Number         0  rtc.o ABSOLUTE
    ..\Libraries\StdDriver\src\sc.c          0x00000000   Number         0  sc.o ABSOLUTE
    ..\Libraries\StdDriver\src\scuart.c      0x00000000   Number         0  scuart.o ABSOLUTE
    ..\Libraries\StdDriver\src\spi.c         0x00000000   Number         0  spi.o ABSOLUTE
    ..\Libraries\StdDriver\src\sys.c         0x00000000   Number         0  sys.o ABSOLUTE
    ..\Libraries\StdDriver\src\timer.c       0x00000000   Number         0  timer.o ABSOLUTE
    ..\Libraries\StdDriver\src\uart.c        0x00000000   Number         0  uart.o ABSOLUTE
    ..\Libraries\StdDriver\src\wdt.c         0x00000000   Number         0  wdt.o ABSOLUTE
    ..\Libraries\StdDriver\src\wwdt.c        0x00000000   Number         0  wwdt.o ABSOLUTE
    ..\Libraries\User\src\CJ_OV528.c         0x00000000   Number         0  cj_ov528.o ABSOLUTE
    ..\Libraries\User\src\FIFO.c             0x00000000   Number         0  fifo.o ABSOLUTE
    ..\Libraries\User\src\Flash.c            0x00000000   Number         0  flash.o ABSOLUTE
    ..\Libraries\User\src\IRQ.c              0x00000000   Number         0  irq.o ABSOLUTE
    ..\Libraries\User\src\W25QXX.c           0x00000000   Number         0  w25qxx.o ABSOLUTE
    ..\Libraries\User\src\nrf24l01.c         0x00000000   Number         0  nrf24l01.o ABSOLUTE
    ..\Libraries\User\src\user_lib.c         0x00000000   Number         0  user_lib.o ABSOLUTE
    ..\Libraries\User\src\vMemAlloc.c        0x00000000   Number         0  vmemalloc.o ABSOLUTE
    ..\\Libraries\\Device\\Nuvoton\\Nano103\\Source\\system_Nano103.c 0x00000000   Number         0  system_nano103.o ABSOLUTE
    ..\\Libraries\\StdDriver\\src\\acmp.c    0x00000000   Number         0  acmp.o ABSOLUTE
    ..\\Libraries\\StdDriver\\src\\adc.c     0x00000000   Number         0  adc.o ABSOLUTE
    ..\\Libraries\\StdDriver\\src\\clk.c     0x00000000   Number         0  clk.o ABSOLUTE
    ..\\Libraries\\StdDriver\\src\\crc.c     0x00000000   Number         0  crc.o ABSOLUTE
    ..\\Libraries\\StdDriver\\src\\fmc.c     0x00000000   Number         0  fmc.o ABSOLUTE
    ..\\Libraries\\StdDriver\\src\\gpio.c    0x00000000   Number         0  gpio.o ABSOLUTE
    ..\\Libraries\\StdDriver\\src\\i2c.c     0x00000000   Number         0  i2c.o ABSOLUTE
    ..\\Libraries\\StdDriver\\src\\pdma.c    0x00000000   Number         0  pdma.o ABSOLUTE
    ..\\Libraries\\StdDriver\\src\\pwm.c     0x00000000   Number         0  pwm.o ABSOLUTE
    ..\\Libraries\\StdDriver\\src\\retarget.c 0x00000000   Number         0  retarget.o ABSOLUTE
    ..\\Libraries\\StdDriver\\src\\rtc.c     0x00000000   Number         0  rtc.o ABSOLUTE
    ..\\Libraries\\StdDriver\\src\\sc.c      0x00000000   Number         0  sc.o ABSOLUTE
    ..\\Libraries\\StdDriver\\src\\scuart.c  0x00000000   Number         0  scuart.o ABSOLUTE
    ..\\Libraries\\StdDriver\\src\\spi.c     0x00000000   Number         0  spi.o ABSOLUTE
    ..\\Libraries\\StdDriver\\src\\sys.c     0x00000000   Number         0  sys.o ABSOLUTE
    ..\\Libraries\\StdDriver\\src\\timer.c   0x00000000   Number         0  timer.o ABSOLUTE
    ..\\Libraries\\StdDriver\\src\\uart.c    0x00000000   Number         0  uart.o ABSOLUTE
    ..\\Libraries\\StdDriver\\src\\wdt.c     0x00000000   Number         0  wdt.o ABSOLUTE
    ..\\Libraries\\StdDriver\\src\\wwdt.c    0x00000000   Number         0  wwdt.o ABSOLUTE
    ..\\Libraries\\User\\src\\Flash.c        0x00000000   Number         0  flash.o ABSOLUTE
    ..\\Libraries\\User\\src\\IRQ.c          0x00000000   Number         0  irq.o ABSOLUTE
    ..\\Libraries\\User\\src\\W25QXX.c       0x00000000   Number         0  w25qxx.o ABSOLUTE
    ..\\Libraries\\User\\src\\nrf24l01.c     0x00000000   Number         0  nrf24l01.o ABSOLUTE
    ..\\Libraries\\User\\src\\user_lib.c     0x00000000   Number         0  user_lib.o ABSOLUTE
    ..\\main.c                               0x00000000   Number         0  main.o ABSOLUTE
    ..\\portable.c                           0x00000000   Number         0  portable.o ABSOLUTE
    ..\main.c                                0x00000000   Number         0  main.o ABSOLUTE
    ..\portable.c                            0x00000000   Number         0  portable.o ABSOLUTE
    dc.s                                     0x00000000   Number         0  dc.o ABSOLUTE
    !!!main                                  0x000000c0   Section        8  __main.o(!!!main)
    !!!scatter                               0x000000c8   Section       60  __scatter.o(!!!scatter)
    !!handler_copy                           0x00000104   Section       26  __scatter_copy.o(!!handler_copy)
    !!handler_zi                             0x00000120   Section       28  __scatter_zi.o(!!handler_zi)
    .ARM.Collect$$_printf_percent$$00000000  0x0000013c   Section        2  _printf_percent.o(.ARM.Collect$$_printf_percent$$00000000)
    .ARM.Collect$$_printf_percent$$00000009  0x0000013e   Section       10  _printf_d.o(.ARM.Collect$$_printf_percent$$00000009)
    .ARM.Collect$$_printf_percent$$0000000C  0x00000148   Section       10  _printf_x.o(.ARM.Collect$$_printf_percent$$0000000C)
    .ARM.Collect$$_printf_percent$$00000017  0x00000152   Section        4  _printf_percent_end.o(.ARM.Collect$$_printf_percent$$00000017)
    .ARM.Collect$$libinit$$00000000          0x00000156   Section        2  libinit.o(.ARM.Collect$$libinit$$00000000)
    .ARM.Collect$$libinit$$00000002          0x00000158   Section        0  libinit2.o(.ARM.Collect$$libinit$$00000002)
    .ARM.Collect$$libinit$$00000004          0x00000158   Section        0  libinit2.o(.ARM.Collect$$libinit$$00000004)
    .ARM.Collect$$libinit$$0000000A          0x00000158   Section        0  libinit2.o(.ARM.Collect$$libinit$$0000000A)
    .ARM.Collect$$libinit$$0000000C          0x00000158   Section        0  libinit2.o(.ARM.Collect$$libinit$$0000000C)
    .ARM.Collect$$libinit$$0000000E          0x00000158   Section        0  libinit2.o(.ARM.Collect$$libinit$$0000000E)
    .ARM.Collect$$libinit$$00000011          0x00000158   Section        0  libinit2.o(.ARM.Collect$$libinit$$00000011)
    .ARM.Collect$$libinit$$00000013          0x00000158   Section        0  libinit2.o(.ARM.Collect$$libinit$$00000013)
    .ARM.Collect$$libinit$$00000015          0x00000158   Section        0  libinit2.o(.ARM.Collect$$libinit$$00000015)
    .ARM.Collect$$libinit$$00000017          0x00000158   Section        0  libinit2.o(.ARM.Collect$$libinit$$00000017)
    .ARM.Collect$$libinit$$00000019          0x00000158   Section        0  libinit2.o(.ARM.Collect$$libinit$$00000019)
    .ARM.Collect$$libinit$$0000001B          0x00000158   Section        0  libinit2.o(.ARM.Collect$$libinit$$0000001B)
    .ARM.Collect$$libinit$$0000001D          0x00000158   Section        0  libinit2.o(.ARM.Collect$$libinit$$0000001D)
    .ARM.Collect$$libinit$$0000001F          0x00000158   Section        0  libinit2.o(.ARM.Collect$$libinit$$0000001F)
    .ARM.Collect$$libinit$$00000021          0x00000158   Section        0  libinit2.o(.ARM.Collect$$libinit$$00000021)
    .ARM.Collect$$libinit$$00000023          0x00000158   Section        0  libinit2.o(.ARM.Collect$$libinit$$00000023)
    .ARM.Collect$$libinit$$00000025          0x00000158   Section        0  libinit2.o(.ARM.Collect$$libinit$$00000025)
    .ARM.Collect$$libinit$$0000002C          0x00000158   Section        0  libinit2.o(.ARM.Collect$$libinit$$0000002C)
    .ARM.Collect$$libinit$$0000002E          0x00000158   Section        0  libinit2.o(.ARM.Collect$$libinit$$0000002E)
    .ARM.Collect$$libinit$$00000030          0x00000158   Section        0  libinit2.o(.ARM.Collect$$libinit$$00000030)
    .ARM.Collect$$libinit$$00000032          0x00000158   Section        0  libinit2.o(.ARM.Collect$$libinit$$00000032)
    .ARM.Collect$$libinit$$00000033          0x00000158   Section        2  libinit2.o(.ARM.Collect$$libinit$$00000033)
    .ARM.Collect$$libshutdown$$00000000      0x0000015a   Section        2  libshutdown.o(.ARM.Collect$$libshutdown$$00000000)
    .ARM.Collect$$libshutdown$$00000002      0x0000015c   Section        0  libshutdown2.o(.ARM.Collect$$libshutdown$$00000002)
    .ARM.Collect$$libshutdown$$00000004      0x0000015c   Section        0  libshutdown2.o(.ARM.Collect$$libshutdown$$00000004)
    .ARM.Collect$$libshutdown$$00000007      0x0000015c   Section        0  libshutdown2.o(.ARM.Collect$$libshutdown$$00000007)
    .ARM.Collect$$libshutdown$$0000000A      0x0000015c   Section        0  libshutdown2.o(.ARM.Collect$$libshutdown$$0000000A)
    .ARM.Collect$$libshutdown$$0000000C      0x0000015c   Section        0  libshutdown2.o(.ARM.Collect$$libshutdown$$0000000C)
    .ARM.Collect$$libshutdown$$0000000F      0x0000015c   Section        0  libshutdown2.o(.ARM.Collect$$libshutdown$$0000000F)
    .ARM.Collect$$libshutdown$$00000010      0x0000015c   Section        2  libshutdown2.o(.ARM.Collect$$libshutdown$$00000010)
    .ARM.Collect$$rtentry$$00000000          0x0000015e   Section        0  __rtentry.o(.ARM.Collect$$rtentry$$00000000)
    .ARM.Collect$$rtentry$$00000002          0x0000015e   Section        0  __rtentry2.o(.ARM.Collect$$rtentry$$00000002)
    .ARM.Collect$$rtentry$$00000004          0x0000015e   Section        6  __rtentry4.o(.ARM.Collect$$rtentry$$00000004)
    .ARM.Collect$$rtentry$$00000009          0x00000164   Section        0  __rtentry2.o(.ARM.Collect$$rtentry$$00000009)
    .ARM.Collect$$rtentry$$0000000A          0x00000164   Section        4  __rtentry2.o(.ARM.Collect$$rtentry$$0000000A)
    .ARM.Collect$$rtentry$$0000000C          0x00000168   Section        0  __rtentry2.o(.ARM.Collect$$rtentry$$0000000C)
    .ARM.Collect$$rtentry$$0000000D          0x00000168   Section        8  __rtentry2.o(.ARM.Collect$$rtentry$$0000000D)
    .ARM.Collect$$rtexit$$00000000           0x00000170   Section        2  rtexit.o(.ARM.Collect$$rtexit$$00000000)
    .ARM.Collect$$rtexit$$00000002           0x00000172   Section        0  rtexit2.o(.ARM.Collect$$rtexit$$00000002)
    .ARM.Collect$$rtexit$$00000003           0x00000172   Section        4  rtexit2.o(.ARM.Collect$$rtexit$$00000003)
    .ARM.Collect$$rtexit$$00000004           0x00000176   Section        6  rtexit2.o(.ARM.Collect$$rtexit$$00000004)
    .emb_text                                0x0000017c   Section       28  retarget.o(.emb_text)
    .emb_text                                0x00000198   Section       56  rt_memcpy.o(.emb_text)
    .text                                    0x000001d0   Section      120  startup_nano103.o(.text)
    Default_Handler                          0x00000203   Thumb Code     2  startup_nano103.o(.text)
    .text                                    0x00000248   Section        0  noretval__2printf.o(.text)
    .text                                    0x00000264   Section        0  _printf_dec.o(.text)
    .text                                    0x000002d0   Section        0  _printf_hex_int.o(.text)
    .text                                    0x00000328   Section        0  __printf_flags_wp.o(.text)
    .text                                    0x00000460   Section      346  aeabi_sdiv.o(.text)
    .text                                    0x000005ba   Section        0  heapauxi.o(.text)
    .text                                    0x000005c0   Section        0  _printf_intcommon.o(.text)
    .text                                    0x00000670   Section        0  _printf_char_file.o(.text)
    .text                                    0x00000698   Section        0  rtudiv10.o(.text)
    .text                                    0x000006c0   Section        8  libspace.o(.text)
    .text                                    0x000006c8   Section        0  _printf_char_common.o(.text)
    _printf_input_char                       0x000006c9   Thumb Code    10  _printf_char_common.o(.text)
    .text                                    0x000006f8   Section        2  use_no_semi.o(.text)
    .text                                    0x000006fa   Section       62  sys_stackheap_outer.o(.text)
    .text                                    0x000006fa   Section        0  indicate_semi.o(.text)
    .text                                    0x00000738   Section        0  exit.o(.text)
    .text                                    0x00000748   Section        0  sys_exit.o(.text)
    i.CLK_EnableModuleClock                  0x00000754   Section        0  clk.o(i.CLK_EnableModuleClock)
    i.CLK_EnableXtalRC                       0x00000770   Section        0  clk.o(i.CLK_EnableXtalRC)
    i.CLK_GetCPUFreq                         0x00000780   Section        0  clk.o(i.CLK_GetCPUFreq)
    i.CLK_GetHCLKFreq                        0x00000790   Section        0  clk.o(i.CLK_GetHCLKFreq)
    i.CLK_GetHXTFreq                         0x000007a0   Section        0  clk.o(i.CLK_GetHXTFreq)
    i.CLK_GetLXTFreq                         0x000007b4   Section        0  clk.o(i.CLK_GetLXTFreq)
    i.CLK_GetPCLK0Freq                       0x000007cc   Section        0  clk.o(i.CLK_GetPCLK0Freq)
    i.CLK_GetPCLK1Freq                       0x00000804   Section        0  clk.o(i.CLK_GetPCLK1Freq)
    i.CLK_GetPLLClockFreq                    0x0000083c   Section        0  clk.o(i.CLK_GetPLLClockFreq)
    i.CLK_SetHCLK                            0x000008a0   Section        0  clk.o(i.CLK_SetHCLK)
    i.CLK_SetModuleClock                     0x000008c4   Section        0  clk.o(i.CLK_SetModuleClock)
    i.CLK_SysTickDelay                       0x00000914   Section        0  clk.o(i.CLK_SysTickDelay)
    i.CLK_WaitClockReady                     0x00000938   Section        0  clk.o(i.CLK_WaitClockReady)
    i.CameraDelay                            0x00000964   Section        0  portable.o(i.CameraDelay)
    i.CameraUartRead                         0x00000974   Section        0  portable.o(i.CameraUartRead)
    i.CameraUartWrite                        0x0000099c   Section        0  portable.o(i.CameraUartWrite)
    i.ClkSetup                               0x000009b0   Section        0  user_lib.o(i.ClkSetup)
    i.DelayUs                                0x00000a3c   Section        0  user_lib.o(i.DelayUs)
    i.FIFO_ByteIn                            0x00000a74   Section        0  fifo.o(i.FIFO_ByteIn)
    i.FIFO_CmdCheck                          0x00000aa4   Section        0  fifo.o(i.FIFO_CmdCheck)
    i.FIFO_New                               0x00000b48   Section        0  fifo.o(i.FIFO_New)
    i.FIFO_ReadData                          0x00000b9c   Section        0  fifo.o(i.FIFO_ReadData)
    i.FIFO_Rst                               0x00000bb2   Section        0  fifo.o(i.FIFO_Rst)
    i.FIFO_WaitData                          0x00000bbc   Section        0  fifo.o(i.FIFO_WaitData)
    i.GPABC_IRQHandler                       0x00000bec   Section        0  irq.o(i.GPABC_IRQHandler)
    i.GPIO_EnableInt                         0x00000c34   Section        0  gpio.o(i.GPIO_EnableInt)
    i.GPIO_SetMode                           0x00000c4e   Section        0  gpio.o(i.GPIO_SetMode)
    i.GpioSetup                              0x00000c78   Section        0  user_lib.o(i.GpioSetup)
    i.Hard_Fault_Handler                     0x00000d1c   Section        0  retarget.o(i.Hard_Fault_Handler)
    __tagsym$$used                           0x00000d1d   Number         0  retarget.o(i.Hard_Fault_Handler)
    i.NVIC_Init                              0x00000d44   Section        0  irq.o(i.NVIC_Init)
    i.OV528_GetPacket                        0x00000d58   Section        0  cj_ov528.o(i.OV528_GetPacket)
    i.OV528_GetPictue                        0x00000e4c   Section        0  cj_ov528.o(i.OV528_GetPictue)
    i.OV528_Init                             0x00000f18   Section        0  cj_ov528.o(i.OV528_Init)
    i.OV528_New                              0x00000f94   Section        0  cj_ov528.o(i.OV528_New)
    i.OV528_SNYC                             0x00000fb8   Section        0  cj_ov528.o(i.OV528_SNYC)
    i.OV528_SetPacketSize                    0x00001024   Section        0  cj_ov528.o(i.OV528_SetPacketSize)
    i.OV528_Snapshout                        0x0000109c   Section        0  cj_ov528.o(i.OV528_Snapshout)
    i.PinSetup                               0x00001118   Section        0  user_lib.o(i.PinSetup)
    i.SendChar_ToUART                        0x00001164   Section        0  retarget.o(i.SendChar_ToUART)
    i.SysGet_HCLKFreq                        0x00001184   Section        0  system_nano103.o(i.SysGet_HCLKFreq)
    i.SysGet_PLLClockFreq                    0x000011f8   Section        0  system_nano103.o(i.SysGet_PLLClockFreq)
    i.SystemCoreClockUpdate                  0x0000125c   Section        0  system_nano103.o(i.SystemCoreClockUpdate)
    i.SystemInit                             0x0000127c   Section        0  system_nano103.o(i.SystemInit)
    i.TMR0_IRQHandler                        0x000012c0   Section        0  irq.o(i.TMR0_IRQHandler)
    i.UART1_IRQHandler                       0x000012cc   Section        0  irq.o(i.UART1_IRQHandler)
    i.UART_ClearIntFlag                      0x00001318   Section        0  uart.o(i.UART_ClearIntFlag)
    i.UART_EnableInt                         0x00001356   Section        0  uart.o(i.UART_EnableInt)
    i.UART_Open                              0x00001360   Section        0  uart.o(i.UART_Open)
    i.UART_Read                              0x000013b0   Section        0  uart.o(i.UART_Read)
    i.UART_SetTimeoutCnt                     0x000013dc   Section        0  uart.o(i.UART_SetTimeoutCnt)
    i.UART_Write                             0x000013f0   Section        0  uart.o(i.UART_Write)
    i.UartSetup                              0x0000141c   Section        0  user_lib.o(i.UartSetup)
    i._UART_GetUartClk                       0x0000155c   Section        0  uart.o(i._UART_GetUartClk)
    i._is_digit                              0x000015f0   Section        0  __printf_wp.o(i._is_digit)
    i.ferror                                 0x000015fe   Section        0  retarget.o(i.ferror)
    i.fputc                                  0x00001604   Section        0  retarget.o(i.fputc)
    i.main                                   0x00001610   Section        0  main.o(i.main)
    i.stackDump                              0x000016fc   Section        0  retarget.o(i.stackDump)
    i.vMemAlloc                              0x000017a4   Section        0  vmemalloc.o(i.vMemAlloc)
    i.vMemInit                               0x0000183c   Section        0  vmemalloc.o(i.vMemInit)
    vMemInit                                 0x0000183d   Thumb Code    62  vmemalloc.o(i.vMemInit)
    .constdata                               0x00001888   Section       64  clk.o(.constdata)
    .constdata                               0x000018c8   Section       40  _printf_hex_int.o(.constdata)
    uc_hextab                                0x000018c8   Data          20  _printf_hex_int.o(.constdata)
    lc_hextab                                0x000018dc   Data          20  _printf_hex_int.o(.constdata)
    .constdata                               0x000018f0   Section       17  __printf_flags_wp.o(.constdata)
    maptable                                 0x000018f0   Data          17  __printf_flags_wp.o(.constdata)
    .data                                    0x20000000   Section        2  main.o(.data)
    .data                                    0x20000004   Section        8  system_nano103.o(.data)
    .data                                    0x2000000c   Section        4  retarget.o(.data)
    .data                                    0x20000010   Section        4  fifo.o(.data)
    .data                                    0x20000014   Section        1  user_lib.o(.data)
    .data                                    0x20000015   Section        1  user_lib.o(.data)
    .data                                    0x20000016   Section        1  user_lib.o(.data)
    .data                                    0x20000018   Section        4  user_lib.o(.data)
    .data                                    0x2000001c   Section        4  user_lib.o(.data)
    .data                                    0x20000020   Section       16  vmemalloc.o(.data)
    FreeSize                                 0x20000020   Data           4  vmemalloc.o(.data)
    .bss                                     0x20000030   Section     1000  main.o(.bss)
    .bss                                     0x20000418   Section     3000  vmemalloc.o(.bss)
    memArr                                   0x20000418   Data        3000  vmemalloc.o(.bss)
    .bss                                     0x20000fd0   Section       96  libspace.o(.bss)
    HEAP                                     0x20001030   Section      512  startup_nano103.o(HEAP)
    Heap_Mem                                 0x20001030   Data         512  startup_nano103.o(HEAP)
    STACK                                    0x20001230   Section     1024  startup_nano103.o(STACK)
    Stack_Mem                                0x20001230   Data        1024  startup_nano103.o(STACK)
    __initial_sp                             0x20001630   Data           0  startup_nano103.o(STACK)

    Global Symbols

    Symbol Name                              Value     Ov Type        Size  Object(Section)

    BuildAttributes$$THM_ISAv3M$S$PE$A:L22$X:L11$S22$IEEE1$IW$USESV6$~STKCKD$USESV7$~SHL$OTIME$ROPI$IEEEJ$EBA8$UX$STANDARDLIB$REQ8$PRES8$EABIv2 0x00000000   Number         0  anon$$obj.o ABSOLUTE
    __ARM_use_no_argv                        0x00000000   Number         0  main.o ABSOLUTE
    __Vectors                                0x00000000   Data           4  startup_nano103.o(RESET)
    _printf_flags                            0x00000000   Number         0  printf_stubs.o ABSOLUTE
    _printf_return_value                     0x00000000   Number         0  printf_stubs.o ABSOLUTE
    _printf_sizespec                         0x00000000   Number         0  printf_stubs.o ABSOLUTE
    _printf_widthprec                        0x00000000   Number         0  printf_stubs.o ABSOLUTE
    __ARM_exceptions_init                     - Undefined Weak Reference
    __alloca_initialize                       - Undefined Weak Reference
    __arm_preinit_                            - Undefined Weak Reference
    __cpp_initialize__aeabi_                  - Undefined Weak Reference
    __cxa_finalize                            - Undefined Weak Reference
    __sigvec_lookup                           - Undefined Weak Reference
    __user_heap_extent                        - Undefined Weak Reference
    _atexit_init                              - Undefined Weak Reference
    _call_atexit_fns                          - Undefined Weak Reference
    _clock_init                               - Undefined Weak Reference
    _fp_trap_init                             - Undefined Weak Reference
    _fp_trap_shutdown                         - Undefined Weak Reference
    _get_lc_collate                           - Undefined Weak Reference
    _get_lc_ctype                             - Undefined Weak Reference
    _get_lc_monetary                          - Undefined Weak Reference
    _get_lc_time                              - Undefined Weak Reference
    _getenv_init                              - Undefined Weak Reference
    _handle_redirection                       - Undefined Weak Reference
    _initio                                   - Undefined Weak Reference
    _mutex_acquire                            - Undefined Weak Reference
    _mutex_free                               - Undefined Weak Reference
    _mutex_release                            - Undefined Weak Reference
    _printf_mbtowc                            - Undefined Weak Reference
    _printf_post_padding                      - Undefined Weak Reference
    _printf_pre_padding                       - Undefined Weak Reference
    _printf_truncate_signed                   - Undefined Weak Reference
    _printf_truncate_unsigned                 - Undefined Weak Reference
    _rand_init                                - Undefined Weak Reference
    _signal_finish                            - Undefined Weak Reference
    _signal_init                              - Undefined Weak Reference
    _terminateio                              - Undefined Weak Reference
    __main                                   0x000000c1   Thumb Code     8  __main.o(!!!main)
    __scatterload                            0x000000c9   Thumb Code     0  __scatter.o(!!!scatter)
    __scatterload_rt2                        0x000000c9   Thumb Code    52  __scatter.o(!!!scatter)
    __scatterload_rt2_thumb_only             0x000000c9   Thumb Code     0  __scatter.o(!!!scatter)
    __scatterload_null                       0x000000d9   Thumb Code     0  __scatter.o(!!!scatter)
    __scatterload_copy                       0x00000105   Thumb Code    26  __scatter_copy.o(!!handler_copy)
    __scatterload_zeroinit                   0x00000121   Thumb Code    28  __scatter_zi.o(!!handler_zi)
    _printf_percent                          0x0000013d   Thumb Code     0  _printf_percent.o(.ARM.Collect$$_printf_percent$$00000000)
    _printf_d                                0x0000013f   Thumb Code     0  _printf_d.o(.ARM.Collect$$_printf_percent$$00000009)
    _printf_x                                0x00000149   Thumb Code     0  _printf_x.o(.ARM.Collect$$_printf_percent$$0000000C)
    _printf_percent_end                      0x00000153   Thumb Code     0  _printf_percent_end.o(.ARM.Collect$$_printf_percent$$00000017)
    __rt_lib_init                            0x00000157   Thumb Code     0  libinit.o(.ARM.Collect$$libinit$$00000000)
    __rt_lib_init_alloca_1                   0x00000159   Thumb Code     0  libinit2.o(.ARM.Collect$$libinit$$0000002E)
    __rt_lib_init_argv_1                     0x00000159   Thumb Code     0  libinit2.o(.ARM.Collect$$libinit$$0000002C)
    __rt_lib_init_atexit_1                   0x00000159   Thumb Code     0  libinit2.o(.ARM.Collect$$libinit$$0000001B)
    __rt_lib_init_clock_1                    0x00000159   Thumb Code     0  libinit2.o(.ARM.Collect$$libinit$$00000021)
    __rt_lib_init_cpp_1                      0x00000159   Thumb Code     0  libinit2.o(.ARM.Collect$$libinit$$00000032)
    __rt_lib_init_exceptions_1               0x00000159   Thumb Code     0  libinit2.o(.ARM.Collect$$libinit$$00000030)
    __rt_lib_init_fp_1                       0x00000159   Thumb Code     0  libinit2.o(.ARM.Collect$$libinit$$00000002)
    __rt_lib_init_fp_trap_1                  0x00000159   Thumb Code     0  libinit2.o(.ARM.Collect$$libinit$$0000001F)
    __rt_lib_init_getenv_1                   0x00000159   Thumb Code     0  libinit2.o(.ARM.Collect$$libinit$$00000023)
    __rt_lib_init_heap_1                     0x00000159   Thumb Code     0  libinit2.o(.ARM.Collect$$libinit$$0000000A)
    __rt_lib_init_lc_collate_1               0x00000159   Thumb Code     0  libinit2.o(.ARM.Collect$$libinit$$00000011)
    __rt_lib_init_lc_ctype_1                 0x00000159   Thumb Code     0  libinit2.o(.ARM.Collect$$libinit$$00000013)
    __rt_lib_init_lc_monetary_1              0x00000159   Thumb Code     0  libinit2.o(.ARM.Collect$$libinit$$00000015)
    __rt_lib_init_lc_numeric_1               0x00000159   Thumb Code     0  libinit2.o(.ARM.Collect$$libinit$$00000017)
    __rt_lib_init_lc_time_1                  0x00000159   Thumb Code     0  libinit2.o(.ARM.Collect$$libinit$$00000019)
    __rt_lib_init_preinit_1                  0x00000159   Thumb Code     0  libinit2.o(.ARM.Collect$$libinit$$00000004)
    __rt_lib_init_rand_1                     0x00000159   Thumb Code     0  libinit2.o(.ARM.Collect$$libinit$$0000000E)
    __rt_lib_init_return                     0x00000159   Thumb Code     0  libinit2.o(.ARM.Collect$$libinit$$00000033)
    __rt_lib_init_signal_1                   0x00000159   Thumb Code     0  libinit2.o(.ARM.Collect$$libinit$$0000001D)
    __rt_lib_init_stdio_1                    0x00000159   Thumb Code     0  libinit2.o(.ARM.Collect$$libinit$$00000025)
    __rt_lib_init_user_alloc_1               0x00000159   Thumb Code     0  libinit2.o(.ARM.Collect$$libinit$$0000000C)
    __rt_lib_shutdown                        0x0000015b   Thumb Code     0  libshutdown.o(.ARM.Collect$$libshutdown$$00000000)
    __rt_lib_shutdown_cpp_1                  0x0000015d   Thumb Code     0  libshutdown2.o(.ARM.Collect$$libshutdown$$00000002)
    __rt_lib_shutdown_fp_trap_1              0x0000015d   Thumb Code     0  libshutdown2.o(.ARM.Collect$$libshutdown$$00000007)
    __rt_lib_shutdown_heap_1                 0x0000015d   Thumb Code     0  libshutdown2.o(.ARM.Collect$$libshutdown$$0000000F)
    __rt_lib_shutdown_return                 0x0000015d   Thumb Code     0  libshutdown2.o(.ARM.Collect$$libshutdown$$00000010)
    __rt_lib_shutdown_signal_1               0x0000015d   Thumb Code     0  libshutdown2.o(.ARM.Collect$$libshutdown$$0000000A)
    __rt_lib_shutdown_stdio_1                0x0000015d   Thumb Code     0  libshutdown2.o(.ARM.Collect$$libshutdown$$00000004)
    __rt_lib_shutdown_user_alloc_1           0x0000015d   Thumb Code     0  libshutdown2.o(.ARM.Collect$$libshutdown$$0000000C)
    __rt_entry                               0x0000015f   Thumb Code     0  __rtentry.o(.ARM.Collect$$rtentry$$00000000)
    __rt_entry_presh_1                       0x0000015f   Thumb Code     0  __rtentry2.o(.ARM.Collect$$rtentry$$00000002)
    __rt_entry_sh                            0x0000015f   Thumb Code     0  __rtentry4.o(.ARM.Collect$$rtentry$$00000004)
    __rt_entry_li                            0x00000165   Thumb Code     0  __rtentry2.o(.ARM.Collect$$rtentry$$0000000A)
    __rt_entry_postsh_1                      0x00000165   Thumb Code     0  __rtentry2.o(.ARM.Collect$$rtentry$$00000009)
    __rt_entry_main                          0x00000169   Thumb Code     0  __rtentry2.o(.ARM.Collect$$rtentry$$0000000D)
    __rt_entry_postli_1                      0x00000169   Thumb Code     0  __rtentry2.o(.ARM.Collect$$rtentry$$0000000C)
    __rt_exit                                0x00000171   Thumb Code     0  rtexit.o(.ARM.Collect$$rtexit$$00000000)
    __rt_exit_ls                             0x00000173   Thumb Code     0  rtexit2.o(.ARM.Collect$$rtexit$$00000003)
    __rt_exit_prels_1                        0x00000173   Thumb Code     0  rtexit2.o(.ARM.Collect$$rtexit$$00000002)
    __rt_exit_exit                           0x00000177   Thumb Code     0  rtexit2.o(.ARM.Collect$$rtexit$$00000004)
    HardFault_Handler                        0x0000017d   Thumb Code    24  retarget.o(.emb_text)
    __aeabi_memcpy4                          0x00000199   Thumb Code    56  rt_memcpy.o(.emb_text)
    __aeabi_memcpy8                          0x00000199   Thumb Code     0  rt_memcpy.o(.emb_text)
    Reset_Handler                            0x000001d1   Thumb Code    40  startup_nano103.o(.text)
    NMI_Handler                              0x000001f9   Thumb Code     2  startup_nano103.o(.text)
    SVC_Handler                              0x000001fd   Thumb Code     2  startup_nano103.o(.text)
    PendSV_Handler                           0x000001ff   Thumb Code     2  startup_nano103.o(.text)
    SysTick_Handler                          0x00000201   Thumb Code     2  startup_nano103.o(.text)
    ACMP_IRQHandler                          0x00000203   Thumb Code     0  startup_nano103.o(.text)
    ADC_IRQHandler                           0x00000203   Thumb Code     0  startup_nano103.o(.text)
    BOD_IRQHandler                           0x00000203   Thumb Code     0  startup_nano103.o(.text)
    EINT0_IRQHandler                         0x00000203   Thumb Code     0  startup_nano103.o(.text)
    EINT1_IRQHandler                         0x00000203   Thumb Code     0  startup_nano103.o(.text)
    GPDEF_IRQHandler                         0x00000203   Thumb Code     0  startup_nano103.o(.text)
    HIRC_IRQHandler                          0x00000203   Thumb Code     0  startup_nano103.o(.text)
    I2C0_IRQHandler                          0x00000203   Thumb Code     0  startup_nano103.o(.text)
    I2C1_IRQHandler                          0x00000203   Thumb Code     0  startup_nano103.o(.text)
    PDMA_IRQHandler                          0x00000203   Thumb Code     0  startup_nano103.o(.text)
    PDWU_IRQHandler                          0x00000203   Thumb Code     0  startup_nano103.o(.text)
    PWM0_IRQHandler                          0x00000203   Thumb Code     0  startup_nano103.o(.text)
    RTC_IRQHandler                           0x00000203   Thumb Code     0  startup_nano103.o(.text)
    SC0_IRQHandler                           0x00000203   Thumb Code     0  startup_nano103.o(.text)
    SC1_IRQHandler                           0x00000203   Thumb Code     0  startup_nano103.o(.text)
    SPI0_IRQHandler                          0x00000203   Thumb Code     0  startup_nano103.o(.text)
    SPI1_IRQHandler                          0x00000203   Thumb Code     0  startup_nano103.o(.text)
    SPI2_IRQHandler                          0x00000203   Thumb Code     0  startup_nano103.o(.text)
    SPI3_IRQHandler                          0x00000203   Thumb Code     0  startup_nano103.o(.text)
    TMR1_IRQHandler                          0x00000203   Thumb Code     0  startup_nano103.o(.text)
    TMR2_IRQHandler                          0x00000203   Thumb Code     0  startup_nano103.o(.text)
    TMR3_IRQHandler                          0x00000203   Thumb Code     0  startup_nano103.o(.text)
    UART0_IRQHandler                         0x00000203   Thumb Code     0  startup_nano103.o(.text)
    WDT_IRQHandler                           0x00000203   Thumb Code     0  startup_nano103.o(.text)
    __user_initial_stackheap                 0x00000205   Thumb Code     0  startup_nano103.o(.text)
    __2printf                                0x00000249   Thumb Code    22  noretval__2printf.o(.text)
    _printf_int_dec                          0x00000265   Thumb Code    90  _printf_dec.o(.text)
    _printf_int_hex                          0x000002d1   Thumb Code    84  _printf_hex_int.o(.text)
    _printf_longlong_hex                     0x000002d1   Thumb Code     0  _printf_hex_int.o(.text)
    __printf                                 0x00000329   Thumb Code   306  __printf_flags_wp.o(.text)
    __aeabi_uidiv                            0x00000461   Thumb Code     0  aeabi_sdiv.o(.text)
    __aeabi_uidivmod                         0x00000461   Thumb Code    20  aeabi_sdiv.o(.text)
    __aeabi_idiv                             0x00000475   Thumb Code     0  aeabi_sdiv.o(.text)
    __aeabi_idivmod                          0x00000475   Thumb Code   326  aeabi_sdiv.o(.text)
    __use_two_region_memory                  0x000005bb   Thumb Code     2  heapauxi.o(.text)
    __rt_heap_escrow                         0x000005bd   Thumb Code     2  heapauxi.o(.text)
    __rt_heap_expand                         0x000005bf   Thumb Code     2  heapauxi.o(.text)
    _printf_int_common                       0x000005c1   Thumb Code   176  _printf_intcommon.o(.text)
    _printf_char_file                        0x00000671   Thumb Code    34  _printf_char_file.o(.text)
    __rt_udiv10                              0x00000699   Thumb Code    40  rtudiv10.o(.text)
    __user_libspace                          0x000006c1   Thumb Code     8  libspace.o(.text)
    __user_perproc_libspace                  0x000006c1   Thumb Code     0  libspace.o(.text)
    __user_perthread_libspace                0x000006c1   Thumb Code     0  libspace.o(.text)
    _printf_char_common                      0x000006d3   Thumb Code    32  _printf_char_common.o(.text)
    __I$use$semihosting                      0x000006f9   Thumb Code     0  use_no_semi.o(.text)
    __use_no_semihosting_swi                 0x000006f9   Thumb Code     2  use_no_semi.o(.text)
    __semihosting_library_function           0x000006fb   Thumb Code     0  indicate_semi.o(.text)
    __user_setup_stackheap                   0x000006fb   Thumb Code    62  sys_stackheap_outer.o(.text)
    exit                                     0x00000739   Thumb Code    16  exit.o(.text)
    _sys_exit                                0x00000749   Thumb Code     8  sys_exit.o(.text)
    CLK_EnableModuleClock                    0x00000755   Thumb Code    24  clk.o(i.CLK_EnableModuleClock)
    CLK_EnableXtalRC                         0x00000771   Thumb Code    10  clk.o(i.CLK_EnableXtalRC)
    CLK_GetCPUFreq                           0x00000781   Thumb Code    12  clk.o(i.CLK_GetCPUFreq)
    CLK_GetHCLKFreq                          0x00000791   Thumb Code    12  clk.o(i.CLK_GetHCLKFreq)
    CLK_GetHXTFreq                           0x000007a1   Thumb Code    12  clk.o(i.CLK_GetHXTFreq)
    CLK_GetLXTFreq                           0x000007b5   Thumb Code    18  clk.o(i.CLK_GetLXTFreq)
    CLK_GetPCLK0Freq                         0x000007cd   Thumb Code    44  clk.o(i.CLK_GetPCLK0Freq)
    CLK_GetPCLK1Freq                         0x00000805   Thumb Code    44  clk.o(i.CLK_GetPCLK1Freq)
    CLK_GetPLLClockFreq                      0x0000083d   Thumb Code    74  clk.o(i.CLK_GetPLLClockFreq)
    CLK_SetHCLK                              0x000008a1   Thumb Code    30  clk.o(i.CLK_SetHCLK)
    CLK_SetModuleClock                       0x000008c5   Thumb Code    74  clk.o(i.CLK_SetModuleClock)
    CLK_SysTickDelay                         0x00000915   Thumb Code    28  clk.o(i.CLK_SysTickDelay)
    CLK_WaitClockReady                       0x00000939   Thumb Code    34  clk.o(i.CLK_WaitClockReady)
    CameraDelay                              0x00000965   Thumb Code    14  portable.o(i.CameraDelay)
    CameraUartRead                           0x00000975   Thumb Code    32  portable.o(i.CameraUartRead)
    CameraUartWrite                          0x0000099d   Thumb Code    14  portable.o(i.CameraUartWrite)
    ClkSetup                                 0x000009b1   Thumb Code   118  user_lib.o(i.ClkSetup)
    DelayUs                                  0x00000a3d   Thumb Code    50  user_lib.o(i.DelayUs)
    FIFO_ByteIn                              0x00000a75   Thumb Code    48  fifo.o(i.FIFO_ByteIn)
    FIFO_CmdCheck                            0x00000aa5   Thumb Code   160  fifo.o(i.FIFO_CmdCheck)
    FIFO_New                                 0x00000b49   Thumb Code    58  fifo.o(i.FIFO_New)
    FIFO_ReadData                            0x00000b9d   Thumb Code    22  fifo.o(i.FIFO_ReadData)
    FIFO_Rst                                 0x00000bb3   Thumb Code    10  fifo.o(i.FIFO_Rst)
    FIFO_WaitData                            0x00000bbd   Thumb Code    44  fifo.o(i.FIFO_WaitData)
    GPABC_IRQHandler                         0x00000bed   Thumb Code    56  irq.o(i.GPABC_IRQHandler)
    GPIO_EnableInt                           0x00000c35   Thumb Code    26  gpio.o(i.GPIO_EnableInt)
    GPIO_SetMode                             0x00000c4f   Thumb Code    40  gpio.o(i.GPIO_SetMode)
    GpioSetup                                0x00000c79   Thumb Code   156  user_lib.o(i.GpioSetup)
    Hard_Fault_Handler                       0x00000d1d   Thumb Code    16  retarget.o(i.Hard_Fault_Handler)
    NVIC_Init                                0x00000d45   Thumb Code    16  irq.o(i.NVIC_Init)
    OV528_GetPacket                          0x00000d59   Thumb Code   230  cj_ov528.o(i.OV528_GetPacket)
    OV528_GetPictue                          0x00000e4d   Thumb Code   188  cj_ov528.o(i.OV528_GetPictue)
    OV528_Init                               0x00000f19   Thumb Code   108  cj_ov528.o(i.OV528_Init)
    OV528_New                                0x00000f95   Thumb Code    34  cj_ov528.o(i.OV528_New)
    OV528_SNYC                               0x00000fb9   Thumb Code    92  cj_ov528.o(i.OV528_SNYC)
    OV528_SetPacketSize                      0x00001025   Thumb Code   102  cj_ov528.o(i.OV528_SetPacketSize)
    OV528_Snapshout                          0x0000109d   Thumb Code   108  cj_ov528.o(i.OV528_Snapshout)
    PinSetup                                 0x00001119   Thumb Code    60  user_lib.o(i.PinSetup)
    SendChar_ToUART                          0x00001165   Thumb Code    26  retarget.o(i.SendChar_ToUART)
    SysGet_HCLKFreq                          0x00001185   Thumb Code    88  system_nano103.o(i.SysGet_HCLKFreq)
    SysGet_PLLClockFreq                      0x000011f9   Thumb Code    74  system_nano103.o(i.SysGet_PLLClockFreq)
    SystemCoreClockUpdate                    0x0000125d   Thumb Code    24  system_nano103.o(i.SystemCoreClockUpdate)
    SystemInit                               0x0000127d   Thumb Code    42  system_nano103.o(i.SystemInit)
    TMR0_IRQHandler                          0x000012c1   Thumb Code     8  irq.o(i.TMR0_IRQHandler)
    UART1_IRQHandler                         0x000012cd   Thumb Code    66  irq.o(i.UART1_IRQHandler)
    UART_ClearIntFlag                        0x00001319   Thumb Code    62  uart.o(i.UART_ClearIntFlag)
    UART_EnableInt                           0x00001357   Thumb Code     8  uart.o(i.UART_EnableInt)
    UART_Open                                0x00001361   Thumb Code    74  uart.o(i.UART_Open)
    UART_Read                                0x000013b1   Thumb Code    44  uart.o(i.UART_Read)
    UART_SetTimeoutCnt                       0x000013dd   Thumb Code    20  uart.o(i.UART_SetTimeoutCnt)
    UART_Write                               0x000013f1   Thumb Code    44  uart.o(i.UART_Write)
    UartSetup                                0x0000141d   Thumb Code   164  user_lib.o(i.UartSetup)
    _UART_GetUartClk                         0x0000155d   Thumb Code   114  uart.o(i._UART_GetUartClk)
    _is_digit                                0x000015f1   Thumb Code    14  __printf_wp.o(i._is_digit)
    ferror                                   0x000015ff   Thumb Code     6  retarget.o(i.ferror)
    fputc                                    0x00001605   Thumb Code    12  retarget.o(i.fputc)
    main                                     0x00001611   Thumb Code   192  main.o(i.main)
    stackDump                                0x000016fd   Thumb Code    70  retarget.o(i.stackDump)
    vMemAlloc                                0x000017a5   Thumb Code   146  vmemalloc.o(i.vMemAlloc)
    Region$$Table$$Base                      0x00001904   Number         0  anon$$obj.o(Region$$Table)
    Region$$Table$$Limit                     0x00001924   Number         0  anon$$obj.o(Region$$Table)
    size                                     0x20000000   Data           2  main.o(.data)
    SystemCoreClock                          0x20000004   Data           4  system_nano103.o(.data)
    CyclesPerUs                              0x20000008   Data           4  system_nano103.o(.data)
    __stdout                                 0x2000000c   Data           4  retarget.o(.data)
    FIFO_CntTime                             0x20000010   Data           4  fifo.o(.data)
    g_u8ButtonInterruptFlag                  0x20000014   Data           1  user_lib.o(.data)
    g_u8ExtInterruptFlag                     0x20000015   Data           1  user_lib.o(.data)
    g_u8NrfInterruptFlag                     0x20000016   Data           1  user_lib.o(.data)
    g_stUart1_buf                            0x20000018   Data           4  user_lib.o(.data)
    g_stOv528_s0                             0x2000001c   Data           4  user_lib.o(.data)
    pxEnd                                    0x20000024   Data           4  vmemalloc.o(.data)
    pxStart                                  0x20000028   Data           8  vmemalloc.o(.data)
    dataTemp                                 0x20000030   Data        1000  main.o(.bss)
    __libspace_start                         0x20000fd0   Data          96  libspace.o(.bss)
    __temporary_stack_top$libspace           0x20001030   Data           0  libspace.o(.bss)



==============================================================================

Memory Map of the image

  Image Entry point : 0x000001d1

  Load Region LR_1 (Base: 0x00000000, Size: 0x00001954, Max: 0xffffffff, ABSOLUTE)

    Execution Region ER_RO (Exec base: 0x00000000, Load base: 0x00000000, Size: 0x00001924, Max: 0xffffffff, ABSOLUTE)

    Exec Addr    Load Addr    Size         Type   Attr      Idx    E Section Name        Object

    0x00000000   0x00000000   0x000000c0   Data   RO          267    RESET               startup_nano103.o
    0x000000c0   0x000000c0   0x00000008   Code   RO         2776  * !!!main             c_p.l(__main.o)
    0x000000c8   0x000000c8   0x0000003c   Code   RO         3041    !!!scatter          c_p.l(__scatter.o)
    0x00000104   0x00000104   0x0000001a   Code   RO         3043    !!handler_copy      c_p.l(__scatter_copy.o)
    0x0000011e   0x0000011e   0x00000002   PAD
    0x00000120   0x00000120   0x0000001c   Code   RO         3045    !!handler_zi        c_p.l(__scatter_zi.o)
    0x0000013c   0x0000013c   0x00000002   Code   RO         2765    .ARM.Collect$$_printf_percent$$00000000  c_p.l(_printf_percent.o)
    0x0000013e   0x0000013e   0x0000000a   Code   RO         2763    .ARM.Collect$$_printf_percent$$00000009  c_p.l(_printf_d.o)
    0x00000148   0x00000148   0x0000000a   Code   RO         2762    .ARM.Collect$$_printf_percent$$0000000C  c_p.l(_printf_x.o)
    0x00000152   0x00000152   0x00000004   Code   RO         2833    .ARM.Collect$$_printf_percent$$00000017  c_p.l(_printf_percent_end.o)
    0x00000156   0x00000156   0x00000002   Code   RO         2981    .ARM.Collect$$libinit$$00000000  c_p.l(libinit.o)
    0x00000158   0x00000158   0x00000000   Code   RO         2839    .ARM.Collect$$libinit$$00000002  c_p.l(libinit2.o)
    0x00000158   0x00000158   0x00000000   Code   RO         2841    .ARM.Collect$$libinit$$00000004  c_p.l(libinit2.o)
    0x00000158   0x00000158   0x00000000   Code   RO         2844    .ARM.Collect$$libinit$$0000000A  c_p.l(libinit2.o)
    0x00000158   0x00000158   0x00000000   Code   RO         2846    .ARM.Collect$$libinit$$0000000C  c_p.l(libinit2.o)
    0x00000158   0x00000158   0x00000000   Code   RO         2848    .ARM.Collect$$libinit$$0000000E  c_p.l(libinit2.o)
    0x00000158   0x00000158   0x00000000   Code   RO         2851    .ARM.Collect$$libinit$$00000011  c_p.l(libinit2.o)
    0x00000158   0x00000158   0x00000000   Code   RO         2853    .ARM.Collect$$libinit$$00000013  c_p.l(libinit2.o)
    0x00000158   0x00000158   0x00000000   Code   RO         2855    .ARM.Collect$$libinit$$00000015  c_p.l(libinit2.o)
    0x00000158   0x00000158   0x00000000   Code   RO         2857    .ARM.Collect$$libinit$$00000017  c_p.l(libinit2.o)
    0x00000158   0x00000158   0x00000000   Code   RO         2859    .ARM.Collect$$libinit$$00000019  c_p.l(libinit2.o)
    0x00000158   0x00000158   0x00000000   Code   RO         2861    .ARM.Collect$$libinit$$0000001B  c_p.l(libinit2.o)
    0x00000158   0x00000158   0x00000000   Code   RO         2863    .ARM.Collect$$libinit$$0000001D  c_p.l(libinit2.o)
    0x00000158   0x00000158   0x00000000   Code   RO         2865    .ARM.Collect$$libinit$$0000001F  c_p.l(libinit2.o)
    0x00000158   0x00000158   0x00000000   Code   RO         2867    .ARM.Collect$$libinit$$00000021  c_p.l(libinit2.o)
    0x00000158   0x00000158   0x00000000   Code   RO         2869    .ARM.Collect$$libinit$$00000023  c_p.l(libinit2.o)
    0x00000158   0x00000158   0x00000000   Code   RO         2871    .ARM.Collect$$libinit$$00000025  c_p.l(libinit2.o)
    0x00000158   0x00000158   0x00000000   Code   RO         2875    .ARM.Collect$$libinit$$0000002C  c_p.l(libinit2.o)
    0x00000158   0x00000158   0x00000000   Code   RO         2877    .ARM.Collect$$libinit$$0000002E  c_p.l(libinit2.o)
    0x00000158   0x00000158   0x00000000   Code   RO         2879    .ARM.Collect$$libinit$$00000030  c_p.l(libinit2.o)
    0x00000158   0x00000158   0x00000000   Code   RO         2881    .ARM.Collect$$libinit$$00000032  c_p.l(libinit2.o)
    0x00000158   0x00000158   0x00000002   Code   RO         2882    .ARM.Collect$$libinit$$00000033  c_p.l(libinit2.o)
    0x0000015a   0x0000015a   0x00000002   Code   RO         3038    .ARM.Collect$$libshutdown$$00000000  c_p.l(libshutdown.o)
    0x0000015c   0x0000015c   0x00000000   Code   RO         2998    .ARM.Collect$$libshutdown$$00000002  c_p.l(libshutdown2.o)
    0x0000015c   0x0000015c   0x00000000   Code   RO         3000    .ARM.Collect$$libshutdown$$00000004  c_p.l(libshutdown2.o)
    0x0000015c   0x0000015c   0x00000000   Code   RO         3003    .ARM.Collect$$libshutdown$$00000007  c_p.l(libshutdown2.o)
    0x0000015c   0x0000015c   0x00000000   Code   RO         3006    .ARM.Collect$$libshutdown$$0000000A  c_p.l(libshutdown2.o)
    0x0000015c   0x0000015c   0x00000000   Code   RO         3008    .ARM.Collect$$libshutdown$$0000000C  c_p.l(libshutdown2.o)
    0x0000015c   0x0000015c   0x00000000   Code   RO         3011    .ARM.Collect$$libshutdown$$0000000F  c_p.l(libshutdown2.o)
    0x0000015c   0x0000015c   0x00000002   Code   RO         3012    .ARM.Collect$$libshutdown$$00000010  c_p.l(libshutdown2.o)
    0x0000015e   0x0000015e   0x00000000   Code   RO         2791    .ARM.Collect$$rtentry$$00000000  c_p.l(__rtentry.o)
    0x0000015e   0x0000015e   0x00000000   Code   RO         2890    .ARM.Collect$$rtentry$$00000002  c_p.l(__rtentry2.o)
    0x0000015e   0x0000015e   0x00000006   Code   RO         2902    .ARM.Collect$$rtentry$$00000004  c_p.l(__rtentry4.o)
    0x00000164   0x00000164   0x00000000   Code   RO         2892    .ARM.Collect$$rtentry$$00000009  c_p.l(__rtentry2.o)
    0x00000164   0x00000164   0x00000004   Code   RO         2893    .ARM.Collect$$rtentry$$0000000A  c_p.l(__rtentry2.o)
    0x00000168   0x00000168   0x00000000   Code   RO         2895    .ARM.Collect$$rtentry$$0000000C  c_p.l(__rtentry2.o)
    0x00000168   0x00000168   0x00000008   Code   RO         2896    .ARM.Collect$$rtentry$$0000000D  c_p.l(__rtentry2.o)
    0x00000170   0x00000170   0x00000002   Code   RO         2985    .ARM.Collect$$rtexit$$00000000  c_p.l(rtexit.o)
    0x00000172   0x00000172   0x00000000   Code   RO         3014    .ARM.Collect$$rtexit$$00000002  c_p.l(rtexit2.o)
    0x00000172   0x00000172   0x00000004   Code   RO         3015    .ARM.Collect$$rtexit$$00000003  c_p.l(rtexit2.o)
    0x00000176   0x00000176   0x00000006   Code   RO         3016    .ARM.Collect$$rtexit$$00000004  c_p.l(rtexit2.o)
    0x0000017c   0x0000017c   0x0000001c   Code   RO         1243    .emb_text           retarget.o
    0x00000198   0x00000198   0x00000038   Code   RO         2766    .emb_text           c_p.l(rt_memcpy.o)
    0x000001d0   0x000001d0   0x00000078   Code   RO          268  * .text               startup_nano103.o
    0x00000248   0x00000248   0x0000001c   Code   RO         2712    .text               c_p.l(noretval__2printf.o)
    0x00000264   0x00000264   0x0000006c   Code   RO         2718    .text               c_p.l(_printf_dec.o)
    0x000002d0   0x000002d0   0x00000058   Code   RO         2723    .text               c_p.l(_printf_hex_int.o)
    0x00000328   0x00000328   0x00000138   Code   RO         2753    .text               c_p.l(__printf_flags_wp.o)
    0x00000460   0x00000460   0x0000015a   Code   RO         2770    .text               c_p.l(aeabi_sdiv.o)
    0x000005ba   0x000005ba   0x00000006   Code   RO         2774    .text               c_p.l(heapauxi.o)
    0x000005c0   0x000005c0   0x000000b0   Code   RO         2825    .text               c_p.l(_printf_intcommon.o)
    0x00000670   0x00000670   0x00000028   Code   RO         2831    .text               c_p.l(_printf_char_file.o)
    0x00000698   0x00000698   0x00000028   Code   RO         2834    .text               c_p.l(rtudiv10.o)
    0x000006c0   0x000006c0   0x00000008   Code   RO         2886    .text               c_p.l(libspace.o)
    0x000006c8   0x000006c8   0x00000030   Code   RO         2921    .text               c_p.l(_printf_char_common.o)
    0x000006f8   0x000006f8   0x00000002   Code   RO         2948    .text               c_p.l(use_no_semi.o)
    0x000006fa   0x000006fa   0x00000000   Code   RO         2950    .text               c_p.l(indicate_semi.o)
    0x000006fa   0x000006fa   0x0000003e   Code   RO         2951    .text               c_p.l(sys_stackheap_outer.o)
    0x00000738   0x00000738   0x00000010   Code   RO         2960    .text               c_p.l(exit.o)
    0x00000748   0x00000748   0x0000000c   Code   RO         2982    .text               c_p.l(sys_exit.o)
    0x00000754   0x00000754   0x0000001c   Code   RO          374    i.CLK_EnableModuleClock  clk.o
    0x00000770   0x00000770   0x00000010   Code   RO          377    i.CLK_EnableXtalRC  clk.o
    0x00000780   0x00000780   0x00000010   Code   RO          378    i.CLK_GetCPUFreq    clk.o
    0x00000790   0x00000790   0x00000010   Code   RO          379    i.CLK_GetHCLKFreq   clk.o
    0x000007a0   0x000007a0   0x00000014   Code   RO          380    i.CLK_GetHXTFreq    clk.o
    0x000007b4   0x000007b4   0x00000018   Code   RO          381    i.CLK_GetLXTFreq    clk.o
    0x000007cc   0x000007cc   0x00000038   Code   RO          382    i.CLK_GetPCLK0Freq  clk.o
    0x00000804   0x00000804   0x00000038   Code   RO          383    i.CLK_GetPCLK1Freq  clk.o
    0x0000083c   0x0000083c   0x00000064   Code   RO          384    i.CLK_GetPLLClockFreq  clk.o
    0x000008a0   0x000008a0   0x00000024   Code   RO          388    i.CLK_SetHCLK       clk.o
    0x000008c4   0x000008c4   0x00000050   Code   RO          389    i.CLK_SetModuleClock  clk.o
    0x00000914   0x00000914   0x00000024   Code   RO          392    i.CLK_SysTickDelay  clk.o
    0x00000938   0x00000938   0x0000002c   Code   RO          393    i.CLK_WaitClockReady  clk.o
    0x00000964   0x00000964   0x0000000e   Code   RO          188    i.CameraDelay       portable.o
    0x00000972   0x00000972   0x00000002   PAD
    0x00000974   0x00000974   0x00000028   Code   RO          189    i.CameraUartRead    portable.o
    0x0000099c   0x0000099c   0x00000014   Code   RO          190    i.CameraUartWrite   portable.o
    0x000009b0   0x000009b0   0x0000008c   Code   RO         2275    i.ClkSetup          user_lib.o
    0x00000a3c   0x00000a3c   0x00000038   Code   RO         2276    i.DelayUs           user_lib.o
    0x00000a74   0x00000a74   0x00000030   Code   RO         2051    i.FIFO_ByteIn       fifo.o
    0x00000aa4   0x00000aa4   0x000000a4   Code   RO         2053    i.FIFO_CmdCheck     fifo.o
    0x00000b48   0x00000b48   0x00000054   Code   RO         2056    i.FIFO_New          fifo.o
    0x00000b9c   0x00000b9c   0x00000016   Code   RO         2057    i.FIFO_ReadData     fifo.o
    0x00000bb2   0x00000bb2   0x0000000a   Code   RO         2058    i.FIFO_Rst          fifo.o
    0x00000bbc   0x00000bbc   0x00000030   Code   RO         2059    i.FIFO_WaitData     fifo.o
    0x00000bec   0x00000bec   0x00000048   Code   RO         2151    i.GPABC_IRQHandler  irq.o
    0x00000c34   0x00000c34   0x0000001a   Code   RO          721    i.GPIO_EnableInt    gpio.o
    0x00000c4e   0x00000c4e   0x00000028   Code   RO          722    i.GPIO_SetMode      gpio.o
    0x00000c76   0x00000c76   0x00000002   PAD
    0x00000c78   0x00000c78   0x000000a4   Code   RO         2278    i.GpioSetup         user_lib.o
    0x00000d1c   0x00000d1c   0x00000028   Code   RO         1245    i.Hard_Fault_Handler  retarget.o
    0x00000d44   0x00000d44   0x00000014   Code   RO         2152    i.NVIC_Init         irq.o
    0x00000d58   0x00000d58   0x000000f4   Code   RO         2535    i.OV528_GetPacket   cj_ov528.o
    0x00000e4c   0x00000e4c   0x000000cc   Code   RO         2536    i.OV528_GetPictue   cj_ov528.o
    0x00000f18   0x00000f18   0x0000007c   Code   RO         2537    i.OV528_Init        cj_ov528.o
    0x00000f94   0x00000f94   0x00000022   Code   RO         2538    i.OV528_New         cj_ov528.o
    0x00000fb6   0x00000fb6   0x00000002   PAD
    0x00000fb8   0x00000fb8   0x0000006c   Code   RO         2540    i.OV528_SNYC        cj_ov528.o
    0x00001024   0x00001024   0x00000078   Code   RO         2542    i.OV528_SetPacketSize  cj_ov528.o
    0x0000109c   0x0000109c   0x0000007c   Code   RO         2543    i.OV528_Snapshout   cj_ov528.o
    0x00001118   0x00001118   0x0000004c   Code   RO         2279    i.PinSetup          user_lib.o
    0x00001164   0x00001164   0x00000020   Code   RO         1248    i.SendChar_ToUART   retarget.o
    0x00001184   0x00001184   0x00000074   Code   RO          223    i.SysGet_HCLKFreq   system_nano103.o
    0x000011f8   0x000011f8   0x00000064   Code   RO          224    i.SysGet_PLLClockFreq  system_nano103.o
    0x0000125c   0x0000125c   0x00000020   Code   RO          225    i.SystemCoreClockUpdate  system_nano103.o
    0x0000127c   0x0000127c   0x00000044   Code   RO          226    i.SystemInit        system_nano103.o
    0x000012c0   0x000012c0   0x0000000c   Code   RO         2153    i.TMR0_IRQHandler   irq.o
    0x000012cc   0x000012cc   0x0000004c   Code   RO         2154    i.UART1_IRQHandler  irq.o
    0x00001318   0x00001318   0x0000003e   Code   RO         1909    i.UART_ClearIntFlag  uart.o
    0x00001356   0x00001356   0x00000008   Code   RO         1914    i.UART_EnableInt    uart.o
    0x0000135e   0x0000135e   0x00000002   PAD
    0x00001360   0x00001360   0x00000050   Code   RO         1915    i.UART_Open         uart.o
    0x000013b0   0x000013b0   0x0000002c   Code   RO         1916    i.UART_Read         uart.o
    0x000013dc   0x000013dc   0x00000014   Code   RO         1921    i.UART_SetTimeoutCnt  uart.o
    0x000013f0   0x000013f0   0x0000002c   Code   RO         1922    i.UART_Write        uart.o
    0x0000141c   0x0000141c   0x00000140   Code   RO         2283    i.UartSetup         user_lib.o
    0x0000155c   0x0000155c   0x00000094   Code   RO         1923    i._UART_GetUartClk  uart.o
    0x000015f0   0x000015f0   0x0000000e   Code   RO         2751    i._is_digit         c_p.l(__printf_wp.o)
    0x000015fe   0x000015fe   0x00000006   Code   RO         1250    i.ferror            retarget.o
    0x00001604   0x00001604   0x0000000c   Code   RO         1252    i.fputc             retarget.o
    0x00001610   0x00001610   0x000000ec   Code   RO            3    i.main              main.o
    0x000016fc   0x000016fc   0x000000a8   Code   RO         1254    i.stackDump         retarget.o
    0x000017a4   0x000017a4   0x00000098   Code   RO         2603    i.vMemAlloc         vmemalloc.o
    0x0000183c   0x0000183c   0x0000004c   Code   RO         2606    i.vMemInit          vmemalloc.o
    0x00001888   0x00001888   0x00000040   Data   RO          394    .constdata          clk.o
    0x000018c8   0x000018c8   0x00000028   Data   RO         2724    .constdata          c_p.l(_printf_hex_int.o)
    0x000018f0   0x000018f0   0x00000011   Data   RO         2754    .constdata          c_p.l(__printf_flags_wp.o)
    0x00001901   0x00001901   0x00000003   PAD
    0x00001904   0x00001904   0x00000020   Data   RO         3039    Region$$Table       anon$$obj.o


    Execution Region ER_RW (Exec base: 0x20000000, Load base: 0x00001924, Size: 0x00000030, Max: 0xffffffff, ABSOLUTE)

    Exec Addr    Load Addr    Size         Type   Attr      Idx    E Section Name        Object

    0x20000000   0x00001924   0x00000002   Data   RW            7    .data               main.o
    0x20000002   0x00001926   0x00000002   PAD
    0x20000004   0x00001928   0x00000008   Data   RW          227    .data               system_nano103.o
    0x2000000c   0x00001930   0x00000004   Data   RW         1255    .data               retarget.o
    0x20000010   0x00001934   0x00000004   Data   RW         2060    .data               fifo.o
    0x20000014   0x00001938   0x00000001   Data   RW         2285    .data               user_lib.o
    0x20000015   0x00001939   0x00000001   Data   RW         2286    .data               user_lib.o
    0x20000016   0x0000193a   0x00000001   Data   RW         2287    .data               user_lib.o
    0x20000017   0x0000193b   0x00000001   PAD
    0x20000018   0x0000193c   0x00000004   Data   RW         2288    .data               user_lib.o
    0x2000001c   0x00001940   0x00000004   Data   RW         2290    .data               user_lib.o
    0x20000020   0x00001944   0x00000010   Data   RW         2609    .data               vmemalloc.o


    Execution Region ER_ZI (Exec base: 0x20000030, Load base: 0x00001954, Size: 0x00001600, Max: 0xffffffff, ABSOLUTE)

    Exec Addr    Load Addr    Size         Type   Attr      Idx    E Section Name        Object

    0x20000030        -       0x000003e8   Zero   RW            4    .bss                main.o
    0x20000418        -       0x00000bb8   Zero   RW         2608    .bss                vmemalloc.o
    0x20000fd0        -       0x00000060   Zero   RW         2887    .bss                c_p.l(libspace.o)
    0x20001030        -       0x00000200   Zero   RW          266    HEAP                startup_nano103.o
    0x20001230        -       0x00000400   Zero   RW          265    STACK               startup_nano103.o


==============================================================================

Image component sizes


      Code (inc. data)   RO Data    RW Data    ZI Data      Debug   Object Name

       958         96          0          0          0       8306   cj_ov528.o
       528        112         64          0          0       7537   clk.o
       376         34          0          4          0       6979   fifo.o
         0          0          0          0          0     123812   fmc.o
        66          0          0          0          0       1520   gpio.o
       180         34          0          0          0      10648   irq.o
       236         44          0          2       1000     152107   main.o
        74         14          0          0          0       1881   portable.o
       286        132          0          4          0       4991   retarget.o
       120         58        192          0       1536        696   startup_nano103.o
       316         88          0          8          0       2867   system_nano103.o
       406         40          0          0          0       5050   uart.o
       756        208          0         11          0       7913   user_lib.o
       228         20          0         16       3000       2368   vmemalloc.o

    ----------------------------------------------------------------------
      4538        880        288         48       5536     336675   Object Totals
         0          0         32          0          0          0   (incl. Generated)
         8          0          0          3          0          0   (incl. Padding)

    ----------------------------------------------------------------------

      Code (inc. data)   RO Data    RW Data    ZI Data      Debug   Library Member Name

         8          0          0          0          0         68   __main.o
       312          6         17          0          0         76   __printf_flags_wp.o
        14          0          0          0          0         60   __printf_wp.o
         0          0          0          0          0          0   __rtentry.o
        12          0          0          0          0          0   __rtentry2.o
         6          0          0          0          0          0   __rtentry4.o
        60          8          0          0          0          0   __scatter.o
        26          0          0          0          0          0   __scatter_copy.o
        28          0          0          0          0          0   __scatter_zi.o
        48          6          0          0          0         88   _printf_char_common.o
        40          6          0          0          0         72   _printf_char_file.o
        10          0          0          0          0          0   _printf_d.o
       108         18          0          0          0         76   _printf_dec.o
        88          4         40          0          0         72   _printf_hex_int.o
       176          0          0          0          0         84   _printf_intcommon.o
         2          0          0          0          0          0   _printf_percent.o
         4          0          0          0          0          0   _printf_percent_end.o
        10          0          0          0          0          0   _printf_x.o
       346          0          0          0          0         92   aeabi_sdiv.o
        16          0          0          0          0         68   exit.o
         6          0          0          0          0        136   heapauxi.o
         0          0          0          0          0          0   indicate_semi.o
         2          0          0          0          0          0   libinit.o
         2          0          0          0          0          0   libinit2.o
         2          0          0          0          0          0   libshutdown.o
         2          0          0          0          0          0   libshutdown2.o
         8          4          0          0         96         68   libspace.o
        28          6          0          0          0         84   noretval__2printf.o
        56          0          0          0          0         68   rt_memcpy.o
         2          0          0          0          0          0   rtexit.o
        10          0          0          0          0          0   rtexit2.o
        40          0          0          0          0         60   rtudiv10.o
        12          4          0          0          0         60   sys_exit.o
        62          0          0          0          0         80   sys_stackheap_outer.o
         2          0          0          0          0         68   use_no_semi.o

    ----------------------------------------------------------------------
      1550         62         60          0         96       1380   Library Totals
         2          0          3          0          0          0   (incl. Padding)

    ----------------------------------------------------------------------

      Code (inc. data)   RO Data    RW Data    ZI Data      Debug   Library Name

      1548         62         57          0         96       1380   c_p.l

    ----------------------------------------------------------------------
      1550         62         60          0         96       1380   Library Totals

    ----------------------------------------------------------------------

==============================================================================


      Code (inc. data)   RO Data    RW Data    ZI Data      Debug   

      6088        942        348         48       5632     334991   Grand Totals
      6088        942        348         48       5632     334991   ELF Image Totals
      6088        942        348         48          0          0   ROM Totals

==============================================================================

    Total RO  Size (Code + RO Data)                 6436 (   6.29kB)
    Total RW  Size (RW Data + ZI Data)              5680 (   5.55kB)
    Total ROM Size (Code + RO Data + RW Data)       6484 (   6.33kB)

==============================================================================

